Archive member included to satisfy reference by file (symbol)

/home/emanuele/st/stm32cubeide_2.1.1/plugins/com.st.stm32cube.ide.mcu.externaltools.gnu-tools-for-stm32.14.3.rel1.linux64_1.0.100.202602081740/tools/bin/../lib/gcc/arm-none-eabi/14.3.1/../../../../arm-none-eabi/lib/thumb/v7e-m+fp/hard/libc_nano.a(libc_a-exit.o)
                              /home/emanuele/st/stm32cubeide_2.1.1/plugins/com.st.stm32cube.ide.mcu.externaltools.gnu-tools-for-stm32.14.3.rel1.linux64_1.0.100.202602081740/tools/bin/../lib/gcc/arm-none-eabi/14.3.1/../../../../arm-none-eabi/lib/thumb/v7e-m+fp/hard/crt0.o (exit)
/home/emanuele/st/stm32cubeide_2.1.1/plugins/com.st.stm32cube.ide.mcu.externaltools.gnu-tools-for-stm32.14.3.rel1.linux64_1.0.100.202602081740/tools/bin/../lib/gcc/arm-none-eabi/14.3.1/../../../../arm-none-eabi/lib/thumb/v7e-m+fp/hard/libc_nano.a(libc_a-findfp.o)
                              ./Middlewares/Third_Party/FreeRTOS/Source/tasks.o (__sf)
/home/emanuele/st/stm32cubeide_2.1.1/plugins/com.st.stm32cube.ide.mcu.externaltools.gnu-tools-for-stm32.14.3.rel1.linux64_1.0.100.202602081740/tools/bin/../lib/gcc/arm-none-eabi/14.3.1/../../../../arm-none-eabi/lib/thumb/v7e-m+fp/hard/libc_nano.a(libc_a-fwalk.o)
                              /home/emanuele/st/stm32cubeide_2.1.1/plugins/com.st.stm32cube.ide.mcu.externaltools.gnu-tools-for-stm32.14.3.rel1.linux64_1.0.100.202602081740/tools/bin/../lib/gcc/arm-none-eabi/14.3.1/../../../../arm-none-eabi/lib/thumb/v7e-m+fp/hard/libc_nano.a(libc_a-findfp.o) (_fwalk_sglue)
/home/emanuele/st/stm32cubeide_2.1.1/plugins/com.st.stm32cube.ide.mcu.externaltools.gnu-tools-for-stm32.14.3.rel1.linux64_1.0.100.202602081740/tools/bin/../lib/gcc/arm-none-eabi/14.3.1/../../../../arm-none-eabi/lib/thumb/v7e-m+fp/hard/libc_nano.a(libc_a-stdio.o)
                              /home/emanuele/st/stm32cubeide_2.1.1/plugins/com.st.stm32cube.ide.mcu.externaltools.gnu-tools-for-stm32.14.3.rel1.linux64_1.0.100.202602081740/tools/bin/../lib/gcc/arm-none-eabi/14.3.1/../../../../arm-none-eabi/lib/thumb/v7e-m+fp/hard/libc_nano.a(libc_a-findfp.o) (__sread)
/home/emanuele/st/stm32cubeide_2.1.1/plugins/com.st.stm32cube.ide.mcu.externaltools.gnu-tools-for-stm32.14.3.rel1.linux64_1.0.100.202602081740/tools/bin/../lib/gcc/arm-none-eabi/14.3.1/../../../../arm-none-eabi/lib/thumb/v7e-m+fp/hard/libc_nano.a(libc_a-memset.o)
                              /home/emanuele/st/stm32cubeide_2.1.1/plugins/com.st.stm32cube.ide.mcu.externaltools.gnu-tools-for-stm32.14.3.rel1.linux64_1.0.100.202602081740/tools/bin/../lib/gcc/arm-none-eabi/14.3.1/../../../../arm-none-eabi/lib/thumb/v7e-m+fp/hard/crt0.o (memset)
/home/emanuele/st/stm32cubeide_2.1.1/plugins/com.st.stm32cube.ide.mcu.externaltools.gnu-tools-for-stm32.14.3.rel1.linux64_1.0.100.202602081740/tools/bin/../lib/gcc/arm-none-eabi/14.3.1/../../../../arm-none-eabi/lib/thumb/v7e-m+fp/hard/libc_nano.a(libc_a-closer.o)
                              /home/emanuele/st/stm32cubeide_2.1.1/plugins/com.st.stm32cube.ide.mcu.externaltools.gnu-tools-for-stm32.14.3.rel1.linux64_1.0.100.202602081740/tools/bin/../lib/gcc/arm-none-eabi/14.3.1/../../../../arm-none-eabi/lib/thumb/v7e-m+fp/hard/libc_nano.a(libc_a-stdio.o) (_close_r)
/home/emanuele/st/stm32cubeide_2.1.1/plugins/com.st.stm32cube.ide.mcu.externaltools.gnu-tools-for-stm32.14.3.rel1.linux64_1.0.100.202602081740/tools/bin/../lib/gcc/arm-none-eabi/14.3.1/../../../../arm-none-eabi/lib/thumb/v7e-m+fp/hard/libc_nano.a(libc_a-reent.o)
                              ./Middlewares/Third_Party/FreeRTOS/Source/tasks.o (_reclaim_reent)
/home/emanuele/st/stm32cubeide_2.1.1/plugins/com.st.stm32cube.ide.mcu.externaltools.gnu-tools-for-stm32.14.3.rel1.linux64_1.0.100.202602081740/tools/bin/../lib/gcc/arm-none-eabi/14.3.1/../../../../arm-none-eabi/lib/thumb/v7e-m+fp/hard/libc_nano.a(libc_a-impure.o)
                              ./Middlewares/Third_Party/FreeRTOS/Source/tasks.o (_impure_ptr)
/home/emanuele/st/stm32cubeide_2.1.1/plugins/com.st.stm32cube.ide.mcu.externaltools.gnu-tools-for-stm32.14.3.rel1.linux64_1.0.100.202602081740/tools/bin/../lib/gcc/arm-none-eabi/14.3.1/../../../../arm-none-eabi/lib/thumb/v7e-m+fp/hard/libc_nano.a(libc_a-lseekr.o)
                              /home/emanuele/st/stm32cubeide_2.1.1/plugins/com.st.stm32cube.ide.mcu.externaltools.gnu-tools-for-stm32.14.3.rel1.linux64_1.0.100.202602081740/tools/bin/../lib/gcc/arm-none-eabi/14.3.1/../../../../arm-none-eabi/lib/thumb/v7e-m+fp/hard/libc_nano.a(libc_a-stdio.o) (_lseek_r)
/home/emanuele/st/stm32cubeide_2.1.1/plugins/com.st.stm32cube.ide.mcu.externaltools.gnu-tools-for-stm32.14.3.rel1.linux64_1.0.100.202602081740/tools/bin/../lib/gcc/arm-none-eabi/14.3.1/../../../../arm-none-eabi/lib/thumb/v7e-m+fp/hard/libc_nano.a(libc_a-readr.o)
[...]
Memory Configuration

Name             Origin             Length             Attributes
RAM              0x20000000         0x00050000         xrw
FLASH            0x08000000         0x00080000         xr
*default*        0x00000000         0xffffffff

Linker script and memory map

LOAD /home/emanuele/st/stm32cubeide_2.1.1/plugins/com.st.stm32cube.ide.mcu.externaltools.gnu-tools-for-stm32.14.3.rel1.linux64_1.0.100.202602081740/tools/bin/../lib/gcc/arm-none-eabi/14.3.1/thumb/v7e-m+fp/hard/crti.o
LOAD /home/emanuele/st/stm32cubeide_2.1.1/plugins/com.st.stm32cube.ide.mcu.externaltools.gnu-tools-for-stm32.14.3.rel1.linux64_1.0.100.202602081740/tools/bin/../lib/gcc/arm-none-eabi/14.3.1/thumb/v7e-m+fp/hard/crtbegin.o
LOAD /home/emanuele/st/stm32cubeide_2.1.1/plugins/com.st.stm32cube.ide.mcu.externaltools.gnu-tools-for-stm32.14.3.rel1.linux64_1.0.100.202602081740/tools/bin/../lib/gcc/arm-none-eabi/14.3.1/../../../../arm-none-eabi/lib/thumb/v7e-m+fp/hard/crt0.o
LOAD ./Drivers/STM32L4xx_HAL_Driver/Src/stm32l4xx_hal.o
LOAD ./Drivers/STM32L4xx_HAL_Driver/Src/stm32l4xx_hal_adc.o
LOAD ./Drivers/STM32L4xx_HAL_Driver/Src/stm32l4xx_hal_adc_ex.o
LOAD ./Drivers/STM32L4xx_HAL_Driver/Src/stm32l4xx_hal_comp.o
LOAD ./Drivers/STM32L4xx_HAL_Driver/Src/stm32l4xx_hal_cortex.o
LOAD ./Drivers/STM32L4xx_HAL_Driver/Src/stm32l4xx_hal_dac.o
LOAD ./Drivers/STM32L4xx_HAL_Driver/Src/stm32l4xx_hal_dac_ex.o
LOAD ./Drivers/STM32L4xx_HAL_Driver/Src/stm32l4xx_hal_dma.o
LOAD ./Drivers/STM32L4xx_HAL_Driver/Src/stm32l4xx_hal_dma_ex.o
LOAD ./Drivers/STM32L4xx_HAL_Driver/Src/stm32l4xx_hal_exti.o
LOAD ./Drivers/STM32L4xx_HAL_Driver/Src/stm32l4xx_hal_flash.o
LOAD ./Drivers/STM32L4xx_HAL_Driver/Src/stm32l4xx_hal_flash_ex.o
LOAD ./Drivers/STM32L4xx_HAL_Driver/Src/stm32l4xx_hal_flash_ramfunc.o
LOAD ./Drivers/STM32L4xx_HAL_Driver/Src/stm32l4xx_hal_gpio.o
LOAD ./Drivers/STM32L4xx_HAL_Driver/Src/stm32l4xx_hal_i2c.o
LOAD ./Drivers/STM32L4xx_HAL_Driver/Src/stm32l4xx_hal_i2c_ex.o
LOAD ./Drivers/STM32L4xx_HAL_Driver/Src/stm32l4xx_hal_lcd.o
LOAD ./Drivers/STM32L4xx_HAL_Driver/Src/stm32l4xx_hal_opamp.o
LOAD ./Drivers/STM32L4xx_HAL_Driver/Src/stm32l4xx_hal_opamp_ex.o
LOAD ./Drivers/STM32L4xx_HAL_Driver/Src/stm32l4xx_hal_pwr.o
LOAD ./Drivers/STM32L4xx_HAL_Driver/Src/stm32l4xx_hal_pwr_ex.o
LOAD ./Drivers/STM32L4xx_HAL_Driver/Src/stm32l4xx_hal_rcc.o
LOAD ./Drivers/STM32L4xx_HAL_Driver/Src/stm32l4xx_hal_rcc_ex.o
LOAD ./Drivers/STM32L4xx_HAL_Driver/Src/stm32l4xx_hal_tim.o
LOAD ./Drivers/STM32L4xx_HAL_Driver/Src/stm32l4xx_hal_tim_ex.o
LOAD ./Drivers/STM32L4xx_HAL_Driver/Src/stm32l4xx_ll_exti.o
LOAD ./Drivers/STM32L4xx_HAL_Driver/Src/stm32l4xx_ll_gpio.o
LOAD ./Drivers/STM32L4xx_HAL_Driver/Src/stm32l4xx_ll_utils.o
LOAD ./Middlewares/Third_Party/FreeRTOS/Source/CMSIS_RTOS_V2/cmsis_os2.o
LOAD ./Middlewares/Third_Party/FreeRTOS/Source/croutine.o
LOAD ./Middlewares/Third_Party/FreeRTOS/Source/event_groups.o
LOAD ./Middlewares/Third_Party/FreeRTOS/Source/list.o
LOAD ./Middlewares/Third_Party/FreeRTOS/Source/queue.o
LOAD ./Middlewares/Third_Party/FreeRTOS/Source/stream_buffer.o
LOAD ./Middlewares/Third_Party/FreeRTOS/Source/tasks.o
LOAD ./Middlewares/Third_Party/FreeRTOS/Source/timers.o
LOAD ./Middlewares/Third_Party/FreeRTOS/Source/portable/GCC/ARM_CM4F/port.o
LOAD ./Middlewares/Third_Party/FreeRTOS/Source/portable/MemMang/heap_4.o
LOAD ./Src/acquisition.o
LOAD ./Src/application.o
LOAD ./Src/display.o
LOAD ./Src/freertos.o
LOAD ./Src/io.o
LOAD ./Src/lookup.o
LOAD ./Src/main.o
LOAD ./Src/stm32l4xx_hal_msp.o
LOAD ./Src/stm32l4xx_hal_timebase_tim.o
LOAD ./Src/stm32l4xx_it.o
LOAD ./Src/syscalls.o
LOAD ./Src/sysmem.o
LOAD ./Src/system_stm32l4xx.o
LOAD ./Startup/startup_stm32l496vetx.o
START GROUP
LOAD /home/emanuele/st/stm32cubeide_2.1.1/plugins/com.st.stm32cube.ide.mcu.externaltools.gnu-tools-for-stm32.14.3.rel1.linux64_1.0.100.202602081740/tools/bin/../lib/gcc/arm-none-eabi/14.3.1/../../../../arm-none-eabi/lib/thumb/v7e-m+fp/hard/libc_nano.a
LOAD /home/emanuele/st/stm32cubeide_2.1.1/plugins/com.st.stm32cube.ide.mcu.externaltools.gnu-tools-for-stm32.14.3.rel1.linux64_1.0.100.202602081740/tools/bin/../lib/gcc/arm-none-eabi/14.3.1/../../../../arm-none-eabi/lib/thumb/v7e-m+fp/hard/libm.a
END GROUP
START GROUP
LOAD /home/emanuele/st/stm32cubeide_2.1.1/plugins/com.st.stm32cube.ide.mcu.externaltools.gnu-tools-for-stm32.14.3.rel1.linux64_1.0.100.202602081740/tools/bin/../lib/gcc/arm-none-eabi/14.3.1/thumb/v7e-m+fp/hard/libgcc.a
LOAD /home/emanuele/st/stm32cubeide_2.1.1/plugins/com.st.stm32cube.ide.mcu.externaltools.gnu-tools-for-stm32.14.3.rel1.linux64_1.0.100.202602081740/tools/bin/../lib/gcc/arm-none-eabi/14.3.1/../../../../arm-none-eabi/lib/thumb/v7e-m+fp/hard/libc_nano.a
END GROUP
START GROUP
LOAD /home/emanuele/st/stm32cubeide_2.1.1/plugins/com.st.stm32cube.ide.mcu.externaltools.gnu-tools-for-stm32.14.3.rel1.linux64_1.0.100.202602081740/tools/bin/../lib/gcc/arm-none-eabi/14.3.1/thumb/v7e-m+fp/hard/libgcc.a
LOAD /home/emanuele/st/stm32cubeide_2.1.1/plugins/com.st.stm32cube.ide.mcu.externaltools.gnu-tools-for-stm32.14.3.rel1.linux64_1.0.100.202602081740/tools/bin/../lib/gcc/arm-none-eabi/14.3.1/../../../../arm-none-eabi/lib/thumb/v7e-m+fp/hard/libc_nano.a
LOAD /home/emanuele/st/stm32cubeide_2.1.1/plugins/com.st.stm32cube.ide.mcu.externaltools.gnu-tools-for-stm32.14.3.rel1.linux64_1.0.100.202602081740/tools/bin/../lib/gcc/arm-none-eabi/14.3.1/../../../../arm-none-eabi/lib/thumb/v7e-m+fp/hard/libnosys.a
END GROUP
START GROUP
LOAD /home/emanuele/st/stm32cubeide_2.1.1/plugins/com.st.stm32cube.ide.mcu.externaltools.gnu-tools-for-stm32.14.3.rel1.linux64_1.0.100.202602081740/tools/bin/../lib/gcc/arm-none-eabi/14.3.1/thumb/v7e-m+fp/hard/libgcc.a
LOAD /home/emanuele/st/stm32cubeide_2.1.1/plugins/com.st.stm32cube.ide.mcu.externaltools.gnu-tools-for-stm32.14.3.rel1.linux64_1.0.100.202602081740/tools/bin/../lib/gcc/arm-none-eabi/14.3.1/../../../../arm-none-eabi/lib/thumb/v7e-m+fp/hard/libc_nano.a
LOAD /home/emanuele/st/stm32cubeide_2.1.1/plugins/com.st.stm32cube.ide.mcu.externaltools.gnu-tools-for-stm32.14.3.rel1.linux64_1.0.100.202602081740/tools/bin/../lib/gcc/arm-none-eabi/14.3.1/../../../../arm-none-eabi/lib/thumb/v7e-m+fp/hard/libnosys.a
END GROUP
LOAD /home/emanuele/st/stm32cubeide_2.1.1/plugins/com.st.stm32cube.ide.mcu.externaltools.gnu-tools-for-stm32.14.3.rel1.linux64_1.0.100.202602081740/tools/bin/../lib/gcc/arm-none-eabi/14.3.1/thumb/v7e-m+fp/hard/crtend.o
LOAD /home/emanuele/st/stm32cubeide_2.1.1/plugins/com.st.stm32cube.ide.mcu.externaltools.gnu-tools-for-stm32.14.3.rel1.linux64_1.0.100.202602081740/tools/bin/../lib/gcc/arm-none-eabi/14.3.1/thumb/v7e-m+fp/hard/crtn.o
                0x20050000                        _estack = (ORIGIN (RAM) + LENGTH (RAM))
                0x00000200                        _Min_Heap_Size = 0x200
                0x00000400                        _Min_Stack_Size = 0x400

.isr_vector     0x08000000      0x1ac
                0x08000000                        . = ALIGN (0x4)
 *(.isr_vector)
 .isr_vector    0x08000000      0x1ac ./Startup/startup_stm32l496vetx.o
                0x08000000                g_pfnVectors
                0x080001ac                        . = ALIGN (0x4)

.text           0x080001b0     0x62ac
                0x080001b0                        . = ALIGN (0x4)
 *(.text)
 .text          0x080001b0       0x40 /home/emanuele/st/stm32cubeide_2.1.1/plugins/com.st.stm32cube.ide.mcu.externaltools.gnu-tools-for-stm32.14.3.rel1.linux64_1.0.100.202602081740/tools/bin/../lib/gcc/arm-none-eabi/14.3.1/thumb/v7e-m+fp/hard/crtbegin.o
 *(.text*)
 .text.HAL_Init
                0x080001f0       0x34 ./Drivers/STM32L4xx_HAL_Driver/Src/stm32l4xx_hal.o
                0x080001f0                HAL_Init
 .text.HAL_IncTick
                0x08000224       0x18 ./Drivers/STM32L4xx_HAL_Driver/Src/stm32l4xx_hal.o
                0x08000224                HAL_IncTick
 .text.HAL_GetTick
                0x0800023c        0xc ./Drivers/STM32L4xx_HAL_Driver/Src/stm32l4xx_hal.o
                0x0800023c                HAL_GetTick
 .text.HAL_Delay
                0x08000248       0x28 ./Drivers/STM32L4xx_HAL_Driver/Src/stm32l4xx_hal.o
                0x08000248                HAL_Delay
 .text.HAL_SYSCFG_VREFBUF_VoltageScalingConfig
                0x08000270       0x14 ./Drivers/STM32L4xx_HAL_Driver/Src/stm32l4xx_hal.o
                0x08000270                HAL_SYSCFG_VREFBUF_VoltageScalingConfig
 .text.HAL_SYSCFG_VREFBUF_HighImpedanceConfig
                0x08000284       0x14 ./Drivers/STM32L4xx_HAL_Driver/Src/stm32l4xx_hal.o
                0x08000284                HAL_SYSCFG_VREFBUF_HighImpedanceConfig
 .text.HAL_SYSCFG_EnableVREFBUF
                0x08000298       0x30 ./Drivers/STM32L4xx_HAL_Driver/Src/stm32l4xx_hal.o
                0x08000298                HAL_SYSCFG_EnableVREFBUF
 .text.LL_ADC_SetChannelSamplingTime
                0x080002c8       0x20 ./Drivers/STM32L4xx_HAL_Driver/Src/stm32l4xx_hal_adc.o
 .text.LL_ADC_IsEnabled
                0x080002e8        0x8 ./Drivers/STM32L4xx_HAL_Driver/Src/stm32l4xx_hal_adc.o
 .text.LL_ADC_REG_IsConversionOngoing
                0x080002f0        0x8 ./Drivers/STM32L4xx_HAL_Driver/Src/stm32l4xx_hal_adc.o
 .text.HAL_ADC_ConvHalfCpltCallback
                0x080002f8        0x2 ./Drivers/STM32L4xx_HAL_Driver/Src/stm32l4xx_hal_adc.o
                0x080002f8                HAL_ADC_ConvHalfCpltCallback
 .text.HAL_ADC_LevelOutOfWindowCallback
                0x080002fa        0x2 ./Drivers/STM32L4xx_HAL_Driver/Src/stm32l4xx_hal_adc.o
                0x080002fa                HAL_ADC_LevelOutOfWindowCallback
 .text.HAL_ADC_ErrorCallback
                0x080002fc        0x2 ./Drivers/STM32L4xx_HAL_Driver/Src/stm32l4xx_hal_adc.o
                0x080002fc                HAL_ADC_ErrorCallback
 *fill*         0x080002fe        0x2 
 .text.HAL_ADC_Init
                0x08000300      0x218 ./Drivers/STM32L4xx_HAL_Driver/Src/stm32l4xx_hal_adc.o
                0x08000300                HAL_ADC_Init
 .text.HAL_ADC_GetValue
                0x08000518        0x6 ./Drivers/STM32L4xx_HAL_Driver/Src/stm32l4xx_hal_adc.o
                0x08000518                HAL_ADC_GetValue
 *fill*         0x0800051e        0x2 
 .text.HAL_ADC_IRQHandler
                0x08000520      0x248 ./Drivers/STM32L4xx_HAL_Driver/Src/stm32l4xx_hal_adc.o
                0x08000520                HAL_ADC_IRQHandler
 .text.HAL_ADC_ConfigChannel
                0x08000768      0x38c ./Drivers/STM32L4xx_HAL_Driver/Src/stm32l4xx_hal_adc.o
                0x08000768                HAL_ADC_ConfigChannel
 .text.ADC_Enable
                0x08000af4       0xb4 ./Drivers/STM32L4xx_HAL_Driver/Src/stm32l4xx_hal_adc.o
                0x08000af4                ADC_Enable
 .text.HAL_ADC_Start_IT
                0x08000ba8      0x150 ./Drivers/STM32L4xx_HAL_Driver/Src/stm32l4xx_hal_adc.o
                0x08000ba8                HAL_ADC_Start_IT
 .text.LL_ADC_IsEnabled
                0x08000cf8        0x8 ./Drivers/STM32L4xx_HAL_Driver/Src/stm32l4xx_hal_adc_ex.o
 .text.LL_ADC_REG_IsConversionOngoing
                0x08000d00        0x8 ./Drivers/STM32L4xx_HAL_Driver/Src/stm32l4xx_hal_adc_ex.o
 .text.HAL_ADCEx_InjectedConvCpltCallback
                0x08000d08        0x2 ./Drivers/STM32L4xx_HAL_Driver/Src/stm32l4xx_hal_adc_ex.o
                0x08000d08                HAL_ADCEx_InjectedConvCpltCallback
 .text.HAL_ADCEx_InjectedQueueOverflowCallback
                0x08000d0a        0x2 ./Drivers/STM32L4xx_HAL_Driver/Src/stm32l4xx_hal_adc_ex.o
                0x08000d0a                HAL_ADCEx_InjectedQueueOverflowCallback
 .text.HAL_ADCEx_LevelOutOfWindow2Callback
                0x08000d0c        0x2 ./Drivers/STM32L4xx_HAL_Driver/Src/stm32l4xx_hal_adc_ex.o
                0x08000d0c                HAL_ADCEx_LevelOutOfWindow2Callback
 .text.HAL_ADCEx_LevelOutOfWindow3Callback
                0x08000d0e        0x2 ./Drivers/STM32L4xx_HAL_Driver/Src/stm32l4xx_hal_adc_ex.o
                0x08000d0e                HAL_ADCEx_LevelOutOfWindow3Callback
 .text.HAL_ADCEx_EndOfSamplingCallback
                0x08000d10        0x2 ./Drivers/STM32L4xx_HAL_Driver/Src/stm32l4xx_hal_adc_ex.o
                0x08000d10                HAL_ADCEx_EndOfSamplingCallback
 *fill*         0x08000d12        0x2 
 .text.HAL_ADCEx_MultiModeConfigChannel
                0x08000d14       0xe8 ./Drivers/STM32L4xx_HAL_Driver/Src/stm32l4xx_hal_adc_ex.o
                0x08000d14                HAL_ADCEx_MultiModeConfigChannel
 .text.HAL_COMP_Init
                0x08000dfc      0x130 ./Drivers/STM32L4xx_HAL_Driver/Src/stm32l4xx_hal_comp.o
                0x08000dfc                HAL_COMP_Init
 .text.HAL_NVIC_SetPriorityGrouping
                0x08000f2c       0x24 ./Drivers/STM32L4xx_HAL_Driver/Src/stm32l4xx_hal_cortex.o
                0x08000f2c                HAL_NVIC_SetPriorityGrouping
 .text.HAL_NVIC_SetPriority
                0x08000f50       0x64 ./Drivers/STM32L4xx_HAL_Driver/Src/stm32l4xx_hal_cortex.o
                0x08000f50                HAL_NVIC_SetPriority
 .text.HAL_NVIC_EnableIRQ
                0x08000fb4       0x1c ./Drivers/STM32L4xx_HAL_Driver/Src/stm32l4xx_hal_cortex.o
                0x08000fb4                HAL_NVIC_EnableIRQ
 .text.HAL_DAC_Init
                0x08000fd0       0x26 ./Drivers/STM32L4xx_HAL_Driver/Src/stm32l4xx_hal_dac.o
                0x08000fd0                HAL_DAC_Init
 .text.HAL_DAC_ConfigChannel
                0x08000ff6      0x122 ./Drivers/STM32L4xx_HAL_Driver/Src/stm32l4xx_hal_dac.o
                0x08000ff6                HAL_DAC_ConfigChannel
 .text.HAL_GPIO_Init
                0x08001118      0x1ac ./Drivers/STM32L4xx_HAL_Driver/Src/stm32l4xx_hal_gpio.o
                0x08001118                HAL_GPIO_Init
 .text.HAL_GPIO_WritePin
                0x080012c4        0xa ./Drivers/STM32L4xx_HAL_Driver/Src/stm32l4xx_hal_gpio.o
                0x080012c4                HAL_GPIO_WritePin
 .text.HAL_LCD_Write
                0x080012ce       0x76 ./Drivers/STM32L4xx_HAL_Driver/Src/stm32l4xx_hal_lcd.o
                0x080012ce                HAL_LCD_Write
 .text.HAL_LCD_UpdateDisplayRequest
                0x08001344       0x44 ./Drivers/STM32L4xx_HAL_Driver/Src/stm32l4xx_hal_lcd.o
                0x08001344                HAL_LCD_UpdateDisplayRequest
 .text.LCD_WaitForSynchro
                0x08001388       0x2a ./Drivers/STM32L4xx_HAL_Driver/Src/stm32l4xx_hal_lcd.o
                0x08001388                LCD_WaitForSynchro
 .text.HAL_LCD_Init
                0x080013b2       0xf6 ./Drivers/STM32L4xx_HAL_Driver/Src/stm32l4xx_hal_lcd.o
                0x080013b2                HAL_LCD_Init
 .text.HAL_OPAMP_Init
                0x080014a8       0xf8 ./Drivers/STM32L4xx_HAL_Driver/Src/stm32l4xx_hal_opamp.o
                0x080014a8                HAL_OPAMP_Init
 .text.HAL_PWREx_GetVoltageRange
                0x080015a0       0x10 ./Drivers/STM32L4xx_HAL_Driver/Src/stm32l4xx_hal_pwr_ex.o
                0x080015a0                HAL_PWREx_GetVoltageRange
 .text.HAL_PWREx_ControlVoltageScaling
                0x080015b0       0x6c ./Drivers/STM32L4xx_HAL_Driver/Src/stm32l4xx_hal_pwr_ex.o
                0x080015b0                HAL_PWREx_ControlVoltageScaling
 .text.RCC_SetFlashLatencyFromMSIRange
                0x0800161c       0x84 ./Drivers/STM32L4xx_HAL_Driver/Src/stm32l4xx_hal_rcc.o
 .text.HAL_RCC_GetSysClockFreq
                0x080016a0       0x94 ./Drivers/STM32L4xx_HAL_Driver/Src/stm32l4xx_hal_rcc.o
                0x080016a0                HAL_RCC_GetSysClockFreq
 .text.HAL_RCC_OscConfig
                0x08001734      0x54c ./Drivers/STM32L4xx_HAL_Driver/Src/stm32l4xx_hal_rcc.o
                0x08001734                HAL_RCC_OscConfig
 .text.HAL_RCC_ClockConfig
                0x08001c80      0x154 ./Drivers/STM32L4xx_HAL_Driver/Src/stm32l4xx_hal_rcc.o
                0x08001c80                HAL_RCC_ClockConfig
 .text.HAL_RCC_GetPCLK2Freq
                0x08001dd4       0x24 ./Drivers/STM32L4xx_HAL_Driver/Src/stm32l4xx_hal_rcc.o
                0x08001dd4                HAL_RCC_GetPCLK2Freq
 .text.HAL_RCC_GetClockConfig
                0x08001df8       0x3c ./Drivers/STM32L4xx_HAL_Driver/Src/stm32l4xx_hal_rcc.o
                0x08001df8                HAL_RCC_GetClockConfig
 .text.RCCEx_PLLSAI1_Config
                0x08001e34      0x10c ./Drivers/STM32L4xx_HAL_Driver/Src/stm32l4xx_hal_rcc_ex.o
 .text.RCCEx_PLLSAI2_Config
                0x08001f40       0xf4 ./Drivers/STM32L4xx_HAL_Driver/Src/stm32l4xx_hal_rcc_ex.o
 .text.HAL_RCCEx_PeriphCLKConfig
                0x08002034      0x40c ./Drivers/STM32L4xx_HAL_Driver/Src/stm32l4xx_hal_rcc_ex.o
                0x08002034                HAL_RCCEx_PeriphCLKConfig
 .text.TIM_OC1_SetConfig
                0x08002440       0x74 ./Drivers/STM32L4xx_HAL_Driver/Src/stm32l4xx_hal_tim.o
 .text.TIM_OC3_SetConfig
                0x080024b4       0x80 ./Drivers/STM32L4xx_HAL_Driver/Src/stm32l4xx_hal_tim.o
 .text.TIM_OC4_SetConfig
                0x08002534       0x68 ./Drivers/STM32L4xx_HAL_Driver/Src/stm32l4xx_hal_tim.o
 .text.TIM_OC5_SetConfig
                0x0800259c       0x68 ./Drivers/STM32L4xx_HAL_Driver/Src/stm32l4xx_hal_tim.o
 .text.TIM_OC6_SetConfig
                0x08002604       0x68 ./Drivers/STM32L4xx_HAL_Driver/Src/stm32l4xx_hal_tim.o
 .text.HAL_TIM_PWM_MspInit
                0x0800266c        0x2 ./Drivers/STM32L4xx_HAL_Driver/Src/stm32l4xx_hal_tim.o
                0x0800266c                HAL_TIM_PWM_MspInit
 .text.HAL_TIM_PeriodElapsedHalfCpltCallback
                0x0800266e        0x2 ./Drivers/STM32L4xx_HAL_Driver/Src/stm32l4xx_hal_tim.o
                0x0800266e                HAL_TIM_PeriodElapsedHalfCpltCallback
 .text.HAL_TIM_OC_DelayElapsedCallback
                0x08002670        0x2 ./Drivers/STM32L4xx_HAL_Driver/Src/stm32l4xx_hal_tim.o
                0x08002670                HAL_TIM_OC_DelayElapsedCallback
 .text.HAL_TIM_IC_CaptureCallback
                0x08002672        0x2 ./Drivers/STM32L4xx_HAL_Driver/Src/stm32l4xx_hal_tim.o
                0x08002672                HAL_TIM_IC_CaptureCallback
 .text.HAL_TIM_IC_CaptureHalfCpltCallback
                0x08002674        0x2 ./Drivers/STM32L4xx_HAL_Driver/Src/stm32l4xx_hal_tim.o
                0x08002674                HAL_TIM_IC_CaptureHalfCpltCallback
 .text.HAL_TIM_PWM_PulseFinishedCallback
                0x08002676        0x2 ./Drivers/STM32L4xx_HAL_Driver/Src/stm32l4xx_hal_tim.o
                0x08002676                HAL_TIM_PWM_PulseFinishedCallback
 .text.HAL_TIM_PWM_PulseFinishedHalfCpltCallback
                0x08002678        0x2 ./Drivers/STM32L4xx_HAL_Driver/Src/stm32l4xx_hal_tim.o
                0x08002678                HAL_TIM_PWM_PulseFinishedHalfCpltCallback
 .text.HAL_TIM_TriggerCallback
                0x0800267a        0x2 ./Drivers/STM32L4xx_HAL_Driver/Src/stm32l4xx_hal_tim.o
                0x0800267a                HAL_TIM_TriggerCallback
 .text.HAL_TIM_TriggerHalfCpltCallback
                0x0800267c        0x2 ./Drivers/STM32L4xx_HAL_Driver/Src/stm32l4xx_hal_tim.o
                0x0800267c                HAL_TIM_TriggerHalfCpltCallback
 .text.HAL_TIM_ErrorCallback
                0x0800267e        0x2 ./Drivers/STM32L4xx_HAL_Driver/Src/stm32l4xx_hal_tim.o
                0x0800267e                HAL_TIM_ErrorCallback
 .text.HAL_TIM_Base_Start_IT
                0x08002680       0x74 ./Drivers/STM32L4xx_HAL_Driver/Src/stm32l4xx_hal_tim.o
                0x08002680                HAL_TIM_Base_Start_IT
 .text.HAL_TIM_IRQHandler
                0x080026f4      0x15a ./Drivers/STM32L4xx_HAL_Driver/Src/stm32l4xx_hal_tim.o
                0x080026f4                HAL_TIM_IRQHandler
 .text.HAL_TIM_RegisterCallback
                0x0800284e       0xe6 ./Drivers/STM32L4xx_HAL_Driver/Src/stm32l4xx_hal_tim.o
                0x0800284e                HAL_TIM_RegisterCallback
 .text.TIM_Base_SetConfig
                0x08002934       0xb0 ./Drivers/STM32L4xx_HAL_Driver/Src/stm32l4xx_hal_tim.o
                0x08002934                TIM_Base_SetConfig
 .text.TIM_OC2_SetConfig
                0x080029e4       0x80 ./Drivers/STM32L4xx_HAL_Driver/Src/stm32l4xx_hal_tim.o
                0x080029e4                TIM_OC2_SetConfig
 .text.HAL_TIM_PWM_ConfigChannel
                0x08002a64       0xf8 ./Drivers/STM32L4xx_HAL_Driver/Src/stm32l4xx_hal_tim.o
                0x08002a64                HAL_TIM_PWM_ConfigChannel
 .text.TIM_ETR_SetConfig
                0x08002b5c       0x14 ./Drivers/STM32L4xx_HAL_Driver/Src/stm32l4xx_hal_tim.o
                0x08002b5c                TIM_ETR_SetConfig
 .text.HAL_TIM_ConfigClockSource
                0x08002b70      0x134 ./Drivers/STM32L4xx_HAL_Driver/Src/stm32l4xx_hal_tim.o
                0x08002b70                HAL_TIM_ConfigClockSource
 .text.TIM_ResetCallback
                0x08002ca4       0x90 ./Drivers/STM32L4xx_HAL_Driver/Src/stm32l4xx_hal_tim.o
                0x08002ca4                TIM_ResetCallback
 .text.HAL_TIM_Base_Init
                0x08002d34       0x70 ./Drivers/STM32L4xx_HAL_Driver/Src/stm32l4xx_hal_tim.o
                0x08002d34                HAL_TIM_Base_Init
 .text.HAL_TIM_PWM_Init
                0x08002da4       0x70 ./Drivers/STM32L4xx_HAL_Driver/Src/stm32l4xx_hal_tim.o
                0x08002da4                HAL_TIM_PWM_Init
 .text.HAL_TIMEx_MasterConfigSynchronization
                0x08002e14       0x8c ./Drivers/STM32L4xx_HAL_Driver/Src/stm32l4xx_hal_tim_ex.o
                0x08002e14                HAL_TIMEx_MasterConfigSynchronization
 .text.HAL_TIMEx_ConfigBreakDeadTime
                0x08002ea0       0x84 ./Drivers/STM32L4xx_HAL_Driver/Src/stm32l4xx_hal_tim_ex.o
                0x08002ea0                HAL_TIMEx_ConfigBreakDeadTime
 .text.HAL_TIMEx_CommutCallback
                0x08002f24        0x2 ./Drivers/STM32L4xx_HAL_Driver/Src/stm32l4xx_hal_tim_ex.o
                0x08002f24                HAL_TIMEx_CommutCallback
 .text.HAL_TIMEx_CommutHalfCpltCallback
                0x08002f26        0x2 ./Drivers/STM32L4xx_HAL_Driver/Src/stm32l4xx_hal_tim_ex.o
                0x08002f26                HAL_TIMEx_CommutHalfCpltCallback
 .text.HAL_TIMEx_BreakCallback
                0x08002f28        0x2 ./Drivers/STM32L4xx_HAL_Driver/Src/stm32l4xx_hal_tim_ex.o
                0x08002f28                HAL_TIMEx_BreakCallback
 .text.HAL_TIMEx_Break2Callback
                0x08002f2a        0x2 ./Drivers/STM32L4xx_HAL_Driver/Src/stm32l4xx_hal_tim_ex.o
                0x08002f2a                HAL_TIMEx_Break2Callback
 .text.LL_GPIO_Init
                0x08002f2c      0x138 ./Drivers/STM32L4xx_HAL_Driver/Src/stm32l4xx_ll_gpio.o
                0x08002f2c                LL_GPIO_Init
 .text.SysTick_Handler
                0x08003064       0x1a ./Middlewares/Third_Party/FreeRTOS/Source/CMSIS_RTOS_V2/cmsis_os2.o
                0x08003064                SysTick_Handler
 *fill*         0x0800307e        0x2 
 .text.osKernelInitialize
                0x08003080       0x24 ./Middlewares/Third_Party/FreeRTOS/Source/CMSIS_RTOS_V2/cmsis_os2.o
                0x08003080                osKernelInitialize
 .text.osKernelStart
                0x080030a4       0x34 ./Middlewares/Third_Party/FreeRTOS/Source/CMSIS_RTOS_V2/cmsis_os2.o
                0x080030a4                osKernelStart
 .text.osThreadNew
                0x080030d8       0x88 ./Middlewares/Third_Party/FreeRTOS/Source/CMSIS_RTOS_V2/cmsis_os2.o
                0x080030d8                osThreadNew
 .text.osDelay  0x08003160       0x18 ./Middlewares/Third_Party/FreeRTOS/Source/CMSIS_RTOS_V2/cmsis_os2.o
                0x08003160                osDelay
 .text.osEventFlagsNew
                0x08003178       0x20 ./Middlewares/Third_Party/FreeRTOS/Source/CMSIS_RTOS_V2/cmsis_os2.o
                0x08003178                osEventFlagsNew
 .text.osEventFlagsSet
                0x08003198       0x52 ./Middlewares/Third_Party/FreeRTOS/Source/CMSIS_RTOS_V2/cmsis_os2.o
                0x08003198                osEventFlagsSet
 .text.osEventFlagsWait
                0x080031ea       0x54 ./Middlewares/Third_Party/FreeRTOS/Source/CMSIS_RTOS_V2/cmsis_os2.o
                0x080031ea                osEventFlagsWait
 .text.osMessageQueueNew
                0x0800323e       0x76 ./Middlewares/Third_Party/FreeRTOS/Source/CMSIS_RTOS_V2/cmsis_os2.o
                0x0800323e                osMessageQueueNew
 .text.osMessageQueuePut
                0x080032b4       0x62 ./Middlewares/Third_Party/FreeRTOS/Source/CMSIS_RTOS_V2/cmsis_os2.o
                0x080032b4                osMessageQueuePut
 .text.osMessageQueueGet
                0x08003316       0x60 ./Middlewares/Third_Party/FreeRTOS/Source/CMSIS_RTOS_V2/cmsis_os2.o
                0x08003316                osMessageQueueGet
 *fill*         0x08003376        0x2 
 .text.vApplicationGetIdleTaskMemory
                0x08003378       0x18 ./Middlewares/Third_Party/FreeRTOS/Source/CMSIS_RTOS_V2/cmsis_os2.o
                0x08003378                vApplicationGetIdleTaskMemory
 .text.vApplicationGetTimerTaskMemory
                0x08003390       0x18 ./Middlewares/Third_Party/FreeRTOS/Source/CMSIS_RTOS_V2/cmsis_os2.o
                0x08003390                vApplicationGetTimerTaskMemory
 .text.xEventGroupCreateStatic
                0x080033a8       0x48 ./Middlewares/Third_Party/FreeRTOS/Source/event_groups.o
                0x080033a8                xEventGroupCreateStatic
 .text.xEventGroupCreate
                0x080033f0       0x1c ./Middlewares/Third_Party/FreeRTOS/Source/event_groups.o
                0x080033f0                xEventGroupCreate
 .text.xEventGroupWaitBits
                0x0800340c      0x110 ./Middlewares/Third_Party/FreeRTOS/Source/event_groups.o
                0x0800340c                xEventGroupWaitBits
 .text.xEventGroupSetBits
                0x0800351c       0x88 ./Middlewares/Third_Party/FreeRTOS/Source/event_groups.o
                0x0800351c                xEventGroupSetBits
 .text.vEventGroupSetBitsCallback
                0x080035a4        0x4 ./Middlewares/Third_Party/FreeRTOS/Source/event_groups.o
                0x080035a4                vEventGroupSetBitsCallback
 .text.xEventGroupSetBitsFromISR
                0x080035a8       0x10 ./Middlewares/Third_Party/FreeRTOS/Source/event_groups.o
                0x080035a8                xEventGroupSetBitsFromISR
 .text.vListInitialise
                0x080035b8       0x16 ./Middlewares/Third_Party/FreeRTOS/Source/list.o
                0x080035b8                vListInitialise
 .text.vListInitialiseItem
                0x080035ce        0x6 ./Middlewares/Third_Party/FreeRTOS/Source/list.o
                0x080035ce                vListInitialiseItem
 .text.vListInsertEnd
                0x080035d4       0x16 ./Middlewares/Third_Party/FreeRTOS/Source/list.o
                0x080035d4                vListInsertEnd
 .text.vListInsert
                0x080035ea       0x2e ./Middlewares/Third_Party/FreeRTOS/Source/list.o
                0x080035ea                vListInsert
 .text.uxListRemove
                0x08003618       0x20 ./Middlewares/Third_Party/FreeRTOS/Source/list.o
                0x08003618                uxListRemove
 .text.prvIsQueueEmpty
                0x08003638       0x16 ./Middlewares/Third_Party/FreeRTOS/Source/queue.o
 .text.prvCopyDataToQueue
                0x0800364e       0x66 ./Middlewares/Third_Party/FreeRTOS/Source/queue.o
 .text.prvCopyDataFromQueue
                0x080036b4       0x2a ./Middlewares/Third_Party/FreeRTOS/Source/queue.o
 .text.prvUnlockQueue
                0x080036de       0x6c ./Middlewares/Third_Party/FreeRTOS/Source/queue.o
 .text.xQueueGenericReset
                0x0800374a       0x7e ./Middlewares/Third_Party/FreeRTOS/Source/queue.o
                0x0800374a                xQueueGenericReset
 .text.xQueueGenericCreateStatic
                0x080037c8       0x9c ./Middlewares/Third_Party/FreeRTOS/Source/queue.o
                0x080037c8                xQueueGenericCreateStatic
 .text.xQueueGenericCreate
                0x08003864       0x4e ./Middlewares/Third_Party/FreeRTOS/Source/queue.o
                0x08003864                xQueueGenericCreate
 .text.xQueueGenericSend
                0x080038b2      0x164 ./Middlewares/Third_Party/FreeRTOS/Source/queue.o
                0x080038b2                xQueueGenericSend
 .text.xQueueGenericSendFromISR
                0x08003a16       0xba ./Middlewares/Third_Party/FreeRTOS/Source/queue.o
                0x08003a16                xQueueGenericSendFromISR
 .text.xQueueReceive
                0x08003ad0      0x13e ./Middlewares/Third_Party/FreeRTOS/Source/queue.o
                0x08003ad0                xQueueReceive
 .text.xQueueReceiveFromISR
                0x08003c0e       0x9a ./Middlewares/Third_Party/FreeRTOS/Source/queue.o
                0x08003c0e                xQueueReceiveFromISR
 .text.vQueueAddToRegistry
                0x08003ca8       0x24 ./Middlewares/Third_Party/FreeRTOS/Source/queue.o
                0x08003ca8                vQueueAddToRegistry
 .text.vQueueWaitForMessageRestricted
                0x08003ccc       0x46 ./Middlewares/Third_Party/FreeRTOS/Source/queue.o
                0x08003ccc                vQueueWaitForMessageRestricted
 *fill*         0x08003d12        0x2 
 .text.prvAddNewTaskToReadyList
                0x08003d14      0x100 ./Middlewares/Third_Party/FreeRTOS/Source/tasks.o
 .text.prvAddCurrentTaskToDelayedList
                0x08003e14       0x70 ./Middlewares/Third_Party/FreeRTOS/Source/tasks.o
 .text.prvGetExpectedIdleTime
                0x08003e84       0x3c ./Middlewares/Third_Party/FreeRTOS/Source/tasks.o
 .text.prvResetNextTaskUnblockTime
                0x08003ec0       0x24 ./Middlewares/Third_Party/FreeRTOS/Source/tasks.o
 .text.prvDeleteTCB
                0x08003ee4       0x3c ./Middlewares/Third_Party/FreeRTOS/Source/tasks.o
 .text.prvInitialiseNewTask.constprop.0
                0x08003f20       0xb8 ./Middlewares/Third_Party/FreeRTOS/Source/tasks.o
 .text.xTaskCreateStatic
                0x08003fd8       0x70 ./Middlewares/Third_Party/FreeRTOS/Source/tasks.o
                0x08003fd8                xTaskCreateStatic
 .text.xTaskCreate
                0x08004048       0x5c ./Middlewares/Third_Party/FreeRTOS/Source/tasks.o
                0x08004048                xTaskCreate
 .text.vTaskStartScheduler
                0x080040a4       0xa0 ./Middlewares/Third_Party/FreeRTOS/Source/tasks.o
                0x080040a4                vTaskStartScheduler
 .text.vTaskSuspendAll
                0x08004144       0x10 ./Middlewares/Third_Party/FreeRTOS/Source/tasks.o
                0x08004144                vTaskSuspendAll
 .text.xTaskGetTickCount
                0x08004154        0xc ./Middlewares/Third_Party/FreeRTOS/Source/tasks.o
                0x08004154                xTaskGetTickCount
 .text.vTaskStepTick
                0x08004160       0x30 ./Middlewares/Third_Party/FreeRTOS/Source/tasks.o
                0x08004160                vTaskStepTick
 .text.xTaskIncrementTick
                0x08004190      0x12c ./Middlewares/Third_Party/FreeRTOS/Source/tasks.o
                0x08004190                xTaskIncrementTick
 .text.xTaskResumeAll
                0x080042bc       0xe8 ./Middlewares/Third_Party/FreeRTOS/Source/tasks.o
                0x080042bc                xTaskResumeAll
 .text.vTaskDelay
                0x080043a4       0x48 ./Middlewares/Third_Party/FreeRTOS/Source/tasks.o
                0x080043a4                vTaskDelay
 .text.prvIdleTask
                0x080043ec       0xa4 ./Middlewares/Third_Party/FreeRTOS/Source/tasks.o
 .text.vTaskSwitchContext
                0x08004490       0x7c ./Middlewares/Third_Party/FreeRTOS/Source/tasks.o
                0x08004490                vTaskSwitchContext
 .text.vTaskPlaceOnEventList
                0x0800450c       0x34 ./Middlewares/Third_Party/FreeRTOS/Source/tasks.o
                0x0800450c                vTaskPlaceOnEventList
 .text.vTaskPlaceOnUnorderedEventList
                0x08004540       0x58 ./Middlewares/Third_Party/FreeRTOS/Source/tasks.o
                0x08004540                vTaskPlaceOnUnorderedEventList
 .text.vTaskPlaceOnEventListRestricted
                0x08004598       0x3c ./Middlewares/Third_Party/FreeRTOS/Source/tasks.o
                0x08004598                vTaskPlaceOnEventListRestricted
 .text.xTaskRemoveFromEventList
                0x080045d4       0x88 ./Middlewares/Third_Party/FreeRTOS/Source/tasks.o
                0x080045d4                xTaskRemoveFromEventList
 .text.vTaskRemoveFromUnorderedEventList
                0x0800465c       0x88 ./Middlewares/Third_Party/FreeRTOS/Source/tasks.o
                0x0800465c                vTaskRemoveFromUnorderedEventList
 .text.vTaskInternalSetTimeOutState
                0x080046e4       0x18 ./Middlewares/Third_Party/FreeRTOS/Source/tasks.o
                0x080046e4                vTaskInternalSetTimeOutState
 .text.xTaskCheckForTimeOut
                0x080046fc       0x78 ./Middlewares/Third_Party/FreeRTOS/Source/tasks.o
                0x080046fc                xTaskCheckForTimeOut
 .text.vTaskMissedYield
                0x08004774        0xc ./Middlewares/Third_Party/FreeRTOS/Source/tasks.o
                0x08004774                vTaskMissedYield
 .text.eTaskConfirmSleepModeStatus
                0x08004780       0x34 ./Middlewares/Third_Party/FreeRTOS/Source/tasks.o
                0x08004780                eTaskConfirmSleepModeStatus
 .text.xTaskGetSchedulerState
                0x080047b4       0x20 ./Middlewares/Third_Party/FreeRTOS/Source/tasks.o
                0x080047b4                xTaskGetSchedulerState
 .text.xTaskPriorityDisinherit
                0x080047d4       0x84 ./Middlewares/Third_Party/FreeRTOS/Source/tasks.o
                0x080047d4                xTaskPriorityDisinherit
 .text.uxTaskResetEventItemValue
                0x08004858       0x18 ./Middlewares/Third_Party/FreeRTOS/Source/tasks.o
                0x08004858                uxTaskResetEventItemValue
 .text.prvInsertTimerInActiveList
                0x08004870       0x3c ./Middlewares/Third_Party/FreeRTOS/Source/timers.o
 .text.prvCheckForValidListAndQueue
                0x080048ac       0x68 ./Middlewares/Third_Party/FreeRTOS/Source/timers.o
 .text.xTimerCreateTimerTask
                0x08004914       0x64 ./Middlewares/Third_Party/FreeRTOS/Source/timers.o
                0x08004914                xTimerCreateTimerTask
 .text.xTimerGenericCommand
                0x08004978       0x58 ./Middlewares/Third_Party/FreeRTOS/Source/timers.o
                0x08004978                xTimerGenericCommand
 .text.prvSwitchTimerLists
                0x080049d0       0x74 ./Middlewares/Third_Party/FreeRTOS/Source/timers.o
 .text.prvTimerTask
                0x08004a44      0x1f0 ./Middlewares/Third_Party/FreeRTOS/Source/timers.o
 .text.xTimerPendFunctionCallFromISR
                0x08004c34       0x28 ./Middlewares/Third_Party/FreeRTOS/Source/timers.o
                0x08004c34                xTimerPendFunctionCallFromISR
 .text.prvPortStartFirstTask
                0x08004c5c       0x28 ./Middlewares/Third_Party/FreeRTOS/Source/portable/GCC/ARM_CM4F/port.o
 .text.vPortEnableVFP
                0x08004c84       0x14 ./Middlewares/Third_Party/FreeRTOS/Source/portable/GCC/ARM_CM4F/port.o
 .text.prvTaskExitError
                0x08004c98       0x40 ./Middlewares/Third_Party/FreeRTOS/Source/portable/GCC/ARM_CM4F/port.o
 .text.pxPortInitialiseStack
                0x08004cd8       0x2c ./Middlewares/Third_Party/FreeRTOS/Source/portable/GCC/ARM_CM4F/port.o
                0x08004cd8                pxPortInitialiseStack
 *fill*         0x08004d04        0xc 
 .text.SVC_Handler
                0x08004d10       0x24 ./Middlewares/Third_Party/FreeRTOS/Source/portable/GCC/ARM_CM4F/port.o
                0x08004d10                SVC_Handler
 .text.vPortEnterCritical
                0x08004d34       0x40 ./Middlewares/Third_Party/FreeRTOS/Source/portable/GCC/ARM_CM4F/port.o
                0x08004d34                vPortEnterCritical
 .text.vPortExitCritical
                0x08004d74       0x28 ./Middlewares/Third_Party/FreeRTOS/Source/portable/GCC/ARM_CM4F/port.o
                0x08004d74                vPortExitCritical
 *fill*         0x08004d9c        0x4 
 .text.PendSV_Handler
                0x08004da0       0x64 ./Middlewares/Third_Party/FreeRTOS/Source/portable/GCC/ARM_CM4F/port.o
                0x08004da0                PendSV_Handler
 .text.xPortSysTickHandler
                0x08004e04       0x2c ./Middlewares/Third_Party/FreeRTOS/Source/portable/GCC/ARM_CM4F/port.o
                0x08004e04                xPortSysTickHandler
 .text.vPortSuppressTicksAndSleep
                0x08004e30       0xf8 ./Middlewares/Third_Party/FreeRTOS/Source/portable/GCC/ARM_CM4F/port.o
                0x08004e30                vPortSuppressTicksAndSleep
 .text.vPortSetupTimerInterrupt
                0x08004f28       0x4c ./Middlewares/Third_Party/FreeRTOS/Source/portable/GCC/ARM_CM4F/port.o
                0x08004f28                vPortSetupTimerInterrupt
 .text.xPortStartScheduler
                0x08004f74      0x108 ./Middlewares/Third_Party/FreeRTOS/Source/portable/GCC/ARM_CM4F/port.o
                0x08004f74                xPortStartScheduler
 .text.vPortValidateInterruptPriority
                0x0800507c       0x5c ./Middlewares/Third_Party/FreeRTOS/Source/portable/GCC/ARM_CM4F/port.o
                0x0800507c                vPortValidateInterruptPriority
 .text.prvInsertBlockIntoFreeList
                0x080050d8       0x4c ./Middlewares/Third_Party/FreeRTOS/Source/portable/MemMang/heap_4.o
 .text.pvPortMalloc
                0x08005124      0x130 ./Middlewares/Third_Party/FreeRTOS/Source/portable/MemMang/heap_4.o
                0x08005124                pvPortMalloc
 .text.vPortFree
                0x08005254       0x7c ./Middlewares/Third_Party/FreeRTOS/Source/portable/MemMang/heap_4.o
                0x08005254                vPortFree
 .text.HAL_ADC_ConvCpltCallback
                0x080052d0       0x48 ./Src/acquisition.o
                0x080052d0                HAL_ADC_ConvCpltCallback
 .text.StartAcquisitionTask
                0x08005318       0x7c ./Src/acquisition.o
                0x08005318                StartAcquisitionTask
 .text.tim1Callback
                0x08005394       0x10 ./Src/application.o
                0x08005394                tim1Callback
 .text.StartDefaultTask
                0x080053a4       0xac ./Src/application.o
                0x080053a4                StartDefaultTask
 .text.StartDisplayTask
                0x08005450       0x7c ./Src/display.o
                0x08005450                StartDisplayTask
 .text.PreSleepProcessing
                0x080054cc        0x2 ./Src/freertos.o
                0x080054cc                PreSleepProcessing
 .text.PostSleepProcessing
                0x080054ce        0x2 ./Src/freertos.o
                0x080054ce                PostSleepProcessing
 .text.led0     0x080054d0       0x1c ./Src/io.o
                0x080054d0                led0
 .text.led1     0x080054ec       0x1c ./Src/io.o
                0x080054ec                led1
 .text.led2     0x08005508       0x1c ./Src/io.o
                0x08005508                led2
 .text.led3     0x08005524       0x1c ./Src/io.o
                0x08005524                led3
 .text.getSwitch0
                0x08005540       0x10 ./Src/io.o
                0x08005540                getSwitch0
 .text.getSwitch1
                0x08005550       0x10 ./Src/io.o
                0x08005550                getSwitch1
 .text.lcdWriteDigit
                0x08005560       0xb4 ./Src/io.o
                0x08005560                lcdWriteDigit
 .text.lcdUpdateDisplay
                0x08005614        0xc ./Src/io.o
                0x08005614                lcdUpdateDisplay
 .text.GetTemperature
                0x08005620       0x78 ./Src/lookup.o
                0x08005620                GetTemperature
 .text.LL_AHB2_GRP1_EnableClock
                0x08005698       0x1c ./Src/main.o
 .text.SystemClock_Config
                0x080056b4       0x62 ./Src/main.o
                0x080056b4                SystemClock_Config
 *fill*         0x08005716        0x2 
 .text.startup.main
                0x08005718      0x478 ./Src/main.o
                0x08005718                main
 .text.HAL_TIM_PeriodElapsedCallback
                0x08005b90       0x14 ./Src/main.o
                0x08005b90                HAL_TIM_PeriodElapsedCallback
 .text.Error_Handler
                0x08005ba4        0x2 ./Src/main.o
                0x08005ba4                Error_Handler
 *fill*         0x08005ba6        0x2 
 .text.HAL_MspInit
                0x08005ba8       0x50 ./Src/stm32l4xx_hal_msp.o
                0x08005ba8                HAL_MspInit
 .text.HAL_ADC_MspInit
                0x08005bf8      0x174 ./Src/stm32l4xx_hal_msp.o
                0x08005bf8                HAL_ADC_MspInit
 .text.HAL_COMP_MspInit
                0x08005d6c       0x4c ./Src/stm32l4xx_hal_msp.o
                0x08005d6c                HAL_COMP_MspInit
 .text.HAL_DAC_MspInit
                0x08005db8       0x5c ./Src/stm32l4xx_hal_msp.o
                0x08005db8                HAL_DAC_MspInit
 .text.HAL_LCD_MspInit
                0x08005e14       0xe4 ./Src/stm32l4xx_hal_msp.o
                0x08005e14                HAL_LCD_MspInit
 .text.HAL_OPAMP_MspInit
                0x08005ef8      0x100 ./Src/stm32l4xx_hal_msp.o
                0x08005ef8                HAL_OPAMP_MspInit
 .text.HAL_TIM_Base_MspInit
                0x08005ff8       0x70 ./Src/stm32l4xx_hal_msp.o
                0x08005ff8                HAL_TIM_Base_MspInit
 .text.HAL_TIM_MspPostInit
                0x08006068       0x54 ./Src/stm32l4xx_hal_msp.o
                0x08006068                HAL_TIM_MspPostInit
 .text.TimeBase_TIM_PeriodElapsedCallback
                0x080060bc        0x4 ./Src/stm32l4xx_hal_timebase_tim.o
                0x080060bc                TimeBase_TIM_PeriodElapsedCallback
 .text.HAL_InitTick
                0x080060c0       0x9c ./Src/stm32l4xx_hal_timebase_tim.o
                0x080060c0                HAL_InitTick
 .text.NMI_Handler
                0x0800615c        0x2 ./Src/stm32l4xx_it.o
                0x0800615c                NMI_Handler
 .text.HardFault_Handler
                0x0800615e        0x2 ./Src/stm32l4xx_it.o
                0x0800615e                HardFault_Handler
 .text.MemManage_Handler
                0x08006160        0x2 ./Src/stm32l4xx_it.o
                0x08006160                MemManage_Handler
 .text.BusFault_Handler
                0x08006162        0x2 ./Src/stm32l4xx_it.o
                0x08006162                BusFault_Handler
 .text.UsageFault_Handler
                0x08006164        0x2 ./Src/stm32l4xx_it.o
                0x08006164                UsageFault_Handler
 .text.DebugMon_Handler
                0x08006166        0x2 ./Src/stm32l4xx_it.o
                0x08006166                DebugMon_Handler
 .text.ADC1_2_IRQHandler
                0x08006168       0x1c ./Src/stm32l4xx_it.o
                0x08006168                ADC1_2_IRQHandler
 .text.TIM1_BRK_TIM15_IRQHandler
                0x08006184       0x10 ./Src/stm32l4xx_it.o
                0x08006184                TIM1_BRK_TIM15_IRQHandler
 .text.TIM1_UP_TIM16_IRQHandler
                0x08006194        0x4 ./Src/stm32l4xx_it.o
                0x08006194                TIM1_UP_TIM16_IRQHandler
 .text.TIM1_TRG_COM_TIM17_IRQHandler
                0x08006198       0x24 ./Src/stm32l4xx_it.o
                0x08006198                TIM1_TRG_COM_TIM17_IRQHandler
 .text.TIM1_CC_IRQHandler
                0x080061bc        0xc ./Src/stm32l4xx_it.o
                0x080061bc                TIM1_CC_IRQHandler
 .text.SystemInit
                0x080061c8       0x48 ./Src/system_stm32l4xx.o
                0x080061c8                SystemInit
 .text.Reset_Handler
                0x08006210       0x50 ./Startup/startup_stm32l496vetx.o
                0x08006210                Reset_Handler
 .text.Default_Handler
                0x08006260        0x2 ./Startup/startup_stm32l496vetx.o
                0x08006260                RTC_Alarm_IRQHandler
                0x08006260                EXTI2_IRQHandler
                0x08006260                TIM8_TRG_COM_IRQHandler
                0x08006260                TIM8_CC_IRQHandler
                0x08006260                TSC_IRQHandler
                0x08006260                TAMP_STAMP_IRQHandler
                0x08006260                CAN2_RX1_IRQHandler
                0x08006260                EXTI3_IRQHandler
                0x08006260                LPTIM2_IRQHandler
                0x08006260                DFSDM1_FLT1_IRQHandler
                0x08006260                I2C3_ER_IRQHandler
                0x08006260                DFSDM1_FLT2_IRQHandler
                0x08006260                EXTI0_IRQHandler
                0x08006260                I2C2_EV_IRQHandler
                0x08006260                CAN1_RX0_IRQHandler
                0x08006260                FPU_IRQHandler
                0x08006260                CAN2_SCE_IRQHandler
                0x08006260                SPI1_IRQHandler
                0x08006260                TIM6_DAC_IRQHandler
                0x08006260                DCMI_IRQHandler
                0x08006260                CAN2_RX0_IRQHandler
                0x08006260                TIM8_UP_IRQHandler
                0x08006260                DMA2_Channel2_IRQHandler
                0x08006260                DMA1_Channel4_IRQHandler
                0x08006260                SAI2_IRQHandler
                0x08006260                DFSDM1_FLT3_IRQHandler
                0x08006260                USART3_IRQHandler
                0x08006260                DMA1_Channel7_IRQHandler
                0x08006260                CAN1_RX1_IRQHandler
                0x08006260                LCD_IRQHandler
                0x08006260                UART5_IRQHandler
                0x08006260                ADC3_IRQHandler
                0x08006260                TIM4_IRQHandler
                0x08006260                DMA2_Channel1_IRQHandler
                0x08006260                QUADSPI_IRQHandler
                0x08006260                I2C1_EV_IRQHandler
                0x08006260                DMA1_Channel6_IRQHandler
                0x08006260                UART4_IRQHandler
                0x08006260                DMA2_Channel4_IRQHandler
                0x08006260                TIM3_IRQHandler
                0x08006260                RCC_IRQHandler
                0x08006260                DMA1_Channel1_IRQHandler
                0x08006260                Default_Handler
                0x08006260                DMA2_Channel7_IRQHandler
                0x08006260                EXTI15_10_IRQHandler
                0x08006260                TIM7_IRQHandler
                0x08006260                SDMMC1_IRQHandler
                0x08006260                CAN2_TX_IRQHandler
                0x08006260                TIM5_IRQHandler
                0x08006260                I2C3_EV_IRQHandler
                0x08006260                EXTI9_5_IRQHandler
                0x08006260                RTC_WKUP_IRQHandler
                0x08006260                PVD_PVM_IRQHandler
                0x08006260                SPI2_IRQHandler
                0x08006260                CAN1_TX_IRQHandler
                0x08006260                DMA2_Channel5_IRQHandler
                0x08006260                CRS_IRQHandler
                0x08006260                DMA1_Channel5_IRQHandler
                0x08006260                EXTI4_IRQHandler
                0x08006260                RNG_IRQHandler
                0x08006260                DMA1_Channel3_IRQHandler
                0x08006260                COMP_IRQHandler
                0x08006260                WWDG_IRQHandler
                0x08006260                I2C4_EV_IRQHandler
                0x08006260                LPUART1_IRQHandler
                0x08006260                DMA2_Channel6_IRQHandler
                0x08006260                TIM2_IRQHandler
                0x08006260                EXTI1_IRQHandler
                0x08006260                USART2_IRQHandler
                0x08006260                DFSDM1_FLT0_IRQHandler
                0x08006260                I2C2_ER_IRQHandler
                0x08006260                DMA1_Channel2_IRQHandler
                0x08006260                TIM8_BRK_IRQHandler
                0x08006260                CAN1_SCE_IRQHandler
                0x08006260                FLASH_IRQHandler
                0x08006260                USART1_IRQHandler
                0x08006260                OTG_FS_IRQHandler
                0x08006260                SPI3_IRQHandler
                0x08006260                I2C1_ER_IRQHandler
                0x08006260                FMC_IRQHandler
                0x08006260                SWPMI1_IRQHandler
                0x08006260                LPTIM1_IRQHandler
                0x08006260                I2C4_ER_IRQHandler
                0x08006260                SAI1_IRQHandler
                0x08006260                DMA2_Channel3_IRQHandler
 .text.memset   0x08006262       0x10 /home/emanuele/st/stm32cubeide_2.1.1/plugins/com.st.stm32cube.ide.mcu.externaltools.gnu-tools-for-stm32.14.3.rel1.linux64_1.0.100.202602081740/tools/bin/../lib/gcc/arm-none-eabi/14.3.1/../../../../arm-none-eabi/lib/thumb/v7e-m+fp/hard/libc_nano.a(libc_a-memset.o)
                0x08006262                memset
 *fill*         0x08006272        0x2 
 .text._reclaim_reent
                0x08006274       0xbc /home/emanuele/st/stm32cubeide_2.1.1/plugins/com.st.stm32cube.ide.mcu.externaltools.gnu-tools-for-stm32.14.3.rel1.linux64_1.0.100.202602081740/tools/bin/../lib/gcc/arm-none-eabi/14.3.1/../../../../arm-none-eabi/lib/thumb/v7e-m+fp/hard/libc_nano.a(libc_a-reent.o)
                0x08006274                _reclaim_reent
 .text.__libc_init_array
                0x08006330       0x48 /home/emanuele/st/stm32cubeide_2.1.1/plugins/com.st.stm32cube.ide.mcu.externaltools.gnu-tools-for-stm32.14.3.rel1.linux64_1.0.100.202602081740/tools/bin/../lib/gcc/arm-none-eabi/14.3.1/../../../../arm-none-eabi/lib/thumb/v7e-m+fp/hard/libc_nano.a(libc_a-init.o)
                0x08006330                __libc_init_array
 .text.__retarget_lock_acquire_recursive
                0x08006378        0x2 /home/emanuele/st/stm32cubeide_2.1.1/plugins/com.st.stm32cube.ide.mcu.externaltools.gnu-tools-for-stm32.14.3.rel1.linux64_1.0.100.202602081740/tools/bin/../lib/gcc/arm-none-eabi/14.3.1/../../../../arm-none-eabi/lib/thumb/v7e-m+fp/hard/libc_nano.a(libc_a-lock.o)
                0x08006378                __retarget_lock_acquire_recursive
 .text.__retarget_lock_release_recursive
                0x0800637a        0x2 /home/emanuele/st/stm32cubeide_2.1.1/plugins/com.st.stm32cube.ide.mcu.externaltools.gnu-tools-for-stm32.14.3.rel1.linux64_1.0.100.202602081740/tools/bin/../lib/gcc/arm-none-eabi/14.3.1/../../../../arm-none-eabi/lib/thumb/v7e-m+fp/hard/libc_nano.a(libc_a-lock.o)
                0x0800637a                __retarget_lock_release_recursive
 .text.memcpy   0x0800637c       0x1c /home/emanuele/st/stm32cubeide_2.1.1/plugins/com.st.stm32cube.ide.mcu.externaltools.gnu-tools-for-stm32.14.3.rel1.linux64_1.0.100.202602081740/tools/bin/../lib/gcc/arm-none-eabi/14.3.1/../../../../arm-none-eabi/lib/thumb/v7e-m+fp/hard/libc_nano.a(libc_a-memcpy-stub.o)
                0x0800637c                memcpy
 .text._free_r  0x08006398       0x94 /home/emanuele/st/stm32cubeide_2.1.1/plugins/com.st.stm32cube.ide.mcu.externaltools.gnu-tools-for-stm32.14.3.rel1.linux64_1.0.100.202602081740/tools/bin/../lib/gcc/arm-none-eabi/14.3.1/../../../../arm-none-eabi/lib/thumb/v7e-m+fp/hard/libc_nano.a(libc_a-freer.o)
                0x08006398                _free_r
 .text.__malloc_lock
                0x0800642c        0xc /home/emanuele/st/stm32cubeide_2.1.1/plugins/com.st.stm32cube.ide.mcu.externaltools.gnu-tools-for-stm32.14.3.rel1.linux64_1.0.100.202602081740/tools/bin/../lib/gcc/arm-none-eabi/14.3.1/../../../../arm-none-eabi/lib/thumb/v7e-m+fp/hard/libc_nano.a(libc_a-mlock.o)
                0x0800642c                __malloc_lock
 .text.__malloc_unlock
                0x08006438        0xc /home/emanuele/st/stm32cubeide_2.1.1/plugins/com.st.stm32cube.ide.mcu.externaltools.gnu-tools-for-stm32.14.3.rel1.linux64_1.0.100.202602081740/tools/bin/../lib/gcc/arm-none-eabi/14.3.1/../../../../arm-none-eabi/lib/thumb/v7e-m+fp/hard/libc_nano.a(libc_a-mlock.o)
                0x08006438                __malloc_unlock
 *(.glue_7)
 .glue_7        0x08006444        0x0 linker stubs
 *(.glue_7t)
 .glue_7t       0x08006444        0x0 linker stubs
 *(.eh_frame)
 .eh_frame      0x08006444        0x0 /home/emanuele/st/stm32cubeide_2.1.1/plugins/com.st.stm32cube.ide.mcu.externaltools.gnu-tools-for-stm32.14.3.rel1.linux64_1.0.100.202602081740/tools/bin/../lib/gcc/arm-none-eabi/14.3.1/thumb/v7e-m+fp/hard/crtbegin.o
 *(.init)
 .init          0x08006444        0x4 /home/emanuele/st/stm32cubeide_2.1.1/plugins/com.st.stm32cube.ide.mcu.externaltools.gnu-tools-for-stm32.14.3.rel1.linux64_1.0.100.202602081740/tools/bin/../lib/gcc/arm-none-eabi/14.3.1/thumb/v7e-m+fp/hard/crti.o
                0x08006444                _init
 .init          0x08006448        0x8 /home/emanuele/st/stm32cubeide_2.1.1/plugins/com.st.stm32cube.ide.mcu.externaltools.gnu-tools-for-stm32.14.3.rel1.linux64_1.0.100.202602081740/tools/bin/../lib/gcc/arm-none-eabi/14.3.1/thumb/v7e-m+fp/hard/crtn.o
 *(.fini)
 .fini          0x08006450        0x4 /home/emanuele/st/stm32cubeide_2.1.1/plugins/com.st.stm32cube.ide.mcu.externaltools.gnu-tools-for-stm32.14.3.rel1.linux64_1.0.100.202602081740/tools/bin/../lib/gcc/arm-none-eabi/14.3.1/thumb/v7e-m+fp/hard/crti.o
                0x08006450                _fini
 .fini          0x08006454        0x8 /home/emanuele/st/stm32cubeide_2.1.1/plugins/com.st.stm32cube.ide.mcu.externaltools.gnu-tools-for-stm32.14.3.rel1.linux64_1.0.100.202602081740/tools/bin/../lib/gcc/arm-none-eabi/14.3.1/thumb/v7e-m+fp/hard/crtn.o
                0x0800645c                        . = ALIGN (0x4)
                0x0800645c                        _etext = .

.vfp11_veneer   0x0800645c        0x0
 .vfp11_veneer  0x0800645c        0x0 linker stubs

.v4_bx          0x0800645c        0x0
 .v4_bx         0x0800645c        0x0 linker stubs

.iplt           0x0800645c        0x0
 .iplt          0x0800645c        0x0 /home/emanuele/st/stm32cubeide_2.1.1/plugins/com.st.stm32cube.ide.mcu.externaltools.gnu-tools-for-stm32.14.3.rel1.linux64_1.0.100.202602081740/tools/bin/../lib/gcc/arm-none-eabi/14.3.1/thumb/v7e-m+fp/hard/crtbegin.o

.rodata         0x0800645c      0x31c
                0x0800645c                        . = ALIGN (0x4)
 *(.rodata)
 *(.rodata*)
 .rodata.CSWTCH.110
                0x0800645c        0x8 ./Drivers/STM32L4xx_HAL_Driver/Src/stm32l4xx_hal_adc.o
 .rodata.vTaskStartScheduler.str1.1
                0x08006464       0x7a ./Middlewares/Third_Party/FreeRTOS/Source/tasks.o
                                  0x5 (size before relaxing)
 .rodata.prvCheckForValidListAndQueue.str1.1
                0x080064de        0x5 ./Middlewares/Third_Party/FreeRTOS/Source/timers.o
 .rodata.xTimerCreateTimerTask.str1.1
                0x080064de        0x8 ./Middlewares/Third_Party/FreeRTOS/Source/timers.o
 .rodata.CSWTCH.20
                0x080064de       0x20 ./Src/io.o
 *fill*         0x080064fe        0x2 
 .rodata.CSWTCH.19
                0x08006500       0x80 ./Src/io.o
 .rodata.lcdPatternL
                0x08006580        0x4 ./Src/io.o
 .rodata.lcdPatternF
                0x08006584        0x4 ./Src/io.o
 .rodata.lcdPatternE
                0x08006588        0x4 ./Src/io.o
 .rodata.lcdPatternD
                0x0800658c        0x4 ./Src/io.o
 .rodata.lcdPatternC
                0x08006590        0x4 ./Src/io.o
 .rodata.lcdPatternB
                0x08006594        0x4 ./Src/io.o
 .rodata.lcdPatternA
                0x08006598        0x4 ./Src/io.o
 .rodata.lcdPattern9
                0x0800659c        0x4 ./Src/io.o
 .rodata.lcdPattern8
                0x080065a0        0x4 ./Src/io.o
 .rodata.lcdPattern7
                0x080065a4        0x4 ./Src/io.o
 .rodata.lcdPattern6
                0x080065a8        0x4 ./Src/io.o
 .rodata.lcdPattern5
                0x080065ac        0x4 ./Src/io.o
 .rodata.lcdPattern4
                0x080065b0        0x4 ./Src/io.o
 .rodata.lcdPattern3
                0x080065b4        0x4 ./Src/io.o
 .rodata.lcdPattern2
                0x080065b8        0x4 ./Src/io.o
 .rodata.lcdPattern1
                0x080065bc        0x4 ./Src/io.o
 .rodata.lcdPattern0
                0x080065c0        0x4 ./Src/io.o
 .rodata.lcdPatternMinus
                0x080065c4        0x4 ./Src/io.o
 .rodata.lcdPatternEmpty
                0x080065c8        0x4 ./Src/io.o
 .rodata.u_temp_lookup
                0x080065cc       0xa8 ./Src/lookup.o
                0x080065cc                u_temp_lookup
 .rodata.str1.1
                0x08006674       0x68 ./Src/main.o
 .rodata.AdcDrdyEventFlag_attributes
                0x08006674       0x10 ./Src/main.o
                0x08006674                AdcDrdyEventFlag_attributes
 .rodata.MeasureEventFlag_attributes
                0x08006684       0x10 ./Src/main.o
                0x08006684                MeasureEventFlag_attributes
 .rodata.displayQueue_attributes
                0x08006694       0x18 ./Src/main.o
                0x08006694                displayQueue_attributes
 .rodata.acquisitionQueue_attributes
                0x080066ac       0x18 ./Src/main.o
                0x080066ac                acquisitionQueue_attributes
 .rodata.displayTask_attributes
                0x080066c4       0x24 ./Src/main.o
                0x080066c4                displayTask_attributes
 .rodata.acquisitionTask_attributes
                0x080066e8       0x24 ./Src/main.o
                0x080066e8                acquisitionTask_attributes
 .rodata.defaultTask_attributes
                0x0800670c       0x24 ./Src/main.o
                0x0800670c                defaultTask_attributes
 .rodata.MSIRangeTable
                0x08006730       0x30 ./Src/system_stm32l4xx.o
                0x08006730                MSIRangeTable
 .rodata.APBPrescTable
                0x08006760        0x8 ./Src/system_stm32l4xx.o
                0x08006760                APBPrescTable
 .rodata.AHBPrescTable
                0x08006768       0x10 ./Src/system_stm32l4xx.o
                0x08006768                AHBPrescTable
                0x08006778                        . = ALIGN (0x4)

.rel.dyn        0x08006778        0x0
 .rel.iplt      0x08006778        0x0 /home/emanuele/st/stm32cubeide_2.1.1/plugins/com.st.stm32cube.ide.mcu.externaltools.gnu-tools-for-stm32.14.3.rel1.linux64_1.0.100.202602081740/tools/bin/../lib/gcc/arm-none-eabi/14.3.1/thumb/v7e-m+fp/hard/crtbegin.o

.ARM.extab      0x08006778        0x0
                0x08006778                        . = ALIGN (0x4)
 *(.ARM.extab* .gnu.linkonce.armextab.*)
                0x08006778                        . = ALIGN (0x4)

.ARM            0x08006778        0x0
                0x08006778                        . = ALIGN (0x4)
                0x08006778                        __exidx_start = .
 *(.ARM.exidx*)
                0x08006778                        __exidx_end = .
                0x08006778                        . = ALIGN (0x4)

.preinit_array  0x08006778        0x0
                0x08006778                        . = ALIGN (0x4)
                0x08006778                        PROVIDE (__preinit_array_start = .)
 *(.preinit_array*)
                0x08006778                        PROVIDE (__preinit_array_end = .)
                0x08006778                        . = ALIGN (0x4)

.init_array     0x08006778        0x4
                0x08006778                        . = ALIGN (0x4)
                0x08006778                        PROVIDE (__init_array_start = .)
 *(SORT_BY_NAME(.init_array.*))
 *(.init_array*)
 .init_array    0x08006778        0x4 /home/emanuele/st/stm32cubeide_2.1.1/plugins/com.st.stm32cube.ide.mcu.externaltools.gnu-tools-for-stm32.14.3.rel1.linux64_1.0.100.202602081740/tools/bin/../lib/gcc/arm-none-eabi/14.3.1/thumb/v7e-m+fp/hard/crtbegin.o
                0x0800677c                        PROVIDE (__init_array_end = .)
                0x0800677c                        . = ALIGN (0x4)

.fini_array     0x0800677c        0x4
                0x0800677c                        . = ALIGN (0x4)
                [!provide]                        PROVIDE (__fini_array_start = .)
 *(SORT_BY_NAME(.fini_array.*))
 *(.fini_array*)
 .fini_array    0x0800677c        0x4 /home/emanuele/st/stm32cubeide_2.1.1/plugins/com.st.stm32cube.ide.mcu.externaltools.gnu-tools-for-stm32.14.3.rel1.linux64_1.0.100.202602081740/tools/bin/../lib/gcc/arm-none-eabi/14.3.1/thumb/v7e-m+fp/hard/crtbegin.o
                [!provide]                        PROVIDE (__fini_array_end = .)
                0x08006780                        . = ALIGN (0x4)
                0x08006780                        _sidata = LOADADDR (.data)

.data           0x20000000       0x60 load address 0x08006780
                0x20000000                        . = ALIGN (0x4)
                0x20000000                        _sdata = .
 *(.data)
 *(.data*)
 .data.uwTickFreq
                0x20000000        0x1 ./Drivers/STM32L4xx_HAL_Driver/Src/stm32l4xx_hal.o
                0x20000000                uwTickFreq
 *fill*         0x20000001        0x3 
 .data.uwTickPrio
                0x20000004        0x4 ./Drivers/STM32L4xx_HAL_Driver/Src/stm32l4xx_hal.o
                0x20000004                uwTickPrio
 .data.uxCriticalNesting
                0x20000008        0x4 ./Middlewares/Third_Party/FreeRTOS/Source/portable/GCC/ARM_CM4F/port.o
 .data.SystemCoreClock
                0x2000000c        0x4 ./Src/system_stm32l4xx.o
                0x2000000c                SystemCoreClock
 .data._impure_ptr
                0x20000010        0x4 /home/emanuele/st/stm32cubeide_2.1.1/plugins/com.st.stm32cube.ide.mcu.externaltools.gnu-tools-for-stm32.14.3.rel1.linux64_1.0.100.202602081740/tools/bin/../lib/gcc/arm-none-eabi/14.3.1/../../../../arm-none-eabi/lib/thumb/v7e-m+fp/hard/libc_nano.a(libc_a-impure.o)
                0x20000010                _impure_ptr
 .data._impure_data
                0x20000014       0x4c /home/emanuele/st/stm32cubeide_2.1.1/plugins/com.st.stm32cube.ide.mcu.externaltools.gnu-tools-for-stm32.14.3.rel1.linux64_1.0.100.202602081740/tools/bin/../lib/gcc/arm-none-eabi/14.3.1/../../../../arm-none-eabi/lib/thumb/v7e-m+fp/hard/libc_nano.a(libc_a-impure.o)
                0x20000014                _impure_data
                0x20000060                        . = ALIGN (0x4)
                0x20000060                        _edata = .

.igot.plt       0x20000060        0x0 load address 0x080067e0
 .igot.plt      0x20000060        0x0 /home/emanuele/st/stm32cubeide_2.1.1/plugins/com.st.stm32cube.ide.mcu.externaltools.gnu-tools-for-stm32.14.3.rel1.linux64_1.0.100.202602081740/tools/bin/../lib/gcc/arm-none-eabi/14.3.1/thumb/v7e-m+fp/hard/crtbegin.o
                0x20000060                        . = ALIGN (0x4)

.bss            0x20000060     0x51e8 load address 0x080067e0
                0x20000060                        _sbss = .
                0x20000060                        __bss_start__ = _sbss
 *(.bss)
 .bss           0x20000060       0x1c /home/emanuele/st/stm32cubeide_2.1.1/plugins/com.st.stm32cube.ide.mcu.externaltools.gnu-tools-for-stm32.14.3.rel1.linux64_1.0.100.202602081740/tools/bin/../lib/gcc/arm-none-eabi/14.3.1/thumb/v7e-m+fp/hard/crtbegin.o
 *(.bss*)
 .bss.uwTick    0x2000007c        0x4 ./Drivers/STM32L4xx_HAL_Driver/Src/stm32l4xx_hal.o
                0x2000007c                uwTick
 .bss.Timer_Stack.0
                0x20000080      0x400 ./Middlewares/Third_Party/FreeRTOS/Source/CMSIS_RTOS_V2/cmsis_os2.o
 .bss.Timer_TCB.1
                0x20000480       0xa8 ./Middlewares/Third_Party/FreeRTOS/Source/CMSIS_RTOS_V2/cmsis_os2.o
 .bss.Idle_Stack.2
                0x20000528      0x200 ./Middlewares/Third_Party/FreeRTOS/Source/CMSIS_RTOS_V2/cmsis_os2.o
 .bss.Idle_TCB.3
                0x20000728       0xa8 ./Middlewares/Third_Party/FreeRTOS/Source/CMSIS_RTOS_V2/cmsis_os2.o
 .bss.KernelState
                0x200007d0        0x4 ./Middlewares/Third_Party/FreeRTOS/Source/CMSIS_RTOS_V2/cmsis_os2.o
 .bss.xQueueRegistry
                0x200007d4       0x40 ./Middlewares/Third_Party/FreeRTOS/Source/queue.o
                0x200007d4                xQueueRegistry
 .bss.uxSchedulerSuspended
                0x20000814        0x4 ./Middlewares/Third_Party/FreeRTOS/Source/tasks.o
 .bss.xNextTaskUnblockTime
                0x20000818        0x4 ./Middlewares/Third_Party/FreeRTOS/Source/tasks.o
 .bss.uxTaskNumber
                0x2000081c        0x4 ./Middlewares/Third_Party/FreeRTOS/Source/tasks.o
 .bss.xNumOfOverflows
                0x20000820        0x4 ./Middlewares/Third_Party/FreeRTOS/Source/tasks.o
 .bss.xYieldPending
                0x20000824        0x4 ./Middlewares/Third_Party/FreeRTOS/Source/tasks.o
 .bss.xPendedTicks
                0x20000828        0x4 ./Middlewares/Third_Party/FreeRTOS/Source/tasks.o
 .bss.xSchedulerRunning
                0x2000082c        0x4 ./Middlewares/Third_Party/FreeRTOS/Source/tasks.o
 .bss.uxTopReadyPriority
                0x20000830        0x4 ./Middlewares/Third_Party/FreeRTOS/Source/tasks.o
 .bss.xTickCount
                0x20000834        0x4 ./Middlewares/Third_Party/FreeRTOS/Source/tasks.o
 .bss.uxCurrentNumberOfTasks
                0x20000838        0x4 ./Middlewares/Third_Party/FreeRTOS/Source/tasks.o
 .bss.xSuspendedTaskList
                0x2000083c       0x14 ./Middlewares/Third_Party/FreeRTOS/Source/tasks.o
 .bss.uxDeletedTasksWaitingCleanUp
                0x20000850        0x4 ./Middlewares/Third_Party/FreeRTOS/Source/tasks.o
 .bss.xTasksWaitingTermination
                0x20000854       0x14 ./Middlewares/Third_Party/FreeRTOS/Source/tasks.o
 .bss.xPendingReadyList
                0x20000868       0x14 ./Middlewares/Third_Party/FreeRTOS/Source/tasks.o
 .bss.pxOverflowDelayedTaskList
                0x2000087c        0x4 ./Middlewares/Third_Party/FreeRTOS/Source/tasks.o
 .bss.pxDelayedTaskList
                0x20000880        0x4 ./Middlewares/Third_Party/FreeRTOS/Source/tasks.o
 .bss.xDelayedTaskList2
                0x20000884       0x14 ./Middlewares/Third_Party/FreeRTOS/Source/tasks.o
 .bss.xDelayedTaskList1
                0x20000898       0x14 ./Middlewares/Third_Party/FreeRTOS/Source/tasks.o
 .bss.pxReadyTasksLists
                0x200008ac      0x460 ./Middlewares/Third_Party/FreeRTOS/Source/tasks.o
 .bss.pxCurrentTCB
                0x20000d0c        0x4 ./Middlewares/Third_Party/FreeRTOS/Source/tasks.o
                0x20000d0c                pxCurrentTCB
 .bss.xStaticTimerQueue.0
                0x20000d10       0x50 ./Middlewares/Third_Party/FreeRTOS/Source/timers.o
 .bss.ucStaticTimerQueueStorage.1
                0x20000d60       0xa0 ./Middlewares/Third_Party/FreeRTOS/Source/timers.o
 .bss.xLastTime.2
                0x20000e00        0x4 ./Middlewares/Third_Party/FreeRTOS/Source/timers.o
 .bss.xTimerTaskHandle
                0x20000e04        0x4 ./Middlewares/Third_Party/FreeRTOS/Source/timers.o
 .bss.xTimerQueue
                0x20000e08        0x4 ./Middlewares/Third_Party/FreeRTOS/Source/timers.o
 .bss.pxOverflowTimerList
                0x20000e0c        0x4 ./Middlewares/Third_Party/FreeRTOS/Source/timers.o
 .bss.pxCurrentTimerList
                0x20000e10        0x4 ./Middlewares/Third_Party/FreeRTOS/Source/timers.o
 .bss.xActiveTimerList2
                0x20000e14       0x14 ./Middlewares/Third_Party/FreeRTOS/Source/timers.o
 .bss.xActiveTimerList1
                0x20000e28       0x14 ./Middlewares/Third_Party/FreeRTOS/Source/timers.o
 .bss.ulMaxPRIGROUPValue
                0x20000e3c        0x4 ./Middlewares/Third_Party/FreeRTOS/Source/portable/GCC/ARM_CM4F/port.o
 .bss.ucMaxSysCallPriority
                0x20000e40        0x1 ./Middlewares/Third_Party/FreeRTOS/Source/portable/GCC/ARM_CM4F/port.o
 *fill*         0x20000e41        0x3 
 .bss.ulStoppedTimerCompensation
                0x20000e44        0x4 ./Middlewares/Third_Party/FreeRTOS/Source/portable/GCC/ARM_CM4F/port.o
 .bss.xMaximumPossibleSuppressedTicks
                0x20000e48        0x4 ./Middlewares/Third_Party/FreeRTOS/Source/portable/GCC/ARM_CM4F/port.o
 .bss.ulTimerCountsForOneTick
                0x20000e4c        0x4 ./Middlewares/Third_Party/FreeRTOS/Source/portable/GCC/ARM_CM4F/port.o
 .bss.xBlockAllocatedBit
                0x20000e50        0x4 ./Middlewares/Third_Party/FreeRTOS/Source/portable/MemMang/heap_4.o
 .bss.xNumberOfSuccessfulFrees
                0x20000e54        0x4 ./Middlewares/Third_Party/FreeRTOS/Source/portable/MemMang/heap_4.o
 .bss.xNumberOfSuccessfulAllocations
                0x20000e58        0x4 ./Middlewares/Third_Party/FreeRTOS/Source/portable/MemMang/heap_4.o
 .bss.xMinimumEverFreeBytesRemaining
                0x20000e5c        0x4 ./Middlewares/Third_Party/FreeRTOS/Source/portable/MemMang/heap_4.o
 .bss.xFreeBytesRemaining
                0x20000e60        0x4 ./Middlewares/Third_Party/FreeRTOS/Source/portable/MemMang/heap_4.o
 .bss.pxEnd     0x20000e64        0x4 ./Middlewares/Third_Party/FreeRTOS/Source/portable/MemMang/heap_4.o
 .bss.xStart    0x20000e68        0x8 ./Middlewares/Third_Party/FreeRTOS/Source/portable/MemMang/heap_4.o
 .bss.ucHeap    0x20000e70      0xbb8 ./Middlewares/Third_Party/FreeRTOS/Source/portable/MemMang/heap_4.o
 .bss.measureADC2
                0x20001a28        0x2 ./Src/acquisition.o
                0x20001a28                measureADC2
 .bss.measureADC1
                0x20001a2a        0x2 ./Src/acquisition.o
                0x20001a2a                measureADC1
 .bss.AdcDrdyEventFlagHandle
                0x20001a2c        0x4 ./Src/main.o
                0x20001a2c                AdcDrdyEventFlagHandle
 .bss.MeasureEventFlagHandle
                0x20001a30        0x4 ./Src/main.o
                0x20001a30                MeasureEventFlagHandle
 .bss.displayQueueControlBlock
                0x20001a34       0x50 ./Src/main.o
                0x20001a34                displayQueueControlBlock
 .bss.displayQueueBuffer
                0x20001a84        0x2 ./Src/main.o
                0x20001a84                displayQueueBuffer
 *fill*         0x20001a86        0x2 
 .bss.displayQueueHandle
                0x20001a88        0x4 ./Src/main.o
                0x20001a88                displayQueueHandle
 .bss.acquisitionQueueControlBlock
                0x20001a8c       0x50 ./Src/main.o
                0x20001a8c                acquisitionQueueControlBlock
 .bss.acquisitionQueueBuffer
                0x20001adc        0x2 ./Src/main.o
                0x20001adc                acquisitionQueueBuffer
 *fill*         0x20001ade        0x2 
 .bss.acquisitionQueueHandle
                0x20001ae0        0x4 ./Src/main.o
                0x20001ae0                acquisitionQueueHandle
 .bss.displayTaskControlBlock
                0x20001ae4       0xa8 ./Src/main.o
                0x20001ae4                displayTaskControlBlock
 .bss.displayTaskBuffer
                0x20001b8c     0x1000 ./Src/main.o
                0x20001b8c                displayTaskBuffer
 .bss.displayTaskHandle
                0x20002b8c        0x4 ./Src/main.o
                0x20002b8c                displayTaskHandle
 .bss.acquisitionTaskControlBlock
                0x20002b90       0xa8 ./Src/main.o
                0x20002b90                acquisitionTaskControlBlock
 .bss.acquisitionTaskBuffer
                0x20002c38     0x1000 ./Src/main.o
                0x20002c38                acquisitionTaskBuffer
 .bss.acquisitionTaskHandle
                0x20003c38        0x4 ./Src/main.o
                0x20003c38                acquisitionTaskHandle
 .bss.defaultTaskControlBlock
                0x20003c3c       0xa8 ./Src/main.o
                0x20003c3c                defaultTaskControlBlock
 .bss.defaultTaskBuffer
                0x20003ce4     0x1000 ./Src/main.o
                0x20003ce4                defaultTaskBuffer
 .bss.defaultTaskHandle
                0x20004ce4        0x4 ./Src/main.o
                0x20004ce4                defaultTaskHandle
 .bss.htim1     0x20004ce8       0xbc ./Src/main.o
                0x20004ce8                htim1
 .bss.hopamp2   0x20004da4       0x34 ./Src/main.o
                0x20004da4                hopamp2
 .bss.hopamp1   0x20004dd8       0x34 ./Src/main.o
                0x20004dd8                hopamp1
 .bss.hlcd      0x20004e0c       0x3c ./Src/main.o
                0x20004e0c                hlcd
 .bss.hdac1     0x20004e48       0x14 ./Src/main.o
                0x20004e48                hdac1
 .bss.hcomp1    0x20004e5c       0x2c ./Src/main.o
                0x20004e5c                hcomp1
 .bss.hadc3     0x20004e88       0x94 ./Src/main.o
                0x20004e88                hadc3
 .bss.hadc2     0x20004f1c       0x94 ./Src/main.o
                0x20004f1c                hadc2
 .bss.hadc1     0x20004fb0       0x94 ./Src/main.o
                0x20004fb0                hadc1
 .bss.HAL_RCC_OPAMP_CLK_ENABLED
                0x20005044        0x4 ./Src/stm32l4xx_hal_msp.o
 .bss.HAL_RCC_ADC_CLK_ENABLED
                0x20005048        0x4 ./Src/stm32l4xx_hal_msp.o
 .bss.htim17    0x2000504c       0xbc ./Src/stm32l4xx_hal_timebase_tim.o
                0x2000504c                htim17
 .bss.__sf      0x20005108      0x138 /home/emanuele/st/stm32cubeide_2.1.1/plugins/com.st.stm32cube.ide.mcu.externaltools.gnu-tools-for-stm32.14.3.rel1.linux64_1.0.100.202602081740/tools/bin/../lib/gcc/arm-none-eabi/14.3.1/../../../../arm-none-eabi/lib/thumb/v7e-m+fp/hard/libc_nano.a(libc_a-findfp.o)
                0x20005108                __sf
 .bss.__lock___malloc_recursive_mutex
                0x20005240        0x1 /home/emanuele/st/stm32cubeide_2.1.1/plugins/com.st.stm32cube.ide.mcu.externaltools.gnu-tools-for-stm32.14.3.rel1.linux64_1.0.100.202602081740/tools/bin/../lib/gcc/arm-none-eabi/14.3.1/../../../../arm-none-eabi/lib/thumb/v7e-m+fp/hard/libc_nano.a(libc_a-lock.o)
                0x20005240                __lock___malloc_recursive_mutex
 *fill*         0x20005241        0x3 
 .bss.__malloc_free_list
                0x20005244        0x4 /home/emanuele/st/stm32cubeide_2.1.1/plugins/com.st.stm32cube.ide.mcu.externaltools.gnu-tools-for-stm32.14.3.rel1.linux64_1.0.100.202602081740/tools/bin/../lib/gcc/arm-none-eabi/14.3.1/../../../../arm-none-eabi/lib/thumb/v7e-m+fp/hard/libc_nano.a(libc_a-mallocr.o)
                0x20005244                __malloc_free_list
 *(COMMON)
                0x20005248                        . = ALIGN (0x4)
                0x20005248                        _ebss = .
                0x20005248                        __bss_end__ = _ebss

._user_heap_stack
                0x20005248      0x600 load address 0x080067e0
                0x20005248                        . = ALIGN (0x8)
                [!provide]                        PROVIDE (end = .)
                0x20005248                        PROVIDE (_end = .)
                0x20005448                        . = (. + _Min_Heap_Size)
 *fill*         0x20005248      0x200 
                0x20005848                        . = (. + _Min_Stack_Size)
 *fill*         0x20005448      0x400 
                0x20005848                        . = ALIGN (0x8)

/DISCARD/
 libc.a(*)
 libm.a(*)
 libgcc.a(*)

.ARM.attributes
                0x00000000       0x30
 *(.ARM.attributes)
 .ARM.attributes
                0x00000000       0x22 /home/emanuele/st/stm32cubeide_2.1.1/plugins/com.st.stm32cube.ide.mcu.externaltools.gnu-tools-for-stm32.14.3.rel1.linux64_1.0.100.202602081740/tools/bin/../lib/gcc/arm-none-eabi/14.3.1/thumb/v7e-m+fp/hard/crti.o
 .ARM.attributes
                0x00000022       0x34 /home/emanuele/st/stm32cubeide_2.1.1/plugins/com.st.stm32cube.ide.mcu.externaltools.gnu-tools-for-stm32.14.3.rel1.linux64_1.0.100.202602081740/tools/bin/../lib/gcc/arm-none-eabi/14.3.1/thumb/v7e-m+fp/hard/crtbegin.o
 .ARM.attributes
                0x00000056       0x34 ./Drivers/STM32L4xx_HAL_Driver/Src/stm32l4xx_hal.o
 .ARM.attributes
                0x0000008a       0x34 ./Drivers/STM32L4xx_HAL_Driver/Src/stm32l4xx_hal_adc.o
 .ARM.attributes
                0x000000be       0x34 ./Drivers/STM32L4xx_HAL_Driver/Src/stm32l4xx_hal_adc_ex.o
 .ARM.attributes
                0x000000f2       0x34 ./Drivers/STM32L4xx_HAL_Driver/Src/stm32l4xx_hal_comp.o
 .ARM.attributes
                0x00000126       0x34 ./Drivers/STM32L4xx_HAL_Driver/Src/stm32l4xx_hal_cortex.o
 .ARM.attributes
                0x0000015a       0x34 ./Drivers/STM32L4xx_HAL_Driver/Src/stm32l4xx_hal_dac.o
 .ARM.attributes
                0x0000018e       0x34 ./Drivers/STM32L4xx_HAL_Driver/Src/stm32l4xx_hal_gpio.o
 .ARM.attributes
                0x000001c2       0x34 ./Drivers/STM32L4xx_HAL_Driver/Src/stm32l4xx_hal_lcd.o
 .ARM.attributes
                0x000001f6       0x34 ./Drivers/STM32L4xx_HAL_Driver/Src/stm32l4xx_hal_opamp.o
 .ARM.attributes
                0x0000022a       0x34 ./Drivers/STM32L4xx_HAL_Driver/Src/stm32l4xx_hal_pwr_ex.o
 .ARM.attributes
                0x0000025e       0x34 ./Drivers/STM32L4xx_HAL_Driver/Src/stm32l4xx_hal_rcc.o
 .ARM.attributes
                0x00000292       0x34 ./Drivers/STM32L4xx_HAL_Driver/Src/stm32l4xx_hal_rcc_ex.o
 .ARM.attributes
                0x000002c6       0x34 ./Drivers/STM32L4xx_HAL_Driver/Src/stm32l4xx_hal_tim.o
 .ARM.attributes
                0x000002fa       0x34 ./Drivers/STM32L4xx_HAL_Driver/Src/stm32l4xx_hal_tim_ex.o
 .ARM.attributes
                0x0000032e       0x34 ./Drivers/STM32L4xx_HAL_Driver/Src/stm32l4xx_ll_gpio.o
 .ARM.attributes
                0x00000362       0x34 ./Middlewares/Third_Party/FreeRTOS/Source/CMSIS_RTOS_V2/cmsis_os2.o
 .ARM.attributes
                0x00000396       0x34 ./Middlewares/Third_Party/FreeRTOS/Source/event_groups.o
 .ARM.attributes
                0x000003ca       0x34 ./Middlewares/Third_Party/FreeRTOS/Source/list.o
 .ARM.attributes
                0x000003fe       0x34 ./Middlewares/Third_Party/FreeRTOS/Source/queue.o
 .ARM.attributes
                0x00000432       0x34 ./Middlewares/Third_Party/FreeRTOS/Source/tasks.o
 .ARM.attributes
                0x00000466       0x34 ./Middlewares/Third_Party/FreeRTOS/Source/timers.o
 .ARM.attributes
                0x0000049a       0x34 ./Middlewares/Third_Party/FreeRTOS/Source/portable/GCC/ARM_CM4F/port.o
 .ARM.attributes
                0x000004ce       0x34 ./Middlewares/Third_Party/FreeRTOS/Source/portable/MemMang/heap_4.o
 .ARM.attributes
                0x00000502       0x34 ./Src/acquisition.o
 .ARM.attributes
                0x00000536       0x34 ./Src/application.o
 .ARM.attributes
                0x0000056a       0x34 ./Src/display.o
 .ARM.attributes
                0x0000059e       0x34 ./Src/freertos.o
 .ARM.attributes
                0x000005d2       0x34 ./Src/io.o
 .ARM.attributes
                0x00000606       0x34 ./Src/lookup.o
 .ARM.attributes
                0x0000063a       0x34 ./Src/main.o
 .ARM.attributes
                0x0000066e       0x34 ./Src/stm32l4xx_hal_msp.o
 .ARM.attributes
                0x000006a2       0x34 ./Src/stm32l4xx_hal_timebase_tim.o
 .ARM.attributes
                0x000006d6       0x34 ./Src/stm32l4xx_it.o
 .ARM.attributes
                0x0000070a       0x34 ./Src/system_stm32l4xx.o
 .ARM.attributes
                0x0000073e       0x21 ./Startup/startup_stm32l496vetx.o
 .ARM.attributes
                0x0000075f       0x34 /home/emanuele/st/stm32cubeide_2.1.1/plugins/com.st.stm32cube.ide.mcu.externaltools.gnu-tools-for-stm32.14.3.rel1.linux64_1.0.100.202602081740/tools/bin/../lib/gcc/arm-none-eabi/14.3.1/../../../../arm-none-eabi/lib/thumb/v7e-m+fp/hard/libc_nano.a(libc_a-findfp.o)
 .ARM.attributes
                0x00000793       0x34 /home/emanuele/st/stm32cubeide_2.1.1/plugins/com.st.stm32cube.ide.mcu.externaltools.gnu-tools-for-stm32.14.3.rel1.linux64_1.0.100.202602081740/tools/bin/../lib/gcc/arm-none-eabi/14.3.1/../../../../arm-none-eabi/lib/thumb/v7e-m+fp/hard/libc_nano.a(libc_a-memset.o)
 .ARM.attributes
                0x000007c7       0x34 /home/emanuele/st/stm32cubeide_2.1.1/plugins/com.st.stm32cube.ide.mcu.externaltools.gnu-tools-for-stm32.14.3.rel1.linux64_1.0.100.202602081740/tools/bin/../lib/gcc/arm-none-eabi/14.3.1/../../../../arm-none-eabi/lib/thumb/v7e-m+fp/hard/libc_nano.a(libc_a-reent.o)
 .ARM.attributes
                0x000007fb       0x34 /home/emanuele/st/stm32cubeide_2.1.1/plugins/com.st.stm32cube.ide.mcu.externaltools.gnu-tools-for-stm32.14.3.rel1.linux64_1.0.100.202602081740/tools/bin/../lib/gcc/arm-none-eabi/14.3.1/../../../../arm-none-eabi/lib/thumb/v7e-m+fp/hard/libc_nano.a(libc_a-impure.o)
 .ARM.attributes
                0x0000082f       0x34 /home/emanuele/st/stm32cubeide_2.1.1/plugins/com.st.stm32cube.ide.mcu.externaltools.gnu-tools-for-stm32.14.3.rel1.linux64_1.0.100.202602081740/tools/bin/../lib/gcc/arm-none-eabi/14.3.1/../../../../arm-none-eabi/lib/thumb/v7e-m+fp/hard/libc_nano.a(libc_a-init.o)
 .ARM.attributes
                0x00000863       0x34 /home/emanuele/st/stm32cubeide_2.1.1/plugins/com.st.stm32cube.ide.mcu.externaltools.gnu-tools-for-stm32.14.3.rel1.linux64_1.0.100.202602081740/tools/bin/../lib/gcc/arm-none-eabi/14.3.1/../../../../arm-none-eabi/lib/thumb/v7e-m+fp/hard/libc_nano.a(libc_a-lock.o)
 .ARM.attributes
                0x00000897       0x34 /home/emanuele/st/stm32cubeide_2.1.1/plugins/com.st.stm32cube.ide.mcu.externaltools.gnu-tools-for-stm32.14.3.rel1.linux64_1.0.100.202602081740/tools/bin/../lib/gcc/arm-none-eabi/14.3.1/../../../../arm-none-eabi/lib/thumb/v7e-m+fp/hard/libc_nano.a(libc_a-memcpy-stub.o)
 .ARM.attributes
                0x000008cb       0x34 /home/emanuele/st/stm32cubeide_2.1.1/plugins/com.st.stm32cube.ide.mcu.externaltools.gnu-tools-for-stm32.14.3.rel1.linux64_1.0.100.202602081740/tools/bin/../lib/gcc/arm-none-eabi/14.3.1/../../../../arm-none-eabi/lib/thumb/v7e-m+fp/hard/libc_nano.a(libc_a-freer.o)
 .ARM.attributes
                0x000008ff       0x34 /home/emanuele/st/stm32cubeide_2.1.1/plugins/com.st.stm32cube.ide.mcu.externaltools.gnu-tools-for-stm32.14.3.rel1.linux64_1.0.100.202602081740/tools/bin/../lib/gcc/arm-none-eabi/14.3.1/../../../../arm-none-eabi/lib/thumb/v7e-m+fp/hard/libc_nano.a(libc_a-mallocr.o)
 .ARM.attributes
                0x00000933       0x34 /home/emanuele/st/stm32cubeide_2.1.1/plugins/com.st.stm32cube.ide.mcu.externaltools.gnu-tools-for-stm32.14.3.rel1.linux64_1.0.100.202602081740/tools/bin/../lib/gcc/arm-none-eabi/14.3.1/../../../../arm-none-eabi/lib/thumb/v7e-m+fp/hard/libc_nano.a(libc_a-mlock.o)
 .ARM.attributes
                0x00000967       0x22 /home/emanuele/st/stm32cubeide_2.1.1/plugins/com.st.stm32cube.ide.mcu.externaltools.gnu-tools-for-stm32.14.3.rel1.linux64_1.0.100.202602081740/tools/bin/../lib/gcc/arm-none-eabi/14.3.1/thumb/v7e-m+fp/hard/crtn.o
OUTPUT(virtlab-user-iese-fw3.elf elf32-littlearm)
LOAD linker stubs
LOAD /home/emanuele/st/stm32cubeide_2.1.1/plugins/com.st.stm32cube.ide.mcu.externaltools.gnu-tools-for-stm32.14.3.rel1.linux64_1.0.100.202602081740/tools/bin/../lib/gcc/arm-none-eabi/14.3.1/../../../../arm-none-eabi/lib/thumb/v7e-m+fp/hard/libc.a
LOAD /home/emanuele/st/stm32cubeide_2.1.1/plugins/com.st.stm32cube.ide.mcu.externaltools.gnu-tools-for-stm32.14.3.rel1.linux64_1.0.100.202602081740/tools/bin/../lib/gcc/arm-none-eabi/14.3.1/../../../../arm-none-eabi/lib/thumb/v7e-m+fp/hard/libm.a
LOAD /home/emanuele/st/stm32cubeide_2.1.1/plugins/com.st.stm32cube.ide.mcu.externaltools.gnu-tools-for-stm32.14.3.rel1.linux64_1.0.100.202602081740/tools/bin/../lib/gcc/arm-none-eabi/14.3.1/thumb/v7e-m+fp/hard/libgcc.a

.comment        0x00000000       0x43
 .comment       0x00000000       0x43 ./Drivers/STM32L4xx_HAL_Driver/Src/stm32l4xx_hal.o
                                 0x44 (size before relaxing)
 .comment       0x00000043       0x44 ./Drivers/STM32L4xx_HAL_Driver/Src/stm32l4xx_hal_adc.o
 .comment       0x00000043       0x44 ./Drivers/STM32L4xx_HAL_Driver/Src/stm32l4xx_hal_adc_ex.o
 .comment       0x00000043       0x44 ./Drivers/STM32L4xx_HAL_Driver/Src/stm32l4xx_hal_comp.o
 .comment       0x00000043       0x44 ./Drivers/STM32L4xx_HAL_Driver/Src/stm32l4xx_hal_cortex.o
 .comment       0x00000043       0x44 ./Drivers/STM32L4xx_HAL_Driver/Src/stm32l4xx_hal_dac.o
 .comment       0x00000043       0x44 ./Drivers/STM32L4xx_HAL_Driver/Src/stm32l4xx_hal_gpio.o
 .comment       0x00000043       0x44 ./Drivers/STM32L4xx_HAL_Driver/Src/stm32l4xx_hal_lcd.o
 .comment       0x00000043       0x44 ./Drivers/STM32L4xx_HAL_Driver/Src/stm32l4xx_hal_opamp.o
 .comment       0x00000043       0x44 ./Drivers/STM32L4xx_HAL_Driver/Src/stm32l4xx_hal_pwr_ex.o
 .comment       0x00000043       0x44 ./Drivers/STM32L4xx_HAL_Driver/Src/stm32l4xx_hal_rcc.o
 .comment       0x00000043       0x44 ./Drivers/STM32L4xx_HAL_Driver/Src/stm32l4xx_hal_rcc_ex.o
 .comment       0x00000043       0x44 ./Drivers/STM32L4xx_HAL_Driver/Src/stm32l4xx_hal_tim.o
 .comment       0x00000043       0x44 ./Drivers/STM32L4xx_HAL_Driver/Src/stm32l4xx_hal_tim_ex.o
 .comment       0x00000043       0x44 ./Drivers/STM32L4xx_HAL_Driver/Src/stm32l4xx_ll_gpio.o
 .comment       0x00000043       0x44 ./Middlewares/Third_Party/FreeRTOS/Source/CMSIS_RTOS_V2/cmsis_os2.o
 .comment       0x00000043       0x44 ./Middlewares/Third_Party/FreeRTOS/Source/event_groups.o
 .comment       0x00000043       0x44 ./Middlewares/Third_Party/FreeRTOS/Source/list.o
 .comment       0x00000043       0x44 ./Middlewares/Third_Party/FreeRTOS/Source/queue.o
 .comment       0x00000043       0x44 ./Middlewares/Third_Party/FreeRTOS/Source/tasks.o
 .comment       0x00000043       0x44 ./Middlewares/Third_Party/FreeRTOS/Source/timers.o
 .comment       0x00000043       0x44 ./Middlewares/Third_Party/FreeRTOS/Source/portable/GCC/ARM_CM4F/port.o
 .comment       0x00000043       0x44 ./Middlewares/Third_Party/FreeRTOS/Source/portable/MemMang/heap_4.o
 .comment       0x00000043       0x44 ./Src/acquisition.o
 .comment       0x00000043       0x44 ./Src/application.o
 .comment       0x00000043       0x44 ./Src/display.o
 .comment       0x00000043       0x44 ./Src/freertos.o
 .comment       0x00000043       0x44 ./Src/io.o
 .comment       0x00000043       0x44 ./Src/lookup.o
 .comment       0x00000043       0x44 ./Src/main.o
 .comment       0x00000043       0x44 ./Src/stm32l4xx_hal_msp.o
 .comment       0x00000043       0x44 ./Src/stm32l4xx_hal_timebase_tim.o
 .comment       0x00000043       0x44 ./Src/stm32l4xx_it.o
 .comment       0x00000043       0x44 ./Src/system_stm32l4xx.o

.debug_frame    0x00000000      0x358
 .debug_frame   0x00000000      0x144 /home/emanuele/st/stm32cubeide_2.1.1/plugins/com.st.stm32cube.ide.mcu.externaltools.gnu-tools-for-stm32.14.3.rel1.linux64_1.0.100.202602081740/tools/bin/../lib/gcc/arm-none-eabi/14.3.1/../../../../arm-none-eabi/lib/thumb/v7e-m+fp/hard/libc_nano.a(libc_a-findfp.o)
 .debug_frame   0x00000144       0x20 /home/emanuele/st/stm32cubeide_2.1.1/plugins/com.st.stm32cube.ide.mcu.externaltools.gnu-tools-for-stm32.14.3.rel1.linux64_1.0.100.202602081740/tools/bin/../lib/gcc/arm-none-eabi/14.3.1/../../../../arm-none-eabi/lib/thumb/v7e-m+fp/hard/libc_nano.a(libc_a-memset.o)
 .debug_frame   0x00000164       0x38 /home/emanuele/st/stm32cubeide_2.1.1/plugins/com.st.stm32cube.ide.mcu.externaltools.gnu-tools-for-stm32.14.3.rel1.linux64_1.0.100.202602081740/tools/bin/../lib/gcc/arm-none-eabi/14.3.1/../../../../arm-none-eabi/lib/thumb/v7e-m+fp/hard/libc_nano.a(libc_a-reent.o)
 .debug_frame   0x0000019c       0x2c /home/emanuele/st/stm32cubeide_2.1.1/plugins/com.st.stm32cube.ide.mcu.externaltools.gnu-tools-for-stm32.14.3.rel1.linux64_1.0.100.202602081740/tools/bin/../lib/gcc/arm-none-eabi/14.3.1/../../../../arm-none-eabi/lib/thumb/v7e-m+fp/hard/libc_nano.a(libc_a-init.o)
 .debug_frame   0x000001c8       0xb0 /home/emanuele/st/stm32cubeide_2.1.1/plugins/com.st.stm32cube.ide.mcu.externaltools.gnu-tools-for-stm32.14.3.rel1.linux64_1.0.100.202602081740/tools/bin/../lib/gcc/arm-none-eabi/14.3.1/../../../../arm-none-eabi/lib/thumb/v7e-m+fp/hard/libc_nano.a(libc_a-lock.o)
 .debug_frame   0x00000278       0x28 /home/emanuele/st/stm32cubeide_2.1.1/plugins/com.st.stm32cube.ide.mcu.externaltools.gnu-tools-for-stm32.14.3.rel1.linux64_1.0.100.202602081740/tools/bin/../lib/gcc/arm-none-eabi/14.3.1/../../../../arm-none-eabi/lib/thumb/v7e-m+fp/hard/libc_nano.a(libc_a-memcpy-stub.o)
 .debug_frame   0x000002a0       0x38 /home/emanuele/st/stm32cubeide_2.1.1/plugins/com.st.stm32cube.ide.mcu.externaltools.gnu-tools-for-stm32.14.3.rel1.linux64_1.0.100.202602081740/tools/bin/../lib/gcc/arm-none-eabi/14.3.1/../../../../arm-none-eabi/lib/thumb/v7e-m+fp/hard/libc_nano.a(libc_a-freer.o)
 .debug_frame   0x000002d8       0x50 /home/emanuele/st/stm32cubeide_2.1.1/plugins/com.st.stm32cube.ide.mcu.externaltools.gnu-tools-for-stm32.14.3.rel1.linux64_1.0.100.202602081740/tools/bin/../lib/gcc/arm-none-eabi/14.3.1/../../../../arm-none-eabi/lib/thumb/v7e-m+fp/hard/libc_nano.a(libc_a-mallocr.o)
 .debug_frame   0x00000328       0x30 /home/emanuele/st/stm32cubeide_2.1.1/plugins/com.st.stm32cube.ide.mcu.externaltools.gnu-tools-for-stm32.14.3.rel1.linux64_1.0.100.202602081740/tools/bin/../lib/gcc/arm-none-eabi/14.3.1/../../../../arm-none-eabi/lib/thumb/v7e-m+fp/hard/libc_nano.a(libc_a-mlock.o)
