../Drivers/STM32L4xx_HAL_Driver/Inc/stm32l4xx_ll_gpio.h:956:22:LL_GPIO_SetOutputPin	16	static
../Drivers/STM32L4xx_HAL_Driver/Inc/stm32l4xx_ll_gpio.h:985:22:LL_GPIO_ResetOutputPin	16	static
../Drivers/STM32L4xx_HAL_Driver/Inc/stm32l4xx_ll_bus.h:563:22:LL_AHB2_GRP1_EnableClock	24	static
../Src/main.c:162:5:main	8	static
../Src/main.c:271:6:SystemClock_Config	96	static
../Src/main.c:321:13:MX_ADC1_Init	48	static
../Src/main.c:388:13:MX_ADC2_Init	32	static
../Src/main.c:446:13:MX_ADC3_Init	32	static
../Src/main.c:504:13:MX_COMP1_Init	8	static
../Src/main.c:538:13:MX_DAC1_Init	48	static
../Src/main.c:588:13:MX_LCD_Init	8	static
../Src/main.c:626:13:MX_OPAMP1_Init	8	static
../Src/main.c:659:13:MX_OPAMP2_Init	8	static
../Src/main.c:692:13:MX_TIM1_Init	112	static
../Src/main.c:772:13:MX_GPIO_Init	32	static
../Src/main.c:878:13:StartDefaultTask	16	static
../Src/main.c:896:13:StartAcquisitionTask	16	static
../Src/main.c:914:13:StartDisplayTask	16	static
../Src/main.c:933:6:HAL_TIM_PeriodElapsedCallback	16	static
../Src/main.c:950:6:Error_Handler	4	static
