../Src/stm32l4xx_it.c:74:6:NMI_Handler	0	static
../Src/stm32l4xx_it.c:87:6:HardFault_Handler	0	static
../Src/stm32l4xx_it.c:102:6:MemManage_Handler	0	static
../Src/stm32l4xx_it.c:117:6:BusFault_Handler	0	static
../Src/stm32l4xx_it.c:132:6:UsageFault_Handler	0	static
../Src/stm32l4xx_it.c:147:6:DebugMon_Handler	0	static
../Src/stm32l4xx_it.c:167:6:ADC1_2_IRQHandler	8	static
../Src/stm32l4xx_it.c:182:6:TIM1_BRK_TIM15_IRQHandler	0	static
../Src/stm32l4xx_it.c:199:6:TIM1_UP_TIM16_IRQHandler	0	static
../Src/stm32l4xx_it.c:216:6:TIM1_TRG_COM_TIM17_IRQHandler	8	static
../Src/stm32l4xx_it.c:237:6:TIM1_CC_IRQHandler	0	static
