../Drivers/CMSIS/Include/core_cm4.h:1667:26:__NVIC_GetPriorityGrouping	4	static
../Drivers/CMSIS/Include/core_cm4.h:1679:22:__NVIC_EnableIRQ	16	static,ignoring_inline_asm
../Drivers/CMSIS/Include/core_cm4.h:1809:22:__NVIC_SetPriority	16	static
../Drivers/CMSIS/Include/core_cm4.h:1856:26:NVIC_EncodePriority	40	static
../Drivers/STM32L4xx_HAL_Driver/Inc/stm32l4xx_ll_tim.h:1678:22:LL_TIM_DisableARRPreload	16	static
../Drivers/STM32L4xx_HAL_Driver/Inc/stm32l4xx_ll_tim.h:2395:22:LL_TIM_OC_DisableFast	24	static
../Drivers/STM32L4xx_HAL_Driver/Inc/stm32l4xx_ll_tim.h:2447:22:LL_TIM_OC_EnablePreload	24	static
../Drivers/STM32L4xx_HAL_Driver/Inc/stm32l4xx_ll_tim.h:3229:22:LL_TIM_DisableExternalClock	16	static
../Drivers/STM32L4xx_HAL_Driver/Inc/stm32l4xx_ll_tim.h:3266:22:LL_TIM_SetClockSource	16	static
../Drivers/STM32L4xx_HAL_Driver/Inc/stm32l4xx_ll_tim.h:3312:22:LL_TIM_SetTriggerOutput	16	static
../Drivers/STM32L4xx_HAL_Driver/Inc/stm32l4xx_ll_tim.h:3409:22:LL_TIM_DisableMasterSlaveMode	16	static
../Drivers/STM32L4xx_HAL_Driver/Inc/stm32l4xx_ll_tim.h:3462:22:LL_TIM_ConfigETR	24	static
../Drivers/STM32L4xx_HAL_Driver/Inc/stm32l4xx_ll_tim.h:4077:22:LL_TIM_SetOCRefClearInputSource	16	static
../Drivers/STM32L4xx_HAL_Driver/Inc/stm32l4xx_ll_bus.h:563:22:LL_AHB2_GRP1_EnableClock	24	static
../Drivers/STM32L4xx_HAL_Driver/Inc/stm32l4xx_ll_bus.h:1087:22:LL_APB1_GRP1_EnableClock	24	static
../Src/main.c:102:5:main	8	static
../Src/main.c:191:6:SystemClock_Config	96	static
../Src/main.c:241:13:MX_ADC1_Init	48	static
../Src/main.c:308:13:MX_ADC3_Init	32	static
../Src/main.c:366:13:MX_COMP1_Init	8	static
../Src/main.c:400:13:MX_DAC1_Init	48	static
../Src/main.c:450:13:MX_LCD_Init	8	static
../Src/main.c:488:13:MX_OPAMP1_Init	8	static
../Src/main.c:521:13:MX_OPAMP2_Init	8	static
../Src/main.c:554:13:MX_TIM1_Init	112	static
../Src/main.c:634:13:MX_TIM4_Init	88	static
../Src/main.c:698:13:MX_GPIO_Init	56	static
../Src/main.c:819:13:StartDefaultTask	16	static
../Src/main.c:838:6:HAL_TIM_PeriodElapsedCallback	16	static
../Src/main.c:855:6:Error_Handler	4	static
