../Drivers/CMSIS/Include/core_cm4.h:1667:26:__NVIC_GetPriorityGrouping	1
../Drivers/CMSIS/Include/core_cm4.h:1679:22:__NVIC_EnableIRQ	2
../Drivers/CMSIS/Include/core_cm4.h:1809:22:__NVIC_SetPriority	2
../Drivers/CMSIS/Include/core_cm4.h:1856:26:NVIC_EncodePriority	2
../Drivers/STM32L4xx_HAL_Driver/Inc/stm32l4xx_ll_tim.h:1678:22:LL_TIM_DisableARRPreload	1
../Drivers/STM32L4xx_HAL_Driver/Inc/stm32l4xx_ll_tim.h:2395:22:LL_TIM_OC_DisableFast	9
../Drivers/STM32L4xx_HAL_Driver/Inc/stm32l4xx_ll_tim.h:2447:22:LL_TIM_OC_EnablePreload	9
../Drivers/STM32L4xx_HAL_Driver/Inc/stm32l4xx_ll_tim.h:3229:22:LL_TIM_DisableExternalClock	1
../Drivers/STM32L4xx_HAL_Driver/Inc/stm32l4xx_ll_tim.h:3266:22:LL_TIM_SetClockSource	1
../Drivers/STM32L4xx_HAL_Driver/Inc/stm32l4xx_ll_tim.h:3312:22:LL_TIM_SetTriggerOutput	1
../Drivers/STM32L4xx_HAL_Driver/Inc/stm32l4xx_ll_tim.h:3409:22:LL_TIM_DisableMasterSlaveMode	1
../Drivers/STM32L4xx_HAL_Driver/Inc/stm32l4xx_ll_tim.h:3462:22:LL_TIM_ConfigETR	1
../Drivers/STM32L4xx_HAL_Driver/Inc/stm32l4xx_ll_tim.h:4077:22:LL_TIM_SetOCRefClearInputSource	1
../Drivers/STM32L4xx_HAL_Driver/Inc/stm32l4xx_ll_bus.h:563:22:LL_AHB2_GRP1_EnableClock	1
../Drivers/STM32L4xx_HAL_Driver/Inc/stm32l4xx_ll_bus.h:1087:22:LL_APB1_GRP1_EnableClock	1
../Src/main.c:102:5:main	1
../Src/main.c:191:6:SystemClock_Config	4
../Src/main.c:241:13:MX_ADC1_Init	4
../Src/main.c:308:13:MX_ADC3_Init	3
../Src/main.c:366:13:MX_COMP1_Init	2
../Src/main.c:400:13:MX_DAC1_Init	4
../Src/main.c:450:13:MX_LCD_Init	2
../Src/main.c:488:13:MX_OPAMP1_Init	2
../Src/main.c:521:13:MX_OPAMP2_Init	2
../Src/main.c:554:13:MX_TIM1_Init	7
../Src/main.c:634:13:MX_TIM4_Init	1
../Src/main.c:698:13:MX_GPIO_Init	1
../Src/main.c:819:13:StartDefaultTask	1
../Src/main.c:838:6:HAL_TIM_PeriodElapsedCallback	2
../Src/main.c:855:6:Error_Handler	1
