../Drivers/STM32L4xx_HAL_Driver/Inc/stm32l4xx_ll_gpio.h:956:22:LL_GPIO_SetOutputPin	16	static
../Drivers/STM32L4xx_HAL_Driver/Inc/stm32l4xx_ll_gpio.h:985:22:LL_GPIO_ResetOutputPin	16	static
../Drivers/STM32L4xx_HAL_Driver/Inc/stm32l4xx_ll_bus.h:563:22:LL_AHB2_GRP1_EnableClock	24	static
../Src/main.c:186:5:main	8	static
../Src/main.c:301:6:SystemClock_Config	96	static
../Src/main.c:351:13:MX_ADC1_Init	48	static
../Src/main.c:418:13:MX_ADC2_Init	32	static
../Src/main.c:476:13:MX_ADC3_Init	32	static
../Src/main.c:534:13:MX_COMP1_Init	8	static
../Src/main.c:568:13:MX_DAC1_Init	48	static
../Src/main.c:618:13:MX_LCD_Init	8	static
../Src/main.c:656:13:MX_OPAMP1_Init	8	static
../Src/main.c:689:13:MX_OPAMP2_Init	8	static
../Src/main.c:722:13:MX_TIM1_Init	112	static
../Src/main.c:802:13:MX_GPIO_Init	32	static
../Src/main.c:918:13:StartDefaultTask	16	static
../Src/main.c:936:13:StartAcquisitionTask	16	static
../Src/main.c:954:13:StartDisplayTask	16	static
../Src/main.c:972:13:StartHeaterTask	16	static
../Src/main.c:991:6:HAL_TIM_PeriodElapsedCallback	16	static
../Src/main.c:1008:6:Error_Handler	4	static
