Archive member included to satisfy reference by file (symbol)

/Applications/STM32CubeIDE.app/Contents/Eclipse/plugins/com.st.stm32cube.ide.mcu.externaltools.gnu-tools-for-stm32.13.3.rel1.macos64_1.0.0.202411102158/tools/bin/../lib/gcc/arm-none-eabi/13.3.1/../../../../arm-none-eabi/lib/thumb/v7e-m+fp/hard/libc_nano.a(libc_a-exit.o)
                              /Applications/STM32CubeIDE.app/Contents/Eclipse/plugins/com.st.stm32cube.ide.mcu.externaltools.gnu-tools-for-stm32.13.3.rel1.macos64_1.0.0.202411102158/tools/bin/../lib/gcc/arm-none-eabi/13.3.1/../../../../arm-none-eabi/lib/thumb/v7e-m+fp/hard/crt0.o (exit)
/Applications/STM32CubeIDE.app/Contents/Eclipse/plugins/com.st.stm32cube.ide.mcu.externaltools.gnu-tools-for-stm32.13.3.rel1.macos64_1.0.0.202411102158/tools/bin/../lib/gcc/arm-none-eabi/13.3.1/../../../../arm-none-eabi/lib/thumb/v7e-m+fp/hard/libc_nano.a(libc_a-findfp.o)
                              ./Middlewares/Third_Party/FreeRTOS/Source/tasks.o (__sf)
/Applications/STM32CubeIDE.app/Contents/Eclipse/plugins/com.st.stm32cube.ide.mcu.externaltools.gnu-tools-for-stm32.13.3.rel1.macos64_1.0.0.202411102158/tools/bin/../lib/gcc/arm-none-eabi/13.3.1/../../../../arm-none-eabi/lib/thumb/v7e-m+fp/hard/libc_nano.a(libc_a-fwalk.o)
                              /Applications/STM32CubeIDE.app/Contents/Eclipse/plugins/com.st.stm32cube.ide.mcu.externaltools.gnu-tools-for-stm32.13.3.rel1.macos64_1.0.0.202411102158/tools/bin/../lib/gcc/arm-none-eabi/13.3.1/../../../../arm-none-eabi/lib/thumb/v7e-m+fp/hard/libc_nano.a(libc_a-findfp.o) (_fwalk_sglue)
/Applications/STM32CubeIDE.app/Contents/Eclipse/plugins/com.st.stm32cube.ide.mcu.externaltools.gnu-tools-for-stm32.13.3.rel1.macos64_1.0.0.202411102158/tools/bin/../lib/gcc/arm-none-eabi/13.3.1/../../../../arm-none-eabi/lib/thumb/v7e-m+fp/hard/libc_nano.a(libc_a-memset.o)
                              /Applications/STM32CubeIDE.app/Contents/Eclipse/plugins/com.st.stm32cube.ide.mcu.externaltools.gnu-tools-for-stm32.13.3.rel1.macos64_1.0.0.202411102158/tools/bin/../lib/gcc/arm-none-eabi/13.3.1/../../../../arm-none-eabi/lib/thumb/v7e-m+fp/hard/crt0.o (memset)
/Applications/STM32CubeIDE.app/Contents/Eclipse/plugins/com.st.stm32cube.ide.mcu.externaltools.gnu-tools-for-stm32.13.3.rel1.macos64_1.0.0.202411102158/tools/bin/../lib/gcc/arm-none-eabi/13.3.1/../../../../arm-none-eabi/lib/thumb/v7e-m+fp/hard/libc_nano.a(libc_a-errno.o)
                              ./Src/syscalls.o (__errno)
/Applications/STM32CubeIDE.app/Contents/Eclipse/plugins/com.st.stm32cube.ide.mcu.externaltools.gnu-tools-for-stm32.13.3.rel1.macos64_1.0.0.202411102158/tools/bin/../lib/gcc/arm-none-eabi/13.3.1/../../../../arm-none-eabi/lib/thumb/v7e-m+fp/hard/libc_nano.a(libc_a-init.o)
                              /Applications/STM32CubeIDE.app/Contents/Eclipse/plugins/com.st.stm32cube.ide.mcu.externaltools.gnu-tools-for-stm32.13.3.rel1.macos64_1.0.0.202411102158/tools/bin/../lib/gcc/arm-none-eabi/13.3.1/../../../../arm-none-eabi/lib/thumb/v7e-m+fp/hard/crt0.o (__libc_init_array)
/Applications/STM32CubeIDE.app/Contents/Eclipse/plugins/com.st.stm32cube.ide.mcu.externaltools.gnu-tools-for-stm32.13.3.rel1.macos64_1.0.0.202411102158/tools/bin/../lib/gcc/arm-none-eabi/13.3.1/../../../../arm-none-eabi/lib/thumb/v7e-m+fp/hard/libc_nano.a(libc_a-lock.o)
                              /Applications/STM32CubeIDE.app/Contents/Eclipse/plugins/com.st.stm32cube.ide.mcu.externaltools.gnu-tools-for-stm32.13.3.rel1.macos64_1.0.0.202411102158/tools/bin/../lib/gcc/arm-none-eabi/13.3.1/../../../../arm-none-eabi/lib/thumb/v7e-m+fp/hard/libc_nano.a(libc_a-findfp.o) (__retarget_lock_init_recursive)
/Applications/STM32CubeIDE.app/Contents/Eclipse/plugins/com.st.stm32cube.ide.mcu.externaltools.gnu-tools-for-stm32.13.3.rel1.macos64_1.0.0.202411102158/tools/bin/../lib/gcc/arm-none-eabi/13.3.1/../../../../arm-none-eabi/lib/thumb/v7e-m+fp/hard/libc_nano.a(libc_a-reent.o)
                              ./Middlewares/Third_Party/FreeRTOS/Source/tasks.o (_reclaim_reent)
/Applications/STM32CubeIDE.app/Contents/Eclipse/plugins/com.st.stm32cube.ide.mcu.externaltools.gnu-tools-for-stm32.13.3.rel1.macos64_1.0.0.202411102158/tools/bin/../lib/gcc/arm-none-eabi/13.3.1/../../../../arm-none-eabi/lib/thumb/v7e-m+fp/hard/libc_nano.a(libc_a-impure.o)
                              ./Middlewares/Third_Party/FreeRTOS/Source/tasks.o (_impure_ptr)
/Applications/STM32CubeIDE.app/Contents/Eclipse/plugins/com.st.stm32cube.ide.mcu.externaltools.gnu-tools-for-stm32.13.3.rel1.macos64_1.0.0.202411102158/tools/bin/../lib/gcc/arm-none-eabi/13.3.1/../../../../arm-none-eabi/lib/thumb/v7e-m+fp/hard/libc_nano.a(libc_a-memcpy-stub.o)
                              ./Middlewares/Third_Party/FreeRTOS/Source/CMSIS_RTOS_V2/cmsis_os2.o (memcpy)
[...]
Memory Configuration

Name             Origin             Length             Attributes
RAM              0x20000000         0x00050000         xrw
FLASH            0x08000000         0x00080000         xr
*default*        0x00000000         0xffffffff

Linker script and memory map

LOAD /Applications/STM32CubeIDE.app/Contents/Eclipse/plugins/com.st.stm32cube.ide.mcu.externaltools.gnu-tools-for-stm32.13.3.rel1.macos64_1.0.0.202411102158/tools/bin/../lib/gcc/arm-none-eabi/13.3.1/thumb/v7e-m+fp/hard/crti.o
LOAD /Applications/STM32CubeIDE.app/Contents/Eclipse/plugins/com.st.stm32cube.ide.mcu.externaltools.gnu-tools-for-stm32.13.3.rel1.macos64_1.0.0.202411102158/tools/bin/../lib/gcc/arm-none-eabi/13.3.1/thumb/v7e-m+fp/hard/crtbegin.o
LOAD /Applications/STM32CubeIDE.app/Contents/Eclipse/plugins/com.st.stm32cube.ide.mcu.externaltools.gnu-tools-for-stm32.13.3.rel1.macos64_1.0.0.202411102158/tools/bin/../lib/gcc/arm-none-eabi/13.3.1/../../../../arm-none-eabi/lib/thumb/v7e-m+fp/hard/crt0.o
LOAD ./Drivers/STM32L4xx_HAL_Driver/Src/stm32l4xx_hal.o
LOAD ./Drivers/STM32L4xx_HAL_Driver/Src/stm32l4xx_hal_adc.o
LOAD ./Drivers/STM32L4xx_HAL_Driver/Src/stm32l4xx_hal_adc_ex.o
LOAD ./Drivers/STM32L4xx_HAL_Driver/Src/stm32l4xx_hal_comp.o
LOAD ./Drivers/STM32L4xx_HAL_Driver/Src/stm32l4xx_hal_cortex.o
LOAD ./Drivers/STM32L4xx_HAL_Driver/Src/stm32l4xx_hal_dac.o
LOAD ./Drivers/STM32L4xx_HAL_Driver/Src/stm32l4xx_hal_dac_ex.o
LOAD ./Drivers/STM32L4xx_HAL_Driver/Src/stm32l4xx_hal_dma.o
LOAD ./Drivers/STM32L4xx_HAL_Driver/Src/stm32l4xx_hal_dma_ex.o
LOAD ./Drivers/STM32L4xx_HAL_Driver/Src/stm32l4xx_hal_exti.o
LOAD ./Drivers/STM32L4xx_HAL_Driver/Src/stm32l4xx_hal_flash.o
LOAD ./Drivers/STM32L4xx_HAL_Driver/Src/stm32l4xx_hal_flash_ex.o
LOAD ./Drivers/STM32L4xx_HAL_Driver/Src/stm32l4xx_hal_flash_ramfunc.o
LOAD ./Drivers/STM32L4xx_HAL_Driver/Src/stm32l4xx_hal_gpio.o
LOAD ./Drivers/STM32L4xx_HAL_Driver/Src/stm32l4xx_hal_i2c.o
LOAD ./Drivers/STM32L4xx_HAL_Driver/Src/stm32l4xx_hal_i2c_ex.o
LOAD ./Drivers/STM32L4xx_HAL_Driver/Src/stm32l4xx_hal_lcd.o
LOAD ./Drivers/STM32L4xx_HAL_Driver/Src/stm32l4xx_hal_opamp.o
LOAD ./Drivers/STM32L4xx_HAL_Driver/Src/stm32l4xx_hal_opamp_ex.o
LOAD ./Drivers/STM32L4xx_HAL_Driver/Src/stm32l4xx_hal_pwr.o
LOAD ./Drivers/STM32L4xx_HAL_Driver/Src/stm32l4xx_hal_pwr_ex.o
LOAD ./Drivers/STM32L4xx_HAL_Driver/Src/stm32l4xx_hal_rcc.o
LOAD ./Drivers/STM32L4xx_HAL_Driver/Src/stm32l4xx_hal_rcc_ex.o
LOAD ./Drivers/STM32L4xx_HAL_Driver/Src/stm32l4xx_hal_tim.o
LOAD ./Drivers/STM32L4xx_HAL_Driver/Src/stm32l4xx_hal_tim_ex.o
LOAD ./Drivers/STM32L4xx_HAL_Driver/Src/stm32l4xx_ll_dma.o
LOAD ./Drivers/STM32L4xx_HAL_Driver/Src/stm32l4xx_ll_exti.o
LOAD ./Drivers/STM32L4xx_HAL_Driver/Src/stm32l4xx_ll_gpio.o
LOAD ./Drivers/STM32L4xx_HAL_Driver/Src/stm32l4xx_ll_tim.o
LOAD ./Drivers/STM32L4xx_HAL_Driver/Src/stm32l4xx_ll_utils.o
LOAD ./Middlewares/Third_Party/FreeRTOS/Source/CMSIS_RTOS_V2/cmsis_os2.o
LOAD ./Middlewares/Third_Party/FreeRTOS/Source/croutine.o
LOAD ./Middlewares/Third_Party/FreeRTOS/Source/event_groups.o
LOAD ./Middlewares/Third_Party/FreeRTOS/Source/list.o
LOAD ./Middlewares/Third_Party/FreeRTOS/Source/queue.o
LOAD ./Middlewares/Third_Party/FreeRTOS/Source/stream_buffer.o
LOAD ./Middlewares/Third_Party/FreeRTOS/Source/tasks.o
LOAD ./Middlewares/Third_Party/FreeRTOS/Source/timers.o
LOAD ./Middlewares/Third_Party/FreeRTOS/Source/portable/GCC/ARM_CM4F/port.o
LOAD ./Middlewares/Third_Party/FreeRTOS/Source/portable/MemMang/heap_4.o
LOAD ./Src/application.o
LOAD ./Src/freertos.o
LOAD ./Src/io.o
LOAD ./Src/main.o
LOAD ./Src/stm32l4xx_hal_msp.o
LOAD ./Src/stm32l4xx_hal_timebase_tim.o
LOAD ./Src/stm32l4xx_it.o
LOAD ./Src/syscalls.o
LOAD ./Src/sysmem.o
LOAD ./Src/system_stm32l4xx.o
LOAD ./Startup/startup_stm32l496vetx.o
START GROUP
LOAD /Applications/STM32CubeIDE.app/Contents/Eclipse/plugins/com.st.stm32cube.ide.mcu.externaltools.gnu-tools-for-stm32.13.3.rel1.macos64_1.0.0.202411102158/tools/bin/../lib/gcc/arm-none-eabi/13.3.1/../../../../arm-none-eabi/lib/thumb/v7e-m+fp/hard/libc_nano.a
LOAD /Applications/STM32CubeIDE.app/Contents/Eclipse/plugins/com.st.stm32cube.ide.mcu.externaltools.gnu-tools-for-stm32.13.3.rel1.macos64_1.0.0.202411102158/tools/bin/../lib/gcc/arm-none-eabi/13.3.1/../../../../arm-none-eabi/lib/thumb/v7e-m+fp/hard/libm.a
END GROUP
START GROUP
LOAD /Applications/STM32CubeIDE.app/Contents/Eclipse/plugins/com.st.stm32cube.ide.mcu.externaltools.gnu-tools-for-stm32.13.3.rel1.macos64_1.0.0.202411102158/tools/bin/../lib/gcc/arm-none-eabi/13.3.1/thumb/v7e-m+fp/hard/libgcc.a
LOAD /Applications/STM32CubeIDE.app/Contents/Eclipse/plugins/com.st.stm32cube.ide.mcu.externaltools.gnu-tools-for-stm32.13.3.rel1.macos64_1.0.0.202411102158/tools/bin/../lib/gcc/arm-none-eabi/13.3.1/../../../../arm-none-eabi/lib/thumb/v7e-m+fp/hard/libc_nano.a
END GROUP
START GROUP
LOAD /Applications/STM32CubeIDE.app/Contents/Eclipse/plugins/com.st.stm32cube.ide.mcu.externaltools.gnu-tools-for-stm32.13.3.rel1.macos64_1.0.0.202411102158/tools/bin/../lib/gcc/arm-none-eabi/13.3.1/thumb/v7e-m+fp/hard/libgcc.a
LOAD /Applications/STM32CubeIDE.app/Contents/Eclipse/plugins/com.st.stm32cube.ide.mcu.externaltools.gnu-tools-for-stm32.13.3.rel1.macos64_1.0.0.202411102158/tools/bin/../lib/gcc/arm-none-eabi/13.3.1/../../../../arm-none-eabi/lib/thumb/v7e-m+fp/hard/libc_nano.a
LOAD /Applications/STM32CubeIDE.app/Contents/Eclipse/plugins/com.st.stm32cube.ide.mcu.externaltools.gnu-tools-for-stm32.13.3.rel1.macos64_1.0.0.202411102158/tools/bin/../lib/gcc/arm-none-eabi/13.3.1/../../../../arm-none-eabi/lib/thumb/v7e-m+fp/hard/libnosys.a
END GROUP
START GROUP
LOAD /Applications/STM32CubeIDE.app/Contents/Eclipse/plugins/com.st.stm32cube.ide.mcu.externaltools.gnu-tools-for-stm32.13.3.rel1.macos64_1.0.0.202411102158/tools/bin/../lib/gcc/arm-none-eabi/13.3.1/thumb/v7e-m+fp/hard/libgcc.a
LOAD /Applications/STM32CubeIDE.app/Contents/Eclipse/plugins/com.st.stm32cube.ide.mcu.externaltools.gnu-tools-for-stm32.13.3.rel1.macos64_1.0.0.202411102158/tools/bin/../lib/gcc/arm-none-eabi/13.3.1/../../../../arm-none-eabi/lib/thumb/v7e-m+fp/hard/libc_nano.a
LOAD /Applications/STM32CubeIDE.app/Contents/Eclipse/plugins/com.st.stm32cube.ide.mcu.externaltools.gnu-tools-for-stm32.13.3.rel1.macos64_1.0.0.202411102158/tools/bin/../lib/gcc/arm-none-eabi/13.3.1/../../../../arm-none-eabi/lib/thumb/v7e-m+fp/hard/libnosys.a
END GROUP
LOAD /Applications/STM32CubeIDE.app/Contents/Eclipse/plugins/com.st.stm32cube.ide.mcu.externaltools.gnu-tools-for-stm32.13.3.rel1.macos64_1.0.0.202411102158/tools/bin/../lib/gcc/arm-none-eabi/13.3.1/thumb/v7e-m+fp/hard/crtend.o
LOAD /Applications/STM32CubeIDE.app/Contents/Eclipse/plugins/com.st.stm32cube.ide.mcu.externaltools.gnu-tools-for-stm32.13.3.rel1.macos64_1.0.0.202411102158/tools/bin/../lib/gcc/arm-none-eabi/13.3.1/thumb/v7e-m+fp/hard/crtn.o
                0x20050000                        _estack = (ORIGIN (RAM) + LENGTH (RAM))
                0x00000200                        _Min_Heap_Size = 0x200
                0x00000400                        _Min_Stack_Size = 0x400

.isr_vector     0x08000000      0x1ac
                0x08000000                        . = ALIGN (0x4)
 *(.isr_vector)
 .isr_vector    0x08000000      0x1ac ./Startup/startup_stm32l496vetx.o
                0x08000000                g_pfnVectors
                0x080001ac                        . = ALIGN (0x4)

.text           0x080001b0     0x5b84
                0x080001b0                        . = ALIGN (0x4)
 *(.text)
 .text          0x080001b0       0x40 /Applications/STM32CubeIDE.app/Contents/Eclipse/plugins/com.st.stm32cube.ide.mcu.externaltools.gnu-tools-for-stm32.13.3.rel1.macos64_1.0.0.202411102158/tools/bin/../lib/gcc/arm-none-eabi/13.3.1/thumb/v7e-m+fp/hard/crtbegin.o
 *(.text*)
 .text.HAL_Init
                0x080001f0       0x34 ./Drivers/STM32L4xx_HAL_Driver/Src/stm32l4xx_hal.o
                0x080001f0                HAL_Init
 .text.HAL_IncTick
                0x08000224       0x18 ./Drivers/STM32L4xx_HAL_Driver/Src/stm32l4xx_hal.o
                0x08000224                HAL_IncTick
 .text.HAL_GetTick
                0x0800023c        0xc ./Drivers/STM32L4xx_HAL_Driver/Src/stm32l4xx_hal.o
                0x0800023c                HAL_GetTick
 .text.HAL_Delay
                0x08000248       0x28 ./Drivers/STM32L4xx_HAL_Driver/Src/stm32l4xx_hal.o
                0x08000248                HAL_Delay
 .text.HAL_SYSCFG_VREFBUF_VoltageScalingConfig
                0x08000270       0x14 ./Drivers/STM32L4xx_HAL_Driver/Src/stm32l4xx_hal.o
                0x08000270                HAL_SYSCFG_VREFBUF_VoltageScalingConfig
 .text.HAL_SYSCFG_VREFBUF_HighImpedanceConfig
                0x08000284       0x14 ./Drivers/STM32L4xx_HAL_Driver/Src/stm32l4xx_hal.o
                0x08000284                HAL_SYSCFG_VREFBUF_HighImpedanceConfig
 .text.HAL_SYSCFG_EnableVREFBUF
                0x08000298       0x30 ./Drivers/STM32L4xx_HAL_Driver/Src/stm32l4xx_hal.o
                0x08000298                HAL_SYSCFG_EnableVREFBUF
 .text.LL_ADC_SetChannelSamplingTime
                0x080002c8       0x20 ./Drivers/STM32L4xx_HAL_Driver/Src/stm32l4xx_hal_adc.o
 .text.LL_ADC_IsEnabled
                0x080002e8        0x8 ./Drivers/STM32L4xx_HAL_Driver/Src/stm32l4xx_hal_adc.o
 .text.LL_ADC_REG_IsConversionOngoing
                0x080002f0        0x8 ./Drivers/STM32L4xx_HAL_Driver/Src/stm32l4xx_hal_adc.o
 .text.HAL_ADC_Init
                0x080002f8      0x1b8 ./Drivers/STM32L4xx_HAL_Driver/Src/stm32l4xx_hal_adc.o
                0x080002f8                HAL_ADC_Init
 .text.HAL_ADC_ConfigChannel
                0x080004b0      0x394 ./Drivers/STM32L4xx_HAL_Driver/Src/stm32l4xx_hal_adc.o
                0x080004b0                HAL_ADC_ConfigChannel
 .text.LL_ADC_IsEnabled
                0x08000844        0x8 ./Drivers/STM32L4xx_HAL_Driver/Src/stm32l4xx_hal_adc_ex.o
 .text.LL_ADC_REG_IsConversionOngoing
                0x0800084c        0x8 ./Drivers/STM32L4xx_HAL_Driver/Src/stm32l4xx_hal_adc_ex.o
 .text.HAL_ADCEx_MultiModeConfigChannel
                0x08000854       0xe8 ./Drivers/STM32L4xx_HAL_Driver/Src/stm32l4xx_hal_adc_ex.o
                0x08000854                HAL_ADCEx_MultiModeConfigChannel
 .text.HAL_COMP_Init
                0x0800093c      0x130 ./Drivers/STM32L4xx_HAL_Driver/Src/stm32l4xx_hal_comp.o
                0x0800093c                HAL_COMP_Init
 .text.HAL_NVIC_SetPriorityGrouping
                0x08000a6c       0x24 ./Drivers/STM32L4xx_HAL_Driver/Src/stm32l4xx_hal_cortex.o
                0x08000a6c                HAL_NVIC_SetPriorityGrouping
 .text.HAL_NVIC_SetPriority
                0x08000a90       0x64 ./Drivers/STM32L4xx_HAL_Driver/Src/stm32l4xx_hal_cortex.o
                0x08000a90                HAL_NVIC_SetPriority
 .text.HAL_NVIC_EnableIRQ
                0x08000af4       0x1c ./Drivers/STM32L4xx_HAL_Driver/Src/stm32l4xx_hal_cortex.o
                0x08000af4                HAL_NVIC_EnableIRQ
 .text.HAL_DAC_Init
                0x08000b10       0x26 ./Drivers/STM32L4xx_HAL_Driver/Src/stm32l4xx_hal_dac.o
                0x08000b10                HAL_DAC_Init
 .text.HAL_DAC_ConfigChannel
                0x08000b36      0x124 ./Drivers/STM32L4xx_HAL_Driver/Src/stm32l4xx_hal_dac.o
                0x08000b36                HAL_DAC_ConfigChannel
 *fill*         0x08000c5a        0x2 
 .text.HAL_GPIO_Init
                0x08000c5c      0x1ac ./Drivers/STM32L4xx_HAL_Driver/Src/stm32l4xx_hal_gpio.o
                0x08000c5c                HAL_GPIO_Init
 .text.HAL_GPIO_WritePin
                0x08000e08        0xa ./Drivers/STM32L4xx_HAL_Driver/Src/stm32l4xx_hal_gpio.o
                0x08000e08                HAL_GPIO_WritePin
 .text.HAL_GPIO_TogglePin
                0x08000e12       0x12 ./Drivers/STM32L4xx_HAL_Driver/Src/stm32l4xx_hal_gpio.o
                0x08000e12                HAL_GPIO_TogglePin
 .text.LCD_WaitForSynchro
                0x08000e24       0x2a ./Drivers/STM32L4xx_HAL_Driver/Src/stm32l4xx_hal_lcd.o
                0x08000e24                LCD_WaitForSynchro
 .text.HAL_LCD_Init
                0x08000e4e       0xf6 ./Drivers/STM32L4xx_HAL_Driver/Src/stm32l4xx_hal_lcd.o
                0x08000e4e                HAL_LCD_Init
 .text.HAL_OPAMP_Init
                0x08000f44       0xf8 ./Drivers/STM32L4xx_HAL_Driver/Src/stm32l4xx_hal_opamp.o
                0x08000f44                HAL_OPAMP_Init
 .text.HAL_PWREx_GetVoltageRange
                0x0800103c       0x10 ./Drivers/STM32L4xx_HAL_Driver/Src/stm32l4xx_hal_pwr_ex.o
                0x0800103c                HAL_PWREx_GetVoltageRange
 .text.HAL_PWREx_ControlVoltageScaling
                0x0800104c       0x6c ./Drivers/STM32L4xx_HAL_Driver/Src/stm32l4xx_hal_pwr_ex.o
                0x0800104c                HAL_PWREx_ControlVoltageScaling
 .text.RCC_SetFlashLatencyFromMSIRange
                0x080010b8       0x84 ./Drivers/STM32L4xx_HAL_Driver/Src/stm32l4xx_hal_rcc.o
 .text.HAL_RCC_GetSysClockFreq
                0x0800113c       0x94 ./Drivers/STM32L4xx_HAL_Driver/Src/stm32l4xx_hal_rcc.o
                0x0800113c                HAL_RCC_GetSysClockFreq
 .text.HAL_RCC_OscConfig
                0x080011d0      0x54c ./Drivers/STM32L4xx_HAL_Driver/Src/stm32l4xx_hal_rcc.o
                0x080011d0                HAL_RCC_OscConfig
 .text.HAL_RCC_ClockConfig
                0x0800171c      0x154 ./Drivers/STM32L4xx_HAL_Driver/Src/stm32l4xx_hal_rcc.o
                0x0800171c                HAL_RCC_ClockConfig
 .text.HAL_RCC_GetPCLK2Freq
                0x08001870       0x24 ./Drivers/STM32L4xx_HAL_Driver/Src/stm32l4xx_hal_rcc.o
                0x08001870                HAL_RCC_GetPCLK2Freq
 .text.HAL_RCC_GetClockConfig
                0x08001894       0x3c ./Drivers/STM32L4xx_HAL_Driver/Src/stm32l4xx_hal_rcc.o
                0x08001894                HAL_RCC_GetClockConfig
 .text.RCCEx_PLLSAI1_Config
                0x080018d0      0x10c ./Drivers/STM32L4xx_HAL_Driver/Src/stm32l4xx_hal_rcc_ex.o
 .text.RCCEx_PLLSAI2_Config
                0x080019dc       0xf4 ./Drivers/STM32L4xx_HAL_Driver/Src/stm32l4xx_hal_rcc_ex.o
 .text.HAL_RCCEx_PeriphCLKConfig
                0x08001ad0      0x40c ./Drivers/STM32L4xx_HAL_Driver/Src/stm32l4xx_hal_rcc_ex.o
                0x08001ad0                HAL_RCCEx_PeriphCLKConfig
 .text.TIM_OC1_SetConfig
                0x08001edc       0x74 ./Drivers/STM32L4xx_HAL_Driver/Src/stm32l4xx_hal_tim.o
 .text.TIM_OC3_SetConfig
                0x08001f50       0x80 ./Drivers/STM32L4xx_HAL_Driver/Src/stm32l4xx_hal_tim.o
 .text.TIM_OC4_SetConfig
                0x08001fd0       0x68 ./Drivers/STM32L4xx_HAL_Driver/Src/stm32l4xx_hal_tim.o
 .text.TIM_OC5_SetConfig
                0x08002038       0x68 ./Drivers/STM32L4xx_HAL_Driver/Src/stm32l4xx_hal_tim.o
 .text.TIM_OC6_SetConfig
                0x080020a0       0x68 ./Drivers/STM32L4xx_HAL_Driver/Src/stm32l4xx_hal_tim.o
 .text.HAL_TIM_PWM_MspInit
                0x08002108        0x2 ./Drivers/STM32L4xx_HAL_Driver/Src/stm32l4xx_hal_tim.o
                0x08002108                HAL_TIM_PWM_MspInit
 .text.HAL_TIM_PeriodElapsedHalfCpltCallback
                0x0800210a        0x2 ./Drivers/STM32L4xx_HAL_Driver/Src/stm32l4xx_hal_tim.o
                0x0800210a                HAL_TIM_PeriodElapsedHalfCpltCallback
 .text.HAL_TIM_OC_DelayElapsedCallback
                0x0800210c        0x2 ./Drivers/STM32L4xx_HAL_Driver/Src/stm32l4xx_hal_tim.o
                0x0800210c                HAL_TIM_OC_DelayElapsedCallback
 .text.HAL_TIM_IC_CaptureCallback
                0x0800210e        0x2 ./Drivers/STM32L4xx_HAL_Driver/Src/stm32l4xx_hal_tim.o
                0x0800210e                HAL_TIM_IC_CaptureCallback
 .text.HAL_TIM_IC_CaptureHalfCpltCallback
                0x08002110        0x2 ./Drivers/STM32L4xx_HAL_Driver/Src/stm32l4xx_hal_tim.o
                0x08002110                HAL_TIM_IC_CaptureHalfCpltCallback
 .text.HAL_TIM_PWM_PulseFinishedCallback
                0x08002112        0x2 ./Drivers/STM32L4xx_HAL_Driver/Src/stm32l4xx_hal_tim.o
                0x08002112                HAL_TIM_PWM_PulseFinishedCallback
 .text.HAL_TIM_PWM_PulseFinishedHalfCpltCallback
                0x08002114        0x2 ./Drivers/STM32L4xx_HAL_Driver/Src/stm32l4xx_hal_tim.o
                0x08002114                HAL_TIM_PWM_PulseFinishedHalfCpltCallback
 .text.HAL_TIM_TriggerCallback
                0x08002116        0x2 ./Drivers/STM32L4xx_HAL_Driver/Src/stm32l4xx_hal_tim.o
                0x08002116                HAL_TIM_TriggerCallback
 .text.HAL_TIM_TriggerHalfCpltCallback
                0x08002118        0x2 ./Drivers/STM32L4xx_HAL_Driver/Src/stm32l4xx_hal_tim.o
                0x08002118                HAL_TIM_TriggerHalfCpltCallback
 .text.HAL_TIM_ErrorCallback
                0x0800211a        0x2 ./Drivers/STM32L4xx_HAL_Driver/Src/stm32l4xx_hal_tim.o
                0x0800211a                HAL_TIM_ErrorCallback
 .text.HAL_TIM_Base_Start_IT
                0x0800211c       0x74 ./Drivers/STM32L4xx_HAL_Driver/Src/stm32l4xx_hal_tim.o
                0x0800211c                HAL_TIM_Base_Start_IT
 .text.HAL_TIM_IRQHandler
                0x08002190      0x15a ./Drivers/STM32L4xx_HAL_Driver/Src/stm32l4xx_hal_tim.o
                0x08002190                HAL_TIM_IRQHandler
 .text.HAL_TIM_RegisterCallback
                0x080022ea       0xe6 ./Drivers/STM32L4xx_HAL_Driver/Src/stm32l4xx_hal_tim.o
                0x080022ea                HAL_TIM_RegisterCallback
 .text.TIM_Base_SetConfig
                0x080023d0       0xb0 ./Drivers/STM32L4xx_HAL_Driver/Src/stm32l4xx_hal_tim.o
                0x080023d0                TIM_Base_SetConfig
 .text.TIM_OC2_SetConfig
                0x08002480       0x80 ./Drivers/STM32L4xx_HAL_Driver/Src/stm32l4xx_hal_tim.o
                0x08002480                TIM_OC2_SetConfig
 .text.HAL_TIM_PWM_ConfigChannel
                0x08002500       0xf8 ./Drivers/STM32L4xx_HAL_Driver/Src/stm32l4xx_hal_tim.o
                0x08002500                HAL_TIM_PWM_ConfigChannel
 .text.TIM_ETR_SetConfig
                0x080025f8       0x14 ./Drivers/STM32L4xx_HAL_Driver/Src/stm32l4xx_hal_tim.o
                0x080025f8                TIM_ETR_SetConfig
 .text.HAL_TIM_ConfigClockSource
                0x0800260c      0x134 ./Drivers/STM32L4xx_HAL_Driver/Src/stm32l4xx_hal_tim.o
                0x0800260c                HAL_TIM_ConfigClockSource
 .text.TIM_CCxChannelCmd
                0x08002740       0x1c ./Drivers/STM32L4xx_HAL_Driver/Src/stm32l4xx_hal_tim.o
                0x08002740                TIM_CCxChannelCmd
 .text.HAL_TIM_OC_Start_IT
                0x0800275c      0x138 ./Drivers/STM32L4xx_HAL_Driver/Src/stm32l4xx_hal_tim.o
                0x0800275c                HAL_TIM_OC_Start_IT
 .text.HAL_TIM_PWM_Start_IT
                0x08002894        0x4 ./Drivers/STM32L4xx_HAL_Driver/Src/stm32l4xx_hal_tim.o
                0x08002894                HAL_TIM_PWM_Start_IT
 .text.HAL_TIM_OC_Stop_IT
                0x08002898       0xd4 ./Drivers/STM32L4xx_HAL_Driver/Src/stm32l4xx_hal_tim.o
                0x08002898                HAL_TIM_OC_Stop_IT
 .text.HAL_TIM_PWM_Stop_IT
                0x0800296c        0x4 ./Drivers/STM32L4xx_HAL_Driver/Src/stm32l4xx_hal_tim.o
                0x0800296c                HAL_TIM_PWM_Stop_IT
 .text.TIM_ResetCallback
                0x08002970       0x90 ./Drivers/STM32L4xx_HAL_Driver/Src/stm32l4xx_hal_tim.o
                0x08002970                TIM_ResetCallback
 .text.HAL_TIM_Base_Init
                0x08002a00       0x74 ./Drivers/STM32L4xx_HAL_Driver/Src/stm32l4xx_hal_tim.o
                0x08002a00                HAL_TIM_Base_Init
 .text.HAL_TIM_PWM_Init
                0x08002a74       0x74 ./Drivers/STM32L4xx_HAL_Driver/Src/stm32l4xx_hal_tim.o
                0x08002a74                HAL_TIM_PWM_Init
 .text.HAL_TIMEx_MasterConfigSynchronization
                0x08002ae8       0x8c ./Drivers/STM32L4xx_HAL_Driver/Src/stm32l4xx_hal_tim_ex.o
                0x08002ae8                HAL_TIMEx_MasterConfigSynchronization
 .text.HAL_TIMEx_ConfigBreakDeadTime
                0x08002b74       0x84 ./Drivers/STM32L4xx_HAL_Driver/Src/stm32l4xx_hal_tim_ex.o
                0x08002b74                HAL_TIMEx_ConfigBreakDeadTime
 .text.HAL_TIMEx_CommutCallback
                0x08002bf8        0x2 ./Drivers/STM32L4xx_HAL_Driver/Src/stm32l4xx_hal_tim_ex.o
                0x08002bf8                HAL_TIMEx_CommutCallback
 .text.HAL_TIMEx_CommutHalfCpltCallback
                0x08002bfa        0x2 ./Drivers/STM32L4xx_HAL_Driver/Src/stm32l4xx_hal_tim_ex.o
                0x08002bfa                HAL_TIMEx_CommutHalfCpltCallback
 .text.HAL_TIMEx_BreakCallback
                0x08002bfc        0x2 ./Drivers/STM32L4xx_HAL_Driver/Src/stm32l4xx_hal_tim_ex.o
                0x08002bfc                HAL_TIMEx_BreakCallback
 .text.HAL_TIMEx_Break2Callback
                0x08002bfe        0x2 ./Drivers/STM32L4xx_HAL_Driver/Src/stm32l4xx_hal_tim_ex.o
                0x08002bfe                HAL_TIMEx_Break2Callback
 .text.LL_GPIO_Init
                0x08002c00      0x138 ./Drivers/STM32L4xx_HAL_Driver/Src/stm32l4xx_ll_gpio.o
                0x08002c00                LL_GPIO_Init
 .text.LL_TIM_Init
                0x08002d38       0xa0 ./Drivers/STM32L4xx_HAL_Driver/Src/stm32l4xx_ll_tim.o
                0x08002d38                LL_TIM_Init
 .text.LL_TIM_OC_Init
                0x08002dd8      0x304 ./Drivers/STM32L4xx_HAL_Driver/Src/stm32l4xx_ll_tim.o
                0x08002dd8                LL_TIM_OC_Init
 .text.SysTick_Handler
                0x080030dc       0x1a ./Middlewares/Third_Party/FreeRTOS/Source/CMSIS_RTOS_V2/cmsis_os2.o
                0x080030dc                SysTick_Handler
 *fill*         0x080030f6        0x2 
 .text.osKernelInitialize
                0x080030f8       0x24 ./Middlewares/Third_Party/FreeRTOS/Source/CMSIS_RTOS_V2/cmsis_os2.o
                0x080030f8                osKernelInitialize
 .text.osKernelStart
                0x0800311c       0x34 ./Middlewares/Third_Party/FreeRTOS/Source/CMSIS_RTOS_V2/cmsis_os2.o
                0x0800311c                osKernelStart
 .text.osThreadNew
                0x08003150       0x88 ./Middlewares/Third_Party/FreeRTOS/Source/CMSIS_RTOS_V2/cmsis_os2.o
                0x08003150                osThreadNew
 .text.osDelay  0x080031d8       0x18 ./Middlewares/Third_Party/FreeRTOS/Source/CMSIS_RTOS_V2/cmsis_os2.o
                0x080031d8                osDelay
 .text.vApplicationGetIdleTaskMemory
                0x080031f0       0x18 ./Middlewares/Third_Party/FreeRTOS/Source/CMSIS_RTOS_V2/cmsis_os2.o
                0x080031f0                vApplicationGetIdleTaskMemory
 .text.vApplicationGetTimerTaskMemory
                0x08003208       0x18 ./Middlewares/Third_Party/FreeRTOS/Source/CMSIS_RTOS_V2/cmsis_os2.o
                0x08003208                vApplicationGetTimerTaskMemory
 .text.vListInitialise
                0x08003220       0x16 ./Middlewares/Third_Party/FreeRTOS/Source/list.o
                0x08003220                vListInitialise
 .text.vListInitialiseItem
                0x08003236        0x6 ./Middlewares/Third_Party/FreeRTOS/Source/list.o
                0x08003236                vListInitialiseItem
 .text.vListInsertEnd
                0x0800323c       0x16 ./Middlewares/Third_Party/FreeRTOS/Source/list.o
                0x0800323c                vListInsertEnd
 .text.vListInsert
                0x08003252       0x2e ./Middlewares/Third_Party/FreeRTOS/Source/list.o
                0x08003252                vListInsert
 .text.uxListRemove
                0x08003280       0x20 ./Middlewares/Third_Party/FreeRTOS/Source/list.o
                0x08003280                uxListRemove
 .text.prvIsQueueEmpty
                0x080032a0       0x16 ./Middlewares/Third_Party/FreeRTOS/Source/queue.o
 .text.prvCopyDataToQueue
                0x080032b6       0x66 ./Middlewares/Third_Party/FreeRTOS/Source/queue.o
 .text.prvCopyDataFromQueue
                0x0800331c       0x2c ./Middlewares/Third_Party/FreeRTOS/Source/queue.o
 .text.prvUnlockQueue
                0x08003348       0x6c ./Middlewares/Third_Party/FreeRTOS/Source/queue.o
 .text.xQueueGenericReset
                0x080033b4       0x7e ./Middlewares/Third_Party/FreeRTOS/Source/queue.o
                0x080033b4                xQueueGenericReset
 .text.xQueueGenericCreateStatic
                0x08003432       0x9c ./Middlewares/Third_Party/FreeRTOS/Source/queue.o
                0x08003432                xQueueGenericCreateStatic
 .text.xQueueGenericSend
                0x080034ce      0x164 ./Middlewares/Third_Party/FreeRTOS/Source/queue.o
                0x080034ce                xQueueGenericSend
 .text.xQueueGenericSendFromISR
                0x08003632       0xba ./Middlewares/Third_Party/FreeRTOS/Source/queue.o
                0x08003632                xQueueGenericSendFromISR
 .text.xQueueReceive
                0x080036ec      0x13c ./Middlewares/Third_Party/FreeRTOS/Source/queue.o
                0x080036ec                xQueueReceive
 .text.vQueueAddToRegistry
                0x08003828       0x24 ./Middlewares/Third_Party/FreeRTOS/Source/queue.o
                0x08003828                vQueueAddToRegistry
 .text.vQueueWaitForMessageRestricted
                0x0800384c       0x46 ./Middlewares/Third_Party/FreeRTOS/Source/queue.o
                0x0800384c                vQueueWaitForMessageRestricted
 *fill*         0x08003892        0x2 
 .text.prvAddNewTaskToReadyList
                0x08003894      0x100 ./Middlewares/Third_Party/FreeRTOS/Source/tasks.o
 .text.prvAddCurrentTaskToDelayedList
                0x08003994       0x70 ./Middlewares/Third_Party/FreeRTOS/Source/tasks.o
 .text.prvGetExpectedIdleTime
                0x08003a04       0x3c ./Middlewares/Third_Party/FreeRTOS/Source/tasks.o
 .text.prvResetNextTaskUnblockTime
                0x08003a40       0x24 ./Middlewares/Third_Party/FreeRTOS/Source/tasks.o
 .text.prvDeleteTCB
                0x08003a64       0x3c ./Middlewares/Third_Party/FreeRTOS/Source/tasks.o
 .text.prvInitialiseNewTask.constprop.0
                0x08003aa0       0xb8 ./Middlewares/Third_Party/FreeRTOS/Source/tasks.o
 .text.xTaskCreateStatic
                0x08003b58       0x70 ./Middlewares/Third_Party/FreeRTOS/Source/tasks.o
                0x08003b58                xTaskCreateStatic
 .text.xTaskCreate
                0x08003bc8       0x5c ./Middlewares/Third_Party/FreeRTOS/Source/tasks.o
                0x08003bc8                xTaskCreate
 .text.vTaskStartScheduler
                0x08003c24       0xa0 ./Middlewares/Third_Party/FreeRTOS/Source/tasks.o
                0x08003c24                vTaskStartScheduler
 .text.vTaskSuspendAll
                0x08003cc4       0x10 ./Middlewares/Third_Party/FreeRTOS/Source/tasks.o
                0x08003cc4                vTaskSuspendAll
 .text.xTaskGetTickCount
                0x08003cd4        0xc ./Middlewares/Third_Party/FreeRTOS/Source/tasks.o
                0x08003cd4                xTaskGetTickCount
 .text.vTaskStepTick
                0x08003ce0       0x30 ./Middlewares/Third_Party/FreeRTOS/Source/tasks.o
                0x08003ce0                vTaskStepTick
 .text.xTaskIncrementTick
                0x08003d10      0x12c ./Middlewares/Third_Party/FreeRTOS/Source/tasks.o
                0x08003d10                xTaskIncrementTick
 .text.xTaskResumeAll
                0x08003e3c       0xe8 ./Middlewares/Third_Party/FreeRTOS/Source/tasks.o
                0x08003e3c                xTaskResumeAll
 .text.vTaskDelay
                0x08003f24       0x48 ./Middlewares/Third_Party/FreeRTOS/Source/tasks.o
                0x08003f24                vTaskDelay
 .text.prvIdleTask
                0x08003f6c       0xa4 ./Middlewares/Third_Party/FreeRTOS/Source/tasks.o
 .text.vTaskSwitchContext
                0x08004010       0x80 ./Middlewares/Third_Party/FreeRTOS/Source/tasks.o
                0x08004010                vTaskSwitchContext
 .text.vTaskPlaceOnEventList
                0x08004090       0x34 ./Middlewares/Third_Party/FreeRTOS/Source/tasks.o
                0x08004090                vTaskPlaceOnEventList
 .text.vTaskPlaceOnEventListRestricted
                0x080040c4       0x3c ./Middlewares/Third_Party/FreeRTOS/Source/tasks.o
                0x080040c4                vTaskPlaceOnEventListRestricted
 .text.xTaskRemoveFromEventList
                0x08004100       0x88 ./Middlewares/Third_Party/FreeRTOS/Source/tasks.o
                0x08004100                xTaskRemoveFromEventList
 .text.vTaskInternalSetTimeOutState
                0x08004188       0x18 ./Middlewares/Third_Party/FreeRTOS/Source/tasks.o
                0x08004188                vTaskInternalSetTimeOutState
 .text.xTaskCheckForTimeOut
                0x080041a0       0x78 ./Middlewares/Third_Party/FreeRTOS/Source/tasks.o
                0x080041a0                xTaskCheckForTimeOut
 .text.vTaskMissedYield
                0x08004218        0xc ./Middlewares/Third_Party/FreeRTOS/Source/tasks.o
                0x08004218                vTaskMissedYield
 .text.eTaskConfirmSleepModeStatus
                0x08004224       0x34 ./Middlewares/Third_Party/FreeRTOS/Source/tasks.o
                0x08004224                eTaskConfirmSleepModeStatus
 .text.xTaskGetSchedulerState
                0x08004258       0x20 ./Middlewares/Third_Party/FreeRTOS/Source/tasks.o
                0x08004258                xTaskGetSchedulerState
 .text.xTaskPriorityDisinherit
                0x08004278       0x84 ./Middlewares/Third_Party/FreeRTOS/Source/tasks.o
                0x08004278                xTaskPriorityDisinherit
 .text.prvInsertTimerInActiveList
                0x080042fc       0x3c ./Middlewares/Third_Party/FreeRTOS/Source/timers.o
 .text.prvCheckForValidListAndQueue
                0x08004338       0x68 ./Middlewares/Third_Party/FreeRTOS/Source/timers.o
 .text.xTimerCreateTimerTask
                0x080043a0       0x64 ./Middlewares/Third_Party/FreeRTOS/Source/timers.o
                0x080043a0                xTimerCreateTimerTask
 .text.xTimerGenericCommand
                0x08004404       0x58 ./Middlewares/Third_Party/FreeRTOS/Source/timers.o
                0x08004404                xTimerGenericCommand
 .text.prvSampleTimeNow
                0x0800445c       0xa4 ./Middlewares/Third_Party/FreeRTOS/Source/timers.o
 .text.prvTimerTask
                0x08004500      0x1cc ./Middlewares/Third_Party/FreeRTOS/Source/timers.o
 .text.prvPortStartFirstTask
                0x080046cc       0x28 ./Middlewares/Third_Party/FreeRTOS/Source/portable/GCC/ARM_CM4F/port.o
 .text.vPortEnableVFP
                0x080046f4       0x14 ./Middlewares/Third_Party/FreeRTOS/Source/portable/GCC/ARM_CM4F/port.o
 .text.prvTaskExitError
                0x08004708       0x40 ./Middlewares/Third_Party/FreeRTOS/Source/portable/GCC/ARM_CM4F/port.o
 .text.pxPortInitialiseStack
                0x08004748       0x2c ./Middlewares/Third_Party/FreeRTOS/Source/portable/GCC/ARM_CM4F/port.o
                0x08004748                pxPortInitialiseStack
 *fill*         0x08004774        0xc 
 .text.SVC_Handler
                0x08004780       0x24 ./Middlewares/Third_Party/FreeRTOS/Source/portable/GCC/ARM_CM4F/port.o
                0x08004780                SVC_Handler
 .text.vPortEnterCritical
                0x080047a4       0x40 ./Middlewares/Third_Party/FreeRTOS/Source/portable/GCC/ARM_CM4F/port.o
                0x080047a4                vPortEnterCritical
 .text.vPortExitCritical
                0x080047e4       0x28 ./Middlewares/Third_Party/FreeRTOS/Source/portable/GCC/ARM_CM4F/port.o
                0x080047e4                vPortExitCritical
 *fill*         0x0800480c        0x4 
 .text.PendSV_Handler
                0x08004810       0x64 ./Middlewares/Third_Party/FreeRTOS/Source/portable/GCC/ARM_CM4F/port.o
                0x08004810                PendSV_Handler
 .text.xPortSysTickHandler
                0x08004874       0x2c ./Middlewares/Third_Party/FreeRTOS/Source/portable/GCC/ARM_CM4F/port.o
                0x08004874                xPortSysTickHandler
 .text.vPortSuppressTicksAndSleep
                0x080048a0       0xf8 ./Middlewares/Third_Party/FreeRTOS/Source/portable/GCC/ARM_CM4F/port.o
                0x080048a0                vPortSuppressTicksAndSleep
 .text.vPortSetupTimerInterrupt
                0x08004998       0x4c ./Middlewares/Third_Party/FreeRTOS/Source/portable/GCC/ARM_CM4F/port.o
                0x08004998                vPortSetupTimerInterrupt
 .text.xPortStartScheduler
                0x080049e4      0x104 ./Middlewares/Third_Party/FreeRTOS/Source/portable/GCC/ARM_CM4F/port.o
                0x080049e4                xPortStartScheduler
 .text.vPortValidateInterruptPriority
                0x08004ae8       0x5c ./Middlewares/Third_Party/FreeRTOS/Source/portable/GCC/ARM_CM4F/port.o
                0x08004ae8                vPortValidateInterruptPriority
 .text.prvInsertBlockIntoFreeList
                0x08004b44       0x4c ./Middlewares/Third_Party/FreeRTOS/Source/portable/MemMang/heap_4.o
 .text.pvPortMalloc
                0x08004b90      0x130 ./Middlewares/Third_Party/FreeRTOS/Source/portable/MemMang/heap_4.o
                0x08004b90                pvPortMalloc
 .text.vPortFree
                0x08004cc0       0x7c ./Middlewares/Third_Party/FreeRTOS/Source/portable/MemMang/heap_4.o
                0x08004cc0                vPortFree
 .text.tim1Callback
                0x08004d3c       0x24 ./Src/application.o
                0x08004d3c                tim1Callback
 .text.tim4PeriodCallback
                0x08004d60       0x10 ./Src/application.o
                0x08004d60                tim4PeriodCallback
 .text.StartDefaultTask
                0x08004d70      0x154 ./Src/application.o
                0x08004d70                StartDefaultTask
 .text.PreSleepProcessing
                0x08004ec4        0x2 ./Src/freertos.o
                0x08004ec4                PreSleepProcessing
 .text.PostSleepProcessing
                0x08004ec6        0x2 ./Src/freertos.o
                0x08004ec6                PostSleepProcessing
 .text.led0     0x08004ec8       0x1c ./Src/io.o
                0x08004ec8                led0
 .text.led1     0x08004ee4       0x1c ./Src/io.o
                0x08004ee4                led1
 .text.led2     0x08004f00       0x1c ./Src/io.o
                0x08004f00                led2
 .text.led3     0x08004f1c       0x1c ./Src/io.o
                0x08004f1c                led3
 .text.getSwitch0
                0x08004f38       0x10 ./Src/io.o
                0x08004f38                getSwitch0
 .text.getSwitch1
                0x08004f48       0x10 ./Src/io.o
                0x08004f48                getSwitch1
 .text.getSwitch2
                0x08004f58       0x10 ./Src/io.o
                0x08004f58                getSwitch2
 .text.getSwitch3
                0x08004f68       0x10 ./Src/io.o
                0x08004f68                getSwitch3
 .text.getSwitch4
                0x08004f78       0x10 ./Src/io.o
                0x08004f78                getSwitch4
 .text.getSwitch5
                0x08004f88       0x10 ./Src/io.o
                0x08004f88                getSwitch5
 .text.SystemClock_Config
                0x08004f98       0x62 ./Src/main.o
                0x08004f98                SystemClock_Config
 *fill*         0x08004ffa        0x2 
 .text.startup.main
                0x08004ffc      0x530 ./Src/main.o
                0x08004ffc                main
 .text.HAL_TIM_PeriodElapsedCallback
                0x0800552c       0x14 ./Src/main.o
                0x0800552c                HAL_TIM_PeriodElapsedCallback
 .text.Error_Handler
                0x08005540        0x2 ./Src/main.o
                0x08005540                Error_Handler
 *fill*         0x08005542        0x2 
 .text.HAL_MspInit
                0x08005544       0x50 ./Src/stm32l4xx_hal_msp.o
                0x08005544                HAL_MspInit
 .text.HAL_ADC_MspInit
                0x08005594       0xfc ./Src/stm32l4xx_hal_msp.o
                0x08005594                HAL_ADC_MspInit
 .text.HAL_COMP_MspInit
                0x08005690       0x4c ./Src/stm32l4xx_hal_msp.o
                0x08005690                HAL_COMP_MspInit
 .text.HAL_DAC_MspInit
                0x080056dc       0x5c ./Src/stm32l4xx_hal_msp.o
                0x080056dc                HAL_DAC_MspInit
 .text.HAL_LCD_MspInit
                0x08005738       0xe4 ./Src/stm32l4xx_hal_msp.o
                0x08005738                HAL_LCD_MspInit
 .text.HAL_OPAMP_MspInit
                0x0800581c      0x100 ./Src/stm32l4xx_hal_msp.o
                0x0800581c                HAL_OPAMP_MspInit
 .text.HAL_TIM_Base_MspInit
                0x0800591c       0x50 ./Src/stm32l4xx_hal_msp.o
                0x0800591c                HAL_TIM_Base_MspInit
 .text.HAL_TIM_MspPostInit
                0x0800596c       0x54 ./Src/stm32l4xx_hal_msp.o
                0x0800596c                HAL_TIM_MspPostInit
 .text.TimeBase_TIM_PeriodElapsedCallback
                0x080059c0        0x4 ./Src/stm32l4xx_hal_timebase_tim.o
                0x080059c0                TimeBase_TIM_PeriodElapsedCallback
 .text.HAL_InitTick
                0x080059c4       0x9c ./Src/stm32l4xx_hal_timebase_tim.o
                0x080059c4                HAL_InitTick
 .text.NMI_Handler
                0x08005a60        0x2 ./Src/stm32l4xx_it.o
                0x08005a60                NMI_Handler
 .text.HardFault_Handler
                0x08005a62        0x2 ./Src/stm32l4xx_it.o
                0x08005a62                HardFault_Handler
 .text.MemManage_Handler
                0x08005a64        0x2 ./Src/stm32l4xx_it.o
                0x08005a64                MemManage_Handler
 .text.BusFault_Handler
                0x08005a66        0x2 ./Src/stm32l4xx_it.o
                0x08005a66                BusFault_Handler
 .text.UsageFault_Handler
                0x08005a68        0x2 ./Src/stm32l4xx_it.o
                0x08005a68                UsageFault_Handler
 .text.DebugMon_Handler
                0x08005a6a        0x2 ./Src/stm32l4xx_it.o
                0x08005a6a                DebugMon_Handler
 .text.TIM1_TRG_COM_TIM17_IRQHandler
                0x08005a6c       0x24 ./Src/stm32l4xx_it.o
                0x08005a6c                TIM1_TRG_COM_TIM17_IRQHandler
 .text.TIM1_CC_IRQHandler
                0x08005a90        0xc ./Src/stm32l4xx_it.o
                0x08005a90                TIM1_CC_IRQHandler
 .text.TIM4_IRQHandler
                0x08005a9c        0x4 ./Src/stm32l4xx_it.o
                0x08005a9c                TIM4_IRQHandler
 .text.SystemInit
                0x08005aa0       0x48 ./Src/system_stm32l4xx.o
                0x08005aa0                SystemInit
 .text.Reset_Handler
                0x08005ae8       0x50 ./Startup/startup_stm32l496vetx.o
                0x08005ae8                Reset_Handler
 .text.Default_Handler
                0x08005b38        0x2 ./Startup/startup_stm32l496vetx.o
                0x08005b38                TIM1_BRK_TIM15_IRQHandler
                0x08005b38                EXTI2_IRQHandler
                0x08005b38                TIM8_TRG_COM_IRQHandler
                0x08005b38                TIM8_CC_IRQHandler
                0x08005b38                TSC_IRQHandler
                0x08005b38                TAMP_STAMP_IRQHandler
                0x08005b38                CAN2_RX1_IRQHandler
                0x08005b38                EXTI3_IRQHandler
                0x08005b38                LPTIM2_IRQHandler
                0x08005b38                DFSDM1_FLT1_IRQHandler
                0x08005b38                I2C3_ER_IRQHandler
                0x08005b38                DFSDM1_FLT2_IRQHandler
                0x08005b38                EXTI0_IRQHandler
                0x08005b38                I2C2_EV_IRQHandler
                0x08005b38                CAN1_RX0_IRQHandler
                0x08005b38                FPU_IRQHandler
                0x08005b38                TIM1_UP_TIM16_IRQHandler
                0x08005b38                CAN2_SCE_IRQHandler
                0x08005b38                ADC1_2_IRQHandler
                0x08005b38                SPI1_IRQHandler
                0x08005b38                TIM6_DAC_IRQHandler
                0x08005b38                DCMI_IRQHandler
                0x08005b38                CAN2_RX0_IRQHandler
                0x08005b38                TIM8_UP_IRQHandler
                0x08005b38                DMA2_Channel2_IRQHandler
                0x08005b38                DMA1_Channel4_IRQHandler
                0x08005b38                SAI2_IRQHandler
                0x08005b38                DFSDM1_FLT3_IRQHandler
                0x08005b38                USART3_IRQHandler
                0x08005b38                DMA1_Channel7_IRQHandler
                0x08005b38                CAN1_RX1_IRQHandler
                0x08005b38                LCD_IRQHandler
                0x08005b38                UART5_IRQHandler
                0x08005b38                ADC3_IRQHandler
                0x08005b38                DMA2_Channel1_IRQHandler
                0x08005b38                QUADSPI_IRQHandler
                0x08005b38                I2C1_EV_IRQHandler
                0x08005b38                DMA1_Channel6_IRQHandler
                0x08005b38                UART4_IRQHandler
                0x08005b38                DMA2_Channel4_IRQHandler
                0x08005b38                TIM3_IRQHandler
                0x08005b38                RCC_IRQHandler
                0x08005b38                DMA1_Channel1_IRQHandler
                0x08005b38                Default_Handler
                0x08005b38                DMA2_Channel7_IRQHandler
                0x08005b38                EXTI15_10_IRQHandler
                0x08005b38                TIM7_IRQHandler
                0x08005b38                SDMMC1_IRQHandler
                0x08005b38                CAN2_TX_IRQHandler
                0x08005b38                TIM5_IRQHandler
                0x08005b38                I2C3_EV_IRQHandler
                0x08005b38                EXTI9_5_IRQHandler
                0x08005b38                RTC_WKUP_IRQHandler
                0x08005b38                PVD_PVM_IRQHandler
                0x08005b38                SPI2_IRQHandler
                0x08005b38                CAN1_TX_IRQHandler
                0x08005b38                DMA2_Channel5_IRQHandler
                0x08005b38                CRS_IRQHandler
                0x08005b38                DMA1_Channel5_IRQHandler
                0x08005b38                EXTI4_IRQHandler
                0x08005b38                RNG_IRQHandler
                0x08005b38                DMA1_Channel3_IRQHandler
                0x08005b38                COMP_IRQHandler
                0x08005b38                WWDG_IRQHandler
                0x08005b38                I2C4_EV_IRQHandler
                0x08005b38                LPUART1_IRQHandler
                0x08005b38                DMA2_Channel6_IRQHandler
                0x08005b38                TIM2_IRQHandler
                0x08005b38                EXTI1_IRQHandler
                0x08005b38                USART2_IRQHandler
                0x08005b38                DFSDM1_FLT0_IRQHandler
                0x08005b38                I2C2_ER_IRQHandler
                0x08005b38                DMA1_Channel2_IRQHandler
                0x08005b38                TIM8_BRK_IRQHandler
                0x08005b38                CAN1_SCE_IRQHandler
                0x08005b38                FLASH_IRQHandler
                0x08005b38                USART1_IRQHandler
                0x08005b38                OTG_FS_IRQHandler
                0x08005b38                SPI3_IRQHandler
                0x08005b38                I2C1_ER_IRQHandler
                0x08005b38                FMC_IRQHandler
                0x08005b38                SWPMI1_IRQHandler
                0x08005b38                LPTIM1_IRQHandler
                0x08005b38                I2C4_ER_IRQHandler
                0x08005b38                SAI1_IRQHandler
                0x08005b38                DMA2_Channel3_IRQHandler
                0x08005b38                RTC_Alarm_IRQHandler
 .text.memset   0x08005b3a       0x10 /Applications/STM32CubeIDE.app/Contents/Eclipse/plugins/com.st.stm32cube.ide.mcu.externaltools.gnu-tools-for-stm32.13.3.rel1.macos64_1.0.0.202411102158/tools/bin/../lib/gcc/arm-none-eabi/13.3.1/../../../../arm-none-eabi/lib/thumb/v7e-m+fp/hard/libc_nano.a(libc_a-memset.o)
                0x08005b3a                memset
 *fill*         0x08005b4a        0x2 
 .text.__libc_init_array
                0x08005b4c       0x48 /Applications/STM32CubeIDE.app/Contents/Eclipse/plugins/com.st.stm32cube.ide.mcu.externaltools.gnu-tools-for-stm32.13.3.rel1.macos64_1.0.0.202411102158/tools/bin/../lib/gcc/arm-none-eabi/13.3.1/../../../../arm-none-eabi/lib/thumb/v7e-m+fp/hard/libc_nano.a(libc_a-init.o)
                0x08005b4c                __libc_init_array
 .text.__retarget_lock_acquire_recursive
                0x08005b94        0x2 /Applications/STM32CubeIDE.app/Contents/Eclipse/plugins/com.st.stm32cube.ide.mcu.externaltools.gnu-tools-for-stm32.13.3.rel1.macos64_1.0.0.202411102158/tools/bin/../lib/gcc/arm-none-eabi/13.3.1/../../../../arm-none-eabi/lib/thumb/v7e-m+fp/hard/libc_nano.a(libc_a-lock.o)
                0x08005b94                __retarget_lock_acquire_recursive
 .text.__retarget_lock_release_recursive
                0x08005b96        0x2 /Applications/STM32CubeIDE.app/Contents/Eclipse/plugins/com.st.stm32cube.ide.mcu.externaltools.gnu-tools-for-stm32.13.3.rel1.macos64_1.0.0.202411102158/tools/bin/../lib/gcc/arm-none-eabi/13.3.1/../../../../arm-none-eabi/lib/thumb/v7e-m+fp/hard/libc_nano.a(libc_a-lock.o)
                0x08005b96                __retarget_lock_release_recursive
 .text._reclaim_reent
                0x08005b98       0xbc /Applications/STM32CubeIDE.app/Contents/Eclipse/plugins/com.st.stm32cube.ide.mcu.externaltools.gnu-tools-for-stm32.13.3.rel1.macos64_1.0.0.202411102158/tools/bin/../lib/gcc/arm-none-eabi/13.3.1/../../../../arm-none-eabi/lib/thumb/v7e-m+fp/hard/libc_nano.a(libc_a-reent.o)
                0x08005b98                _reclaim_reent
 .text.memcpy   0x08005c54       0x1c /Applications/STM32CubeIDE.app/Contents/Eclipse/plugins/com.st.stm32cube.ide.mcu.externaltools.gnu-tools-for-stm32.13.3.rel1.macos64_1.0.0.202411102158/tools/bin/../lib/gcc/arm-none-eabi/13.3.1/../../../../arm-none-eabi/lib/thumb/v7e-m+fp/hard/libc_nano.a(libc_a-memcpy-stub.o)
                0x08005c54                memcpy
 .text._free_r  0x08005c70       0x94 /Applications/STM32CubeIDE.app/Contents/Eclipse/plugins/com.st.stm32cube.ide.mcu.externaltools.gnu-tools-for-stm32.13.3.rel1.macos64_1.0.0.202411102158/tools/bin/../lib/gcc/arm-none-eabi/13.3.1/../../../../arm-none-eabi/lib/thumb/v7e-m+fp/hard/libc_nano.a(libc_a-freer.o)
                0x08005c70                _free_r
 .text.__malloc_lock
                0x08005d04        0xc /Applications/STM32CubeIDE.app/Contents/Eclipse/plugins/com.st.stm32cube.ide.mcu.externaltools.gnu-tools-for-stm32.13.3.rel1.macos64_1.0.0.202411102158/tools/bin/../lib/gcc/arm-none-eabi/13.3.1/../../../../arm-none-eabi/lib/thumb/v7e-m+fp/hard/libc_nano.a(libc_a-mlock.o)
                0x08005d04                __malloc_lock
 .text.__malloc_unlock
                0x08005d10        0xc /Applications/STM32CubeIDE.app/Contents/Eclipse/plugins/com.st.stm32cube.ide.mcu.externaltools.gnu-tools-for-stm32.13.3.rel1.macos64_1.0.0.202411102158/tools/bin/../lib/gcc/arm-none-eabi/13.3.1/../../../../arm-none-eabi/lib/thumb/v7e-m+fp/hard/libc_nano.a(libc_a-mlock.o)
                0x08005d10                __malloc_unlock
 *(.glue_7)
 .glue_7        0x08005d1c        0x0 linker stubs
 *(.glue_7t)
 .glue_7t       0x08005d1c        0x0 linker stubs
 *(.eh_frame)
 .eh_frame      0x08005d1c        0x0 /Applications/STM32CubeIDE.app/Contents/Eclipse/plugins/com.st.stm32cube.ide.mcu.externaltools.gnu-tools-for-stm32.13.3.rel1.macos64_1.0.0.202411102158/tools/bin/../lib/gcc/arm-none-eabi/13.3.1/thumb/v7e-m+fp/hard/crtbegin.o
 *(.init)
 .init          0x08005d1c        0x4 /Applications/STM32CubeIDE.app/Contents/Eclipse/plugins/com.st.stm32cube.ide.mcu.externaltools.gnu-tools-for-stm32.13.3.rel1.macos64_1.0.0.202411102158/tools/bin/../lib/gcc/arm-none-eabi/13.3.1/thumb/v7e-m+fp/hard/crti.o
                0x08005d1c                _init
 .init          0x08005d20        0x8 /Applications/STM32CubeIDE.app/Contents/Eclipse/plugins/com.st.stm32cube.ide.mcu.externaltools.gnu-tools-for-stm32.13.3.rel1.macos64_1.0.0.202411102158/tools/bin/../lib/gcc/arm-none-eabi/13.3.1/thumb/v7e-m+fp/hard/crtn.o
 *(.fini)
 .fini          0x08005d28        0x4 /Applications/STM32CubeIDE.app/Contents/Eclipse/plugins/com.st.stm32cube.ide.mcu.externaltools.gnu-tools-for-stm32.13.3.rel1.macos64_1.0.0.202411102158/tools/bin/../lib/gcc/arm-none-eabi/13.3.1/thumb/v7e-m+fp/hard/crti.o
                0x08005d28                _fini
 .fini          0x08005d2c        0x8 /Applications/STM32CubeIDE.app/Contents/Eclipse/plugins/com.st.stm32cube.ide.mcu.externaltools.gnu-tools-for-stm32.13.3.rel1.macos64_1.0.0.202411102158/tools/bin/../lib/gcc/arm-none-eabi/13.3.1/thumb/v7e-m+fp/hard/crtn.o
                0x08005d34                        . = ALIGN (0x4)
                0x08005d34                        _etext = .

.vfp11_veneer   0x08005d34        0x0
 .vfp11_veneer  0x08005d34        0x0 linker stubs

.v4_bx          0x08005d34        0x0
 .v4_bx         0x08005d34        0x0 linker stubs

.iplt           0x08005d34        0x0
 .iplt          0x08005d34        0x0 /Applications/STM32CubeIDE.app/Contents/Eclipse/plugins/com.st.stm32cube.ide.mcu.externaltools.gnu-tools-for-stm32.13.3.rel1.macos64_1.0.0.202411102158/tools/bin/../lib/gcc/arm-none-eabi/13.3.1/thumb/v7e-m+fp/hard/crtbegin.o

.rodata         0x08005d34       0x94
                0x08005d34                        . = ALIGN (0x4)
 *(.rodata)
 *(.rodata*)
 .rodata.CSWTCH.108
                0x08005d34        0x8 ./Drivers/STM32L4xx_HAL_Driver/Src/stm32l4xx_hal_adc.o
 .rodata.vTaskStartScheduler.str1.1
                0x08005d3c       0x1e ./Middlewares/Third_Party/FreeRTOS/Source/tasks.o
                                  0x5 (size before relaxing)
 .rodata.prvCheckForValidListAndQueue.str1.1
                0x08005d5a        0x5 ./Middlewares/Third_Party/FreeRTOS/Source/timers.o
 .rodata.xTimerCreateTimerTask.str1.1
                0x08005d5a        0x8 ./Middlewares/Third_Party/FreeRTOS/Source/timers.o
 .rodata.str1.1
                0x08005d5a        0xc ./Src/main.o
 *fill*         0x08005d5a        0x2 
 .rodata.defaultTask_attributes
                0x08005d5c       0x24 ./Src/main.o
                0x08005d5c                defaultTask_attributes
 .rodata.MSIRangeTable
                0x08005d80       0x30 ./Src/system_stm32l4xx.o
                0x08005d80                MSIRangeTable
 .rodata.APBPrescTable
                0x08005db0        0x8 ./Src/system_stm32l4xx.o
                0x08005db0                APBPrescTable
 .rodata.AHBPrescTable
                0x08005db8       0x10 ./Src/system_stm32l4xx.o
                0x08005db8                AHBPrescTable
                0x08005dc8                        . = ALIGN (0x4)

.rel.dyn        0x08005dc8        0x0
 .rel.iplt      0x08005dc8        0x0 /Applications/STM32CubeIDE.app/Contents/Eclipse/plugins/com.st.stm32cube.ide.mcu.externaltools.gnu-tools-for-stm32.13.3.rel1.macos64_1.0.0.202411102158/tools/bin/../lib/gcc/arm-none-eabi/13.3.1/thumb/v7e-m+fp/hard/crtbegin.o

.ARM.extab      0x08005dc8        0x0
                0x08005dc8                        . = ALIGN (0x4)
 *(.ARM.extab* .gnu.linkonce.armextab.*)
                0x08005dc8                        . = ALIGN (0x4)

.ARM            0x08005dc8        0x0
                0x08005dc8                        . = ALIGN (0x4)
                0x08005dc8                        __exidx_start = .
 *(.ARM.exidx*)
                0x08005dc8                        __exidx_end = .
                0x08005dc8                        . = ALIGN (0x4)

.preinit_array  0x08005dc8        0x0
                0x08005dc8                        . = ALIGN (0x4)
                0x08005dc8                        PROVIDE (__preinit_array_start = .)
 *(.preinit_array*)
                0x08005dc8                        PROVIDE (__preinit_array_end = .)
                0x08005dc8                        . = ALIGN (0x4)

.init_array     0x08005dc8        0x4
                0x08005dc8                        . = ALIGN (0x4)
                0x08005dc8                        PROVIDE (__init_array_start = .)
 *(SORT_BY_NAME(.init_array.*))
 *(.init_array*)
 .init_array    0x08005dc8        0x4 /Applications/STM32CubeIDE.app/Contents/Eclipse/plugins/com.st.stm32cube.ide.mcu.externaltools.gnu-tools-for-stm32.13.3.rel1.macos64_1.0.0.202411102158/tools/bin/../lib/gcc/arm-none-eabi/13.3.1/thumb/v7e-m+fp/hard/crtbegin.o
                0x08005dcc                        PROVIDE (__init_array_end = .)
                0x08005dcc                        . = ALIGN (0x4)

.fini_array     0x08005dcc        0x4
                0x08005dcc                        . = ALIGN (0x4)
                [!provide]                        PROVIDE (__fini_array_start = .)
 *(SORT_BY_NAME(.fini_array.*))
 *(.fini_array*)
 .fini_array    0x08005dcc        0x4 /Applications/STM32CubeIDE.app/Contents/Eclipse/plugins/com.st.stm32cube.ide.mcu.externaltools.gnu-tools-for-stm32.13.3.rel1.macos64_1.0.0.202411102158/tools/bin/../lib/gcc/arm-none-eabi/13.3.1/thumb/v7e-m+fp/hard/crtbegin.o
                [!provide]                        PROVIDE (__fini_array_end = .)
                0x08005dd0                        . = ALIGN (0x4)
                0x08005dd0                        _sidata = LOADADDR (.data)

.data           0x20000000       0x60 load address 0x08005dd0
                0x20000000                        . = ALIGN (0x4)
                0x20000000                        _sdata = .
 *(.data)
 *(.data*)
 .data.uwTickFreq
                0x20000000        0x1 ./Drivers/STM32L4xx_HAL_Driver/Src/stm32l4xx_hal.o
                0x20000000                uwTickFreq
 *fill*         0x20000001        0x3 
 .data.uwTickPrio
                0x20000004        0x4 ./Drivers/STM32L4xx_HAL_Driver/Src/stm32l4xx_hal.o
                0x20000004                uwTickPrio
 .data.uxCriticalNesting
                0x20000008        0x4 ./Middlewares/Third_Party/FreeRTOS/Source/portable/GCC/ARM_CM4F/port.o
 .data.SystemCoreClock
                0x2000000c        0x4 ./Src/system_stm32l4xx.o
                0x2000000c                SystemCoreClock
 .data._impure_ptr
                0x20000010        0x4 /Applications/STM32CubeIDE.app/Contents/Eclipse/plugins/com.st.stm32cube.ide.mcu.externaltools.gnu-tools-for-stm32.13.3.rel1.macos64_1.0.0.202411102158/tools/bin/../lib/gcc/arm-none-eabi/13.3.1/../../../../arm-none-eabi/lib/thumb/v7e-m+fp/hard/libc_nano.a(libc_a-impure.o)
                0x20000010                _impure_ptr
 .data._impure_data
                0x20000014       0x4c /Applications/STM32CubeIDE.app/Contents/Eclipse/plugins/com.st.stm32cube.ide.mcu.externaltools.gnu-tools-for-stm32.13.3.rel1.macos64_1.0.0.202411102158/tools/bin/../lib/gcc/arm-none-eabi/13.3.1/../../../../arm-none-eabi/lib/thumb/v7e-m+fp/hard/libc_nano.a(libc_a-impure.o)
                0x20000014                _impure_data
                0x20000060                        . = ALIGN (0x4)
                0x20000060                        _edata = .

.igot.plt       0x20000060        0x0 load address 0x08005e30
 .igot.plt      0x20000060        0x0 /Applications/STM32CubeIDE.app/Contents/Eclipse/plugins/com.st.stm32cube.ide.mcu.externaltools.gnu-tools-for-stm32.13.3.rel1.macos64_1.0.0.202411102158/tools/bin/../lib/gcc/arm-none-eabi/13.3.1/thumb/v7e-m+fp/hard/crtbegin.o
                0x20000060                        . = ALIGN (0x4)

.bss            0x20000060     0x2ee8 load address 0x08005e30
                0x20000060                        _sbss = .
                0x20000060                        __bss_start__ = _sbss
 *(.bss)
 .bss           0x20000060       0x1c /Applications/STM32CubeIDE.app/Contents/Eclipse/plugins/com.st.stm32cube.ide.mcu.externaltools.gnu-tools-for-stm32.13.3.rel1.macos64_1.0.0.202411102158/tools/bin/../lib/gcc/arm-none-eabi/13.3.1/thumb/v7e-m+fp/hard/crtbegin.o
 *(.bss*)
 .bss.uwTick    0x2000007c        0x4 ./Drivers/STM32L4xx_HAL_Driver/Src/stm32l4xx_hal.o
                0x2000007c                uwTick
 .bss.Timer_Stack.0
                0x20000080      0x400 ./Middlewares/Third_Party/FreeRTOS/Source/CMSIS_RTOS_V2/cmsis_os2.o
 .bss.Timer_TCB.1
                0x20000480       0xa8 ./Middlewares/Third_Party/FreeRTOS/Source/CMSIS_RTOS_V2/cmsis_os2.o
 .bss.Idle_Stack.2
                0x20000528      0x200 ./Middlewares/Third_Party/FreeRTOS/Source/CMSIS_RTOS_V2/cmsis_os2.o
 .bss.Idle_TCB.3
                0x20000728       0xa8 ./Middlewares/Third_Party/FreeRTOS/Source/CMSIS_RTOS_V2/cmsis_os2.o
 .bss.KernelState
                0x200007d0        0x4 ./Middlewares/Third_Party/FreeRTOS/Source/CMSIS_RTOS_V2/cmsis_os2.o
 .bss.xQueueRegistry
                0x200007d4       0x40 ./Middlewares/Third_Party/FreeRTOS/Source/queue.o
                0x200007d4                xQueueRegistry
 .bss.uxSchedulerSuspended
                0x20000814        0x4 ./Middlewares/Third_Party/FreeRTOS/Source/tasks.o
 .bss.xNextTaskUnblockTime
                0x20000818        0x4 ./Middlewares/Third_Party/FreeRTOS/Source/tasks.o
 .bss.uxTaskNumber
                0x2000081c        0x4 ./Middlewares/Third_Party/FreeRTOS/Source/tasks.o
 .bss.xNumOfOverflows
                0x20000820        0x4 ./Middlewares/Third_Party/FreeRTOS/Source/tasks.o
 .bss.xYieldPending
                0x20000824        0x4 ./Middlewares/Third_Party/FreeRTOS/Source/tasks.o
 .bss.xPendedTicks
                0x20000828        0x4 ./Middlewares/Third_Party/FreeRTOS/Source/tasks.o
 .bss.xSchedulerRunning
                0x2000082c        0x4 ./Middlewares/Third_Party/FreeRTOS/Source/tasks.o
 .bss.uxTopReadyPriority
                0x20000830        0x4 ./Middlewares/Third_Party/FreeRTOS/Source/tasks.o
 .bss.xTickCount
                0x20000834        0x4 ./Middlewares/Third_Party/FreeRTOS/Source/tasks.o
 .bss.uxCurrentNumberOfTasks
                0x20000838        0x4 ./Middlewares/Third_Party/FreeRTOS/Source/tasks.o
 .bss.xSuspendedTaskList
                0x2000083c       0x14 ./Middlewares/Third_Party/FreeRTOS/Source/tasks.o
 .bss.uxDeletedTasksWaitingCleanUp
                0x20000850        0x4 ./Middlewares/Third_Party/FreeRTOS/Source/tasks.o
 .bss.xTasksWaitingTermination
                0x20000854       0x14 ./Middlewares/Third_Party/FreeRTOS/Source/tasks.o
 .bss.xPendingReadyList
                0x20000868       0x14 ./Middlewares/Third_Party/FreeRTOS/Source/tasks.o
 .bss.pxOverflowDelayedTaskList
                0x2000087c        0x4 ./Middlewares/Third_Party/FreeRTOS/Source/tasks.o
 .bss.pxDelayedTaskList
                0x20000880        0x4 ./Middlewares/Third_Party/FreeRTOS/Source/tasks.o
 .bss.xDelayedTaskList2
                0x20000884       0x14 ./Middlewares/Third_Party/FreeRTOS/Source/tasks.o
 .bss.xDelayedTaskList1
                0x20000898       0x14 ./Middlewares/Third_Party/FreeRTOS/Source/tasks.o
 .bss.pxReadyTasksLists
                0x200008ac      0x460 ./Middlewares/Third_Party/FreeRTOS/Source/tasks.o
 .bss.pxCurrentTCB
                0x20000d0c        0x4 ./Middlewares/Third_Party/FreeRTOS/Source/tasks.o
                0x20000d0c                pxCurrentTCB
 .bss.xStaticTimerQueue.0
                0x20000d10       0x50 ./Middlewares/Third_Party/FreeRTOS/Source/timers.o
 .bss.ucStaticTimerQueueStorage.1
                0x20000d60       0xa0 ./Middlewares/Third_Party/FreeRTOS/Source/timers.o
 .bss.xLastTime.2
                0x20000e00        0x4 ./Middlewares/Third_Party/FreeRTOS/Source/timers.o
 .bss.xTimerTaskHandle
                0x20000e04        0x4 ./Middlewares/Third_Party/FreeRTOS/Source/timers.o
 .bss.xTimerQueue
                0x20000e08        0x4 ./Middlewares/Third_Party/FreeRTOS/Source/timers.o
 .bss.pxOverflowTimerList
                0x20000e0c        0x4 ./Middlewares/Third_Party/FreeRTOS/Source/timers.o
 .bss.pxCurrentTimerList
                0x20000e10        0x4 ./Middlewares/Third_Party/FreeRTOS/Source/timers.o
 .bss.xActiveTimerList2
                0x20000e14       0x14 ./Middlewares/Third_Party/FreeRTOS/Source/timers.o
 .bss.xActiveTimerList1
                0x20000e28       0x14 ./Middlewares/Third_Party/FreeRTOS/Source/timers.o
 .bss.ulMaxPRIGROUPValue
                0x20000e3c        0x4 ./Middlewares/Third_Party/FreeRTOS/Source/portable/GCC/ARM_CM4F/port.o
 .bss.ucMaxSysCallPriority
                0x20000e40        0x1 ./Middlewares/Third_Party/FreeRTOS/Source/portable/GCC/ARM_CM4F/port.o
 *fill*         0x20000e41        0x3 
 .bss.ulStoppedTimerCompensation
                0x20000e44        0x4 ./Middlewares/Third_Party/FreeRTOS/Source/portable/GCC/ARM_CM4F/port.o
 .bss.xMaximumPossibleSuppressedTicks
                0x20000e48        0x4 ./Middlewares/Third_Party/FreeRTOS/Source/portable/GCC/ARM_CM4F/port.o
 .bss.ulTimerCountsForOneTick
                0x20000e4c        0x4 ./Middlewares/Third_Party/FreeRTOS/Source/portable/GCC/ARM_CM4F/port.o
 .bss.xBlockAllocatedBit
                0x20000e50        0x4 ./Middlewares/Third_Party/FreeRTOS/Source/portable/MemMang/heap_4.o
 .bss.xNumberOfSuccessfulFrees
                0x20000e54        0x4 ./Middlewares/Third_Party/FreeRTOS/Source/portable/MemMang/heap_4.o
 .bss.xNumberOfSuccessfulAllocations
                0x20000e58        0x4 ./Middlewares/Third_Party/FreeRTOS/Source/portable/MemMang/heap_4.o
 .bss.xMinimumEverFreeBytesRemaining
                0x20000e5c        0x4 ./Middlewares/Third_Party/FreeRTOS/Source/portable/MemMang/heap_4.o
 .bss.xFreeBytesRemaining
                0x20000e60        0x4 ./Middlewares/Third_Party/FreeRTOS/Source/portable/MemMang/heap_4.o
 .bss.pxEnd     0x20000e64        0x4 ./Middlewares/Third_Party/FreeRTOS/Source/portable/MemMang/heap_4.o
 .bss.xStart    0x20000e68        0x8 ./Middlewares/Third_Party/FreeRTOS/Source/portable/MemMang/heap_4.o
 .bss.ucHeap    0x20000e70      0xbb8 ./Middlewares/Third_Party/FreeRTOS/Source/portable/MemMang/heap_4.o
 .bss.defaultTaskControlBlock
                0x20001a28       0xa8 ./Src/main.o
                0x20001a28                defaultTaskControlBlock
 .bss.defaultTaskBuffer
                0x20001ad0     0x1000 ./Src/main.o
                0x20001ad0                defaultTaskBuffer
 .bss.defaultTaskHandle
                0x20002ad0        0x4 ./Src/main.o
                0x20002ad0                defaultTaskHandle
 .bss.htim1     0x20002ad4       0xbc ./Src/main.o
                0x20002ad4                htim1
 .bss.hopamp2   0x20002b90       0x34 ./Src/main.o
                0x20002b90                hopamp2
 .bss.hopamp1   0x20002bc4       0x34 ./Src/main.o
                0x20002bc4                hopamp1
 .bss.hlcd      0x20002bf8       0x3c ./Src/main.o
                0x20002bf8                hlcd
 .bss.hdac1     0x20002c34       0x14 ./Src/main.o
                0x20002c34                hdac1
 .bss.hcomp1    0x20002c48       0x2c ./Src/main.o
                0x20002c48                hcomp1
 .bss.hadc3     0x20002c74       0x68 ./Src/main.o
                0x20002c74                hadc3
 .bss.hadc1     0x20002cdc       0x68 ./Src/main.o
                0x20002cdc                hadc1
 .bss.HAL_RCC_OPAMP_CLK_ENABLED
                0x20002d44        0x4 ./Src/stm32l4xx_hal_msp.o
 .bss.HAL_RCC_ADC_CLK_ENABLED
                0x20002d48        0x4 ./Src/stm32l4xx_hal_msp.o
 .bss.htim17    0x20002d4c       0xbc ./Src/stm32l4xx_hal_timebase_tim.o
                0x20002d4c                htim17
 .bss.__sf      0x20002e08      0x138 /Applications/STM32CubeIDE.app/Contents/Eclipse/plugins/com.st.stm32cube.ide.mcu.externaltools.gnu-tools-for-stm32.13.3.rel1.macos64_1.0.0.202411102158/tools/bin/../lib/gcc/arm-none-eabi/13.3.1/../../../../arm-none-eabi/lib/thumb/v7e-m+fp/hard/libc_nano.a(libc_a-findfp.o)
                0x20002e08                __sf
 .bss.__lock___malloc_recursive_mutex
                0x20002f40        0x1 /Applications/STM32CubeIDE.app/Contents/Eclipse/plugins/com.st.stm32cube.ide.mcu.externaltools.gnu-tools-for-stm32.13.3.rel1.macos64_1.0.0.202411102158/tools/bin/../lib/gcc/arm-none-eabi/13.3.1/../../../../arm-none-eabi/lib/thumb/v7e-m+fp/hard/libc_nano.a(libc_a-lock.o)
                0x20002f40                __lock___malloc_recursive_mutex
 *fill*         0x20002f41        0x3 
 .bss.__malloc_free_list
                0x20002f44        0x4 /Applications/STM32CubeIDE.app/Contents/Eclipse/plugins/com.st.stm32cube.ide.mcu.externaltools.gnu-tools-for-stm32.13.3.rel1.macos64_1.0.0.202411102158/tools/bin/../lib/gcc/arm-none-eabi/13.3.1/../../../../arm-none-eabi/lib/thumb/v7e-m+fp/hard/libc_nano.a(libc_a-mallocr.o)
                0x20002f44                __malloc_free_list
 *(COMMON)
                0x20002f48                        . = ALIGN (0x4)
                0x20002f48                        _ebss = .
                0x20002f48                        __bss_end__ = _ebss

._user_heap_stack
                0x20002f48      0x600 load address 0x08005e30
                0x20002f48                        . = ALIGN (0x8)
                [!provide]                        PROVIDE (end = .)
                0x20002f48                        PROVIDE (_end = .)
                0x20003148                        . = (. + _Min_Heap_Size)
 *fill*         0x20002f48      0x200 
                0x20003548                        . = (. + _Min_Stack_Size)
 *fill*         0x20003148      0x400 
                0x20003548                        . = ALIGN (0x8)

/DISCARD/
 libc.a(*)
 libm.a(*)
 libgcc.a(*)

.ARM.attributes
                0x00000000       0x30
 *(.ARM.attributes)
 .ARM.attributes
                0x00000000       0x22 /Applications/STM32CubeIDE.app/Contents/Eclipse/plugins/com.st.stm32cube.ide.mcu.externaltools.gnu-tools-for-stm32.13.3.rel1.macos64_1.0.0.202411102158/tools/bin/../lib/gcc/arm-none-eabi/13.3.1/thumb/v7e-m+fp/hard/crti.o
 .ARM.attributes
                0x00000022       0x34 /Applications/STM32CubeIDE.app/Contents/Eclipse/plugins/com.st.stm32cube.ide.mcu.externaltools.gnu-tools-for-stm32.13.3.rel1.macos64_1.0.0.202411102158/tools/bin/../lib/gcc/arm-none-eabi/13.3.1/thumb/v7e-m+fp/hard/crtbegin.o
 .ARM.attributes
                0x00000056       0x34 ./Drivers/STM32L4xx_HAL_Driver/Src/stm32l4xx_hal.o
 .ARM.attributes
                0x0000008a       0x34 ./Drivers/STM32L4xx_HAL_Driver/Src/stm32l4xx_hal_adc.o
 .ARM.attributes
                0x000000be       0x34 ./Drivers/STM32L4xx_HAL_Driver/Src/stm32l4xx_hal_adc_ex.o
 .ARM.attributes
                0x000000f2       0x34 ./Drivers/STM32L4xx_HAL_Driver/Src/stm32l4xx_hal_comp.o
 .ARM.attributes
                0x00000126       0x34 ./Drivers/STM32L4xx_HAL_Driver/Src/stm32l4xx_hal_cortex.o
 .ARM.attributes
                0x0000015a       0x34 ./Drivers/STM32L4xx_HAL_Driver/Src/stm32l4xx_hal_dac.o
 .ARM.attributes
                0x0000018e       0x34 ./Drivers/STM32L4xx_HAL_Driver/Src/stm32l4xx_hal_gpio.o
 .ARM.attributes
                0x000001c2       0x34 ./Drivers/STM32L4xx_HAL_Driver/Src/stm32l4xx_hal_lcd.o
 .ARM.attributes
                0x000001f6       0x34 ./Drivers/STM32L4xx_HAL_Driver/Src/stm32l4xx_hal_opamp.o
 .ARM.attributes
                0x0000022a       0x34 ./Drivers/STM32L4xx_HAL_Driver/Src/stm32l4xx_hal_pwr_ex.o
 .ARM.attributes
                0x0000025e       0x34 ./Drivers/STM32L4xx_HAL_Driver/Src/stm32l4xx_hal_rcc.o
 .ARM.attributes
                0x00000292       0x34 ./Drivers/STM32L4xx_HAL_Driver/Src/stm32l4xx_hal_rcc_ex.o
 .ARM.attributes
                0x000002c6       0x34 ./Drivers/STM32L4xx_HAL_Driver/Src/stm32l4xx_hal_tim.o
 .ARM.attributes
                0x000002fa       0x34 ./Drivers/STM32L4xx_HAL_Driver/Src/stm32l4xx_hal_tim_ex.o
 .ARM.attributes
                0x0000032e       0x34 ./Drivers/STM32L4xx_HAL_Driver/Src/stm32l4xx_ll_gpio.o
 .ARM.attributes
                0x00000362       0x34 ./Drivers/STM32L4xx_HAL_Driver/Src/stm32l4xx_ll_tim.o
 .ARM.attributes
                0x00000396       0x34 ./Middlewares/Third_Party/FreeRTOS/Source/CMSIS_RTOS_V2/cmsis_os2.o
 .ARM.attributes
                0x000003ca       0x34 ./Middlewares/Third_Party/FreeRTOS/Source/list.o
 .ARM.attributes
                0x000003fe       0x34 ./Middlewares/Third_Party/FreeRTOS/Source/queue.o
 .ARM.attributes
                0x00000432       0x34 ./Middlewares/Third_Party/FreeRTOS/Source/tasks.o
 .ARM.attributes
                0x00000466       0x34 ./Middlewares/Third_Party/FreeRTOS/Source/timers.o
 .ARM.attributes
                0x0000049a       0x34 ./Middlewares/Third_Party/FreeRTOS/Source/portable/GCC/ARM_CM4F/port.o
 .ARM.attributes
                0x000004ce       0x34 ./Middlewares/Third_Party/FreeRTOS/Source/portable/MemMang/heap_4.o
 .ARM.attributes
                0x00000502       0x34 ./Src/application.o
 .ARM.attributes
                0x00000536       0x34 ./Src/freertos.o
 .ARM.attributes
                0x0000056a       0x34 ./Src/io.o
 .ARM.attributes
                0x0000059e       0x34 ./Src/main.o
 .ARM.attributes
                0x000005d2       0x34 ./Src/stm32l4xx_hal_msp.o
 .ARM.attributes
                0x00000606       0x34 ./Src/stm32l4xx_hal_timebase_tim.o
 .ARM.attributes
                0x0000063a       0x34 ./Src/stm32l4xx_it.o
 .ARM.attributes
                0x0000066e       0x34 ./Src/system_stm32l4xx.o
 .ARM.attributes
                0x000006a2       0x21 ./Startup/startup_stm32l496vetx.o
 .ARM.attributes
                0x000006c3       0x34 /Applications/STM32CubeIDE.app/Contents/Eclipse/plugins/com.st.stm32cube.ide.mcu.externaltools.gnu-tools-for-stm32.13.3.rel1.macos64_1.0.0.202411102158/tools/bin/../lib/gcc/arm-none-eabi/13.3.1/../../../../arm-none-eabi/lib/thumb/v7e-m+fp/hard/libc_nano.a(libc_a-findfp.o)
 .ARM.attributes
                0x000006f7       0x34 /Applications/STM32CubeIDE.app/Contents/Eclipse/plugins/com.st.stm32cube.ide.mcu.externaltools.gnu-tools-for-stm32.13.3.rel1.macos64_1.0.0.202411102158/tools/bin/../lib/gcc/arm-none-eabi/13.3.1/../../../../arm-none-eabi/lib/thumb/v7e-m+fp/hard/libc_nano.a(libc_a-memset.o)
 .ARM.attributes
                0x0000072b       0x34 /Applications/STM32CubeIDE.app/Contents/Eclipse/plugins/com.st.stm32cube.ide.mcu.externaltools.gnu-tools-for-stm32.13.3.rel1.macos64_1.0.0.202411102158/tools/bin/../lib/gcc/arm-none-eabi/13.3.1/../../../../arm-none-eabi/lib/thumb/v7e-m+fp/hard/libc_nano.a(libc_a-init.o)
 .ARM.attributes
                0x0000075f       0x34 /Applications/STM32CubeIDE.app/Contents/Eclipse/plugins/com.st.stm32cube.ide.mcu.externaltools.gnu-tools-for-stm32.13.3.rel1.macos64_1.0.0.202411102158/tools/bin/../lib/gcc/arm-none-eabi/13.3.1/../../../../arm-none-eabi/lib/thumb/v7e-m+fp/hard/libc_nano.a(libc_a-lock.o)
 .ARM.attributes
                0x00000793       0x34 /Applications/STM32CubeIDE.app/Contents/Eclipse/plugins/com.st.stm32cube.ide.mcu.externaltools.gnu-tools-for-stm32.13.3.rel1.macos64_1.0.0.202411102158/tools/bin/../lib/gcc/arm-none-eabi/13.3.1/../../../../arm-none-eabi/lib/thumb/v7e-m+fp/hard/libc_nano.a(libc_a-reent.o)
 .ARM.attributes
                0x000007c7       0x34 /Applications/STM32CubeIDE.app/Contents/Eclipse/plugins/com.st.stm32cube.ide.mcu.externaltools.gnu-tools-for-stm32.13.3.rel1.macos64_1.0.0.202411102158/tools/bin/../lib/gcc/arm-none-eabi/13.3.1/../../../../arm-none-eabi/lib/thumb/v7e-m+fp/hard/libc_nano.a(libc_a-impure.o)
 .ARM.attributes
                0x000007fb       0x34 /Applications/STM32CubeIDE.app/Contents/Eclipse/plugins/com.st.stm32cube.ide.mcu.externaltools.gnu-tools-for-stm32.13.3.rel1.macos64_1.0.0.202411102158/tools/bin/../lib/gcc/arm-none-eabi/13.3.1/../../../../arm-none-eabi/lib/thumb/v7e-m+fp/hard/libc_nano.a(libc_a-memcpy-stub.o)
 .ARM.attributes
                0x0000082f       0x34 /Applications/STM32CubeIDE.app/Contents/Eclipse/plugins/com.st.stm32cube.ide.mcu.externaltools.gnu-tools-for-stm32.13.3.rel1.macos64_1.0.0.202411102158/tools/bin/../lib/gcc/arm-none-eabi/13.3.1/../../../../arm-none-eabi/lib/thumb/v7e-m+fp/hard/libc_nano.a(libc_a-freer.o)
 .ARM.attributes
                0x00000863       0x34 /Applications/STM32CubeIDE.app/Contents/Eclipse/plugins/com.st.stm32cube.ide.mcu.externaltools.gnu-tools-for-stm32.13.3.rel1.macos64_1.0.0.202411102158/tools/bin/../lib/gcc/arm-none-eabi/13.3.1/../../../../arm-none-eabi/lib/thumb/v7e-m+fp/hard/libc_nano.a(libc_a-mallocr.o)
 .ARM.attributes
                0x00000897       0x34 /Applications/STM32CubeIDE.app/Contents/Eclipse/plugins/com.st.stm32cube.ide.mcu.externaltools.gnu-tools-for-stm32.13.3.rel1.macos64_1.0.0.202411102158/tools/bin/../lib/gcc/arm-none-eabi/13.3.1/../../../../arm-none-eabi/lib/thumb/v7e-m+fp/hard/libc_nano.a(libc_a-mlock.o)
 .ARM.attributes
                0x000008cb       0x22 /Applications/STM32CubeIDE.app/Contents/Eclipse/plugins/com.st.stm32cube.ide.mcu.externaltools.gnu-tools-for-stm32.13.3.rel1.macos64_1.0.0.202411102158/tools/bin/../lib/gcc/arm-none-eabi/13.3.1/thumb/v7e-m+fp/hard/crtn.o
OUTPUT(virtlab-user-iese-fw2.elf elf32-littlearm)
LOAD linker stubs
LOAD /Applications/STM32CubeIDE.app/Contents/Eclipse/plugins/com.st.stm32cube.ide.mcu.externaltools.gnu-tools-for-stm32.13.3.rel1.macos64_1.0.0.202411102158/tools/bin/../lib/gcc/arm-none-eabi/13.3.1/../../../../arm-none-eabi/lib/thumb/v7e-m+fp/hard/libc.a
LOAD /Applications/STM32CubeIDE.app/Contents/Eclipse/plugins/com.st.stm32cube.ide.mcu.externaltools.gnu-tools-for-stm32.13.3.rel1.macos64_1.0.0.202411102158/tools/bin/../lib/gcc/arm-none-eabi/13.3.1/../../../../arm-none-eabi/lib/thumb/v7e-m+fp/hard/libm.a
LOAD /Applications/STM32CubeIDE.app/Contents/Eclipse/plugins/com.st.stm32cube.ide.mcu.externaltools.gnu-tools-for-stm32.13.3.rel1.macos64_1.0.0.202411102158/tools/bin/../lib/gcc/arm-none-eabi/13.3.1/thumb/v7e-m+fp/hard/libgcc.a

.comment        0x00000000       0x43
 .comment       0x00000000       0x43 ./Drivers/STM32L4xx_HAL_Driver/Src/stm32l4xx_hal.o
                                 0x44 (size before relaxing)
 .comment       0x00000043       0x44 ./Drivers/STM32L4xx_HAL_Driver/Src/stm32l4xx_hal_adc.o
 .comment       0x00000043       0x44 ./Drivers/STM32L4xx_HAL_Driver/Src/stm32l4xx_hal_adc_ex.o
 .comment       0x00000043       0x44 ./Drivers/STM32L4xx_HAL_Driver/Src/stm32l4xx_hal_comp.o
 .comment       0x00000043       0x44 ./Drivers/STM32L4xx_HAL_Driver/Src/stm32l4xx_hal_cortex.o
 .comment       0x00000043       0x44 ./Drivers/STM32L4xx_HAL_Driver/Src/stm32l4xx_hal_dac.o
 .comment       0x00000043       0x44 ./Drivers/STM32L4xx_HAL_Driver/Src/stm32l4xx_hal_gpio.o
 .comment       0x00000043       0x44 ./Drivers/STM32L4xx_HAL_Driver/Src/stm32l4xx_hal_lcd.o
 .comment       0x00000043       0x44 ./Drivers/STM32L4xx_HAL_Driver/Src/stm32l4xx_hal_opamp.o
 .comment       0x00000043       0x44 ./Drivers/STM32L4xx_HAL_Driver/Src/stm32l4xx_hal_pwr_ex.o
 .comment       0x00000043       0x44 ./Drivers/STM32L4xx_HAL_Driver/Src/stm32l4xx_hal_rcc.o
 .comment       0x00000043       0x44 ./Drivers/STM32L4xx_HAL_Driver/Src/stm32l4xx_hal_rcc_ex.o
 .comment       0x00000043       0x44 ./Drivers/STM32L4xx_HAL_Driver/Src/stm32l4xx_hal_tim.o
 .comment       0x00000043       0x44 ./Drivers/STM32L4xx_HAL_Driver/Src/stm32l4xx_hal_tim_ex.o
 .comment       0x00000043       0x44 ./Drivers/STM32L4xx_HAL_Driver/Src/stm32l4xx_ll_gpio.o
 .comment       0x00000043       0x44 ./Drivers/STM32L4xx_HAL_Driver/Src/stm32l4xx_ll_tim.o
 .comment       0x00000043       0x44 ./Middlewares/Third_Party/FreeRTOS/Source/CMSIS_RTOS_V2/cmsis_os2.o
 .comment       0x00000043       0x44 ./Middlewares/Third_Party/FreeRTOS/Source/list.o
 .comment       0x00000043       0x44 ./Middlewares/Third_Party/FreeRTOS/Source/queue.o
 .comment       0x00000043       0x44 ./Middlewares/Third_Party/FreeRTOS/Source/tasks.o
 .comment       0x00000043       0x44 ./Middlewares/Third_Party/FreeRTOS/Source/timers.o
 .comment       0x00000043       0x44 ./Middlewares/Third_Party/FreeRTOS/Source/portable/GCC/ARM_CM4F/port.o
 .comment       0x00000043       0x44 ./Middlewares/Third_Party/FreeRTOS/Source/portable/MemMang/heap_4.o
 .comment       0x00000043       0x44 ./Src/application.o
 .comment       0x00000043       0x44 ./Src/freertos.o
 .comment       0x00000043       0x44 ./Src/io.o
 .comment       0x00000043       0x44 ./Src/main.o
 .comment       0x00000043       0x44 ./Src/stm32l4xx_hal_msp.o
 .comment       0x00000043       0x44 ./Src/stm32l4xx_hal_timebase_tim.o
 .comment       0x00000043       0x44 ./Src/stm32l4xx_it.o
 .comment       0x00000043       0x44 ./Src/system_stm32l4xx.o

.debug_frame    0x00000000      0x358
 .debug_frame   0x00000000      0x144 /Applications/STM32CubeIDE.app/Contents/Eclipse/plugins/com.st.stm32cube.ide.mcu.externaltools.gnu-tools-for-stm32.13.3.rel1.macos64_1.0.0.202411102158/tools/bin/../lib/gcc/arm-none-eabi/13.3.1/../../../../arm-none-eabi/lib/thumb/v7e-m+fp/hard/libc_nano.a(libc_a-findfp.o)
 .debug_frame   0x00000144       0x20 /Applications/STM32CubeIDE.app/Contents/Eclipse/plugins/com.st.stm32cube.ide.mcu.externaltools.gnu-tools-for-stm32.13.3.rel1.macos64_1.0.0.202411102158/tools/bin/../lib/gcc/arm-none-eabi/13.3.1/../../../../arm-none-eabi/lib/thumb/v7e-m+fp/hard/libc_nano.a(libc_a-memset.o)
 .debug_frame   0x00000164       0x2c /Applications/STM32CubeIDE.app/Contents/Eclipse/plugins/com.st.stm32cube.ide.mcu.externaltools.gnu-tools-for-stm32.13.3.rel1.macos64_1.0.0.202411102158/tools/bin/../lib/gcc/arm-none-eabi/13.3.1/../../../../arm-none-eabi/lib/thumb/v7e-m+fp/hard/libc_nano.a(libc_a-init.o)
 .debug_frame   0x00000190       0xb0 /Applications/STM32CubeIDE.app/Contents/Eclipse/plugins/com.st.stm32cube.ide.mcu.externaltools.gnu-tools-for-stm32.13.3.rel1.macos64_1.0.0.202411102158/tools/bin/../lib/gcc/arm-none-eabi/13.3.1/../../../../arm-none-eabi/lib/thumb/v7e-m+fp/hard/libc_nano.a(libc_a-lock.o)
 .debug_frame   0x00000240       0x38 /Applications/STM32CubeIDE.app/Contents/Eclipse/plugins/com.st.stm32cube.ide.mcu.externaltools.gnu-tools-for-stm32.13.3.rel1.macos64_1.0.0.202411102158/tools/bin/../lib/gcc/arm-none-eabi/13.3.1/../../../../arm-none-eabi/lib/thumb/v7e-m+fp/hard/libc_nano.a(libc_a-reent.o)
 .debug_frame   0x00000278       0x28 /Applications/STM32CubeIDE.app/Contents/Eclipse/plugins/com.st.stm32cube.ide.mcu.externaltools.gnu-tools-for-stm32.13.3.rel1.macos64_1.0.0.202411102158/tools/bin/../lib/gcc/arm-none-eabi/13.3.1/../../../../arm-none-eabi/lib/thumb/v7e-m+fp/hard/libc_nano.a(libc_a-memcpy-stub.o)
 .debug_frame   0x000002a0       0x38 /Applications/STM32CubeIDE.app/Contents/Eclipse/plugins/com.st.stm32cube.ide.mcu.externaltools.gnu-tools-for-stm32.13.3.rel1.macos64_1.0.0.202411102158/tools/bin/../lib/gcc/arm-none-eabi/13.3.1/../../../../arm-none-eabi/lib/thumb/v7e-m+fp/hard/libc_nano.a(libc_a-freer.o)
 .debug_frame   0x000002d8       0x50 /Applications/STM32CubeIDE.app/Contents/Eclipse/plugins/com.st.stm32cube.ide.mcu.externaltools.gnu-tools-for-stm32.13.3.rel1.macos64_1.0.0.202411102158/tools/bin/../lib/gcc/arm-none-eabi/13.3.1/../../../../arm-none-eabi/lib/thumb/v7e-m+fp/hard/libc_nano.a(libc_a-mallocr.o)
 .debug_frame   0x00000328       0x30 /Applications/STM32CubeIDE.app/Contents/Eclipse/plugins/com.st.stm32cube.ide.mcu.externaltools.gnu-tools-for-stm32.13.3.rel1.macos64_1.0.0.202411102158/tools/bin/../lib/gcc/arm-none-eabi/13.3.1/../../../../arm-none-eabi/lib/thumb/v7e-m+fp/hard/libc_nano.a(libc_a-mlock.o)
